STAR-suite version=1.8.2
STAR upstream version=2.7.11b
STAR genome compatibility version=2.7.4a
STAR-suite source revision=680eb963a61f8ccdf9b2a199577e98f49daf79c6-dirty
STAR compilation time,server,dir=2026-09-04T11:40:02+00:00 :/mnt/pikachu/STAR-suite-bgzf-opt-20260904/core/legacy/source
STAR git: On branch perf-bgzf-reader ; commit 680eb963a61f8ccdf9b2a199577e98f49daf79c6 ; diff files: core/legacy/source/FlexPipeline.cpp 
##### Command Line:
/mnt/pikachu/STAR-suite-bgzf-opt-20260904/core/legacy/source/STAR --runThreadN 32 --genomeDir /home/lhhung/jax_stage_20260903/ref/star_index --soloType CB_UMI_Simple --soloCBstart 1 --soloUMIstart 17 --soloCBlen 16 --soloUMIlen 12 --soloBarcodeReadLength 0 --soloCBwhitelist /home/lhhung/jax_stage_20260903/ref/737K-fixed-rna-profiling.txt --flex yes --soloFlexExpectedCellsPerTag 3000 --soloSampleWhitelist /home/lhhung/jax_stage_20260903/ref/sample_whitelist_full_16.tsv --soloProbeList /home/lhhung/jax_stage_20260903/ref/star_index/flex_probe_artifacts/probe_list.txt --soloSampleProbes /home/lhhung/jax_stage_20260903/ref/probe-barcodes-fixed-rna-profiling-rna.txt --soloSampleProbeOffset 68 --soloFlexAllowedTags /home/lhhung/jax_stage_20260903/ref/sample_whitelist_full_16.tsv --soloFlexOutputPrefix /home/lhhung/jax_gzip_reader_fastpath_20260904/gzip_noalign_rep1_20260904T114311Z/per_sample --limitIObufferSize 50000000 50000000 --outSJtype None --outSAMtype None --outSAMattributes None --soloFeatures Gene --soloCellFilter None --soloMultiMappers Rescue --soloCBmatchWLtype 1MM_multi_Nbase_pseudocounts --soloUMIfiltering MultiGeneUMI_CR --soloUMIdedup 1MM_CR --soloStrand Unstranded --clipAdapterType CellRanger4 --alignEndsType Local --chimSegmentMin 0 --soloKeysCompat cr --soloSampleSearchNearby no --soloHashScreenFile /home/lhhung/jax_stage_20260903/ref/h01_cache.bin --soloBucketMode ram --soloBucketCount 256 --flexPipeline yes --flexPipelineNTriage 0 --flexPipelineNSolo 0 --flexNoAlign 1 --dynamicThreadInterface 1 --crAssignConsumerThreads -1 --crAssignSearchThreads 1 --outFileNamePrefix /home/lhhung/jax_gzip_reader_fastpath_20260904/gzip_noalign_rep1_20260904T114311Z/ --readFilesBgzfMode off --readFilesIn /home/lhhung/jax_stage_20260903/fastq/SC2300771_GT23-14630_GATAATACCG-TTTACGTGGT_S5_L001_R2_001.fastq.gz,/home/lhhung/jax_stage_20260903/fastq/SC2300771_GT23-14630_GATAATACCG-TTTACGTGGT_S5_L002_R2_001.fastq.gz,/home/lhhung/jax_stage_20260903/fastq/SC2300771_GT23-14630_GATAATACCG-TTTACGTGGT_S5_L003_R2_001.fastq.gz,/home/lhhung/jax_stage_20260903/fastq/SC2300771_GT23-14630_GATAATACCG-TTTACGTGGT_S5_L004_R2_001.fastq.gz,/home/lhhung/jax_stage_20260903/fastq/SC2300771_GT23-14630_GATAATACCG-TTTACGTGGT_S5_L005_R2_001.fastq.gz,/home/lhhung/jax_stage_20260903/fastq/SC2300771_GT23-14630_GATAATACCG-TTTACGTGGT_S5_L006_R2_001.fastq.gz,/home/lhhung/jax_stage_20260903/fastq/SC2300771_GT23-14630_GATAATACCG-TTTACGTGGT_S5_L007_R2_001.fastq.gz,/home/lhhung/jax_stage_20260903/fastq/SC2300771_GT23-14630_GATAATACCG-TTTACGTGGT_S5_L008_R2_001.fastq.gz /home/lhhung/jax_stage_20260903/fastq/SC2300771_GT23-14630_GATAATACCG-TTTACGTGGT_S5_L001_R1_001.fastq.gz,/home/lhhung/jax_stage_20260903/fastq/SC2300771_GT23-14630_GATAATACCG-TTTACGTGGT_S5_L002_R1_001.fastq.gz,/home/lhhung/jax_stage_20260903/fastq/SC2300771_GT23-14630_GATAATACCG-TTTACGTGGT_S5_L003_R1_001.fastq.gz,/home/lhhung/jax_stage_20260903/fastq/SC2300771_GT23-14630_GATAATACCG-TTTACGTGGT_S5_L004_R1_001.fastq.gz,/home/lhhung/jax_stage_20260903/fastq/SC2300771_GT23-14630_GATAATACCG-TTTACGTGGT_S5_L005_R1_001.fastq.gz,/home/lhhung/jax_stage_20260903/fastq/SC2300771_GT23-14630_GATAATACCG-TTTACGTGGT_S5_L006_R1_001.fastq.gz,/home/lhhung/jax_stage_20260903/fastq/SC2300771_GT23-14630_GATAATACCG-TTTACGTGGT_S5_L007_R1_001.fastq.gz,/home/lhhung/jax_stage_20260903/fastq/SC2300771_GT23-14630_GATAATACCG-TTTACGTGGT_S5_L008_R1_001.fastq.gz
##### Initial USER parameters from Command Line:
outFileNamePrefix                 /home/lhhung/jax_gzip_reader_fastpath_20260904/gzip_noalign_rep1_20260904T114311Z/
###### All USER parameters from Command Line:
runThreadN                    32     ~RE-DEFINED
genomeDir                     /home/lhhung/jax_stage_20260903/ref/star_index     ~RE-DEFINED
soloType                      CB_UMI_Simple     ~RE-DEFINED
soloCBstart                   1     ~RE-DEFINED
soloUMIstart                  17     ~RE-DEFINED
soloCBlen                     16     ~RE-DEFINED
soloUMIlen                    12     ~RE-DEFINED
soloBarcodeReadLength         0     ~RE-DEFINED
soloCBwhitelist               /home/lhhung/jax_stage_20260903/ref/737K-fixed-rna-profiling.txt        ~RE-DEFINED
flex                          yes     ~RE-DEFINED
soloFlexExpectedCellsPerTag   3000     ~RE-DEFINED
soloSampleWhitelist           /home/lhhung/jax_stage_20260903/ref/sample_whitelist_full_16.tsv     ~RE-DEFINED
soloProbeList                 /home/lhhung/jax_stage_20260903/ref/star_index/flex_probe_artifacts/probe_list.txt     ~RE-DEFINED
soloSampleProbes              /home/lhhung/jax_stage_20260903/ref/probe-barcodes-fixed-rna-profiling-rna.txt     ~RE-DEFINED
soloSampleProbeOffset         68     ~RE-DEFINED
soloFlexAllowedTags           /home/lhhung/jax_stage_20260903/ref/sample_whitelist_full_16.tsv     ~RE-DEFINED
soloFlexOutputPrefix          /home/lhhung/jax_gzip_reader_fastpath_20260904/gzip_noalign_rep1_20260904T114311Z/per_sample     ~RE-DEFINED
limitIObufferSize             50000000   50000000        ~RE-DEFINED
outSJtype                     None        ~RE-DEFINED
outSAMtype                    None        ~RE-DEFINED
outSAMattributes              None        ~RE-DEFINED
soloFeatures                  Gene        ~RE-DEFINED
soloCellFilter                None        ~RE-DEFINED
soloMultiMappers              Rescue        ~RE-DEFINED
soloCBmatchWLtype             1MM_multi_Nbase_pseudocounts     ~RE-DEFINED
soloUMIfiltering              MultiGeneUMI_CR        ~RE-DEFINED
soloUMIdedup                  1MM_CR        ~RE-DEFINED
soloStrand                    Unstranded     ~RE-DEFINED
clipAdapterType               CellRanger4        ~RE-DEFINED
alignEndsType                 Local     ~RE-DEFINED
chimSegmentMin                0     ~RE-DEFINED
soloKeysCompat                cr     ~RE-DEFINED
soloSampleSearchNearby        no     ~RE-DEFINED
soloHashScreenFile            /home/lhhung/jax_stage_20260903/ref/h01_cache.bin     ~RE-DEFINED
soloBucketMode                ram     ~RE-DEFINED
soloBucketCount               256     ~RE-DEFINED
flexPipeline                  yes     ~RE-DEFINED
flexPipelineNTriage           0     ~RE-DEFINED
flexPipelineNSolo             0     ~RE-DEFINED
flexNoAlign                   1     ~RE-DEFINED
dynamicThreadInterface        1     ~RE-DEFINED
crAssignConsumerThreads       -1     ~RE-DEFINED
crAssignSearchThreads         1     ~RE-DEFINED
outFileNamePrefix             /home/lhhung/jax_gzip_reader_fastpath_20260904/gzip_noalign_rep1_20260904T114311Z/     ~RE-DEFINED
readFilesBgzfMode             off     ~RE-DEFINED
readFilesIn                   /home/lhhung/jax_stage_20260903/fastq/SC2300771_GT23-14630_GATAATACCG-TTTACGTGGT_S5_L001_R2_001.fastq.gz,/home/lhhung/jax_stage_20260903/fastq/SC2300771_GT23-14630_GATAATACCG-TTTACGTGGT_S5_L002_R2_001.fastq.gz,/home/lhhung/jax_stage_20260903/fastq/SC2300771_GT23-14630_GATAATACCG-TTTACGTGGT_S5_L003_R2_001.fastq.gz,/home/lhhung/jax_stage_20260903/fastq/SC2300771_GT23-14630_GATAATACCG-TTTACGTGGT_S5_L004_R2_001.fastq.gz,/home/lhhung/jax_stage_20260903/fastq/SC2300771_GT23-14630_GATAATACCG-TTTACGTGGT_S5_L005_R2_001.fastq.gz,/home/lhhung/jax_stage_20260903/fastq/SC2300771_GT23-14630_GATAATACCG-TTTACGTGGT_S5_L006_R2_001.fastq.gz,/home/lhhung/jax_stage_20260903/fastq/SC2300771_GT23-14630_GATAATACCG-TTTACGTGGT_S5_L007_R2_001.fastq.gz,/home/lhhung/jax_stage_20260903/fastq/SC2300771_GT23-14630_GATAATACCG-TTTACGTGGT_S5_L008_R2_001.fastq.gz   /home/lhhung/jax_stage_20260903/fastq/SC2300771_GT23-14630_GATAATACCG-TTTACGTGGT_S5_L001_R1_001.fastq.gz,/home/lhhung/jax_stage_20260903/fastq/SC2300771_GT23-14630_GATAATACCG-TTTACGTGGT_S5_L002_R1_001.fastq.gz,/home/lhhung/jax_stage_20260903/fastq/SC2300771_GT23-14630_GATAATACCG-TTTACGTGGT_S5_L003_R1_001.fastq.gz,/home/lhhung/jax_stage_20260903/fastq/SC2300771_GT23-14630_GATAATACCG-TTTACGTGGT_S5_L004_R1_001.fastq.gz,/home/lhhung/jax_stage_20260903/fastq/SC2300771_GT23-14630_GATAATACCG-TTTACGTGGT_S5_L005_R1_001.fastq.gz,/home/lhhung/jax_stage_20260903/fastq/SC2300771_GT23-14630_GATAATACCG-TTTACGTGGT_S5_L006_R1_001.fastq.gz,/home/lhhung/jax_stage_20260903/fastq/SC2300771_GT23-14630_GATAATACCG-TTTACGTGGT_S5_L007_R1_001.fastq.gz,/home/lhhung/jax_stage_20260903/fastq/SC2300771_GT23-14630_GATAATACCG-TTTACGTGGT_S5_L008_R1_001.fastq.gz        ~RE-DEFINED
##### Finished reading parameters from all sources

##### Final user re-defined parameters-----------------:
runThreadN                        32
dynamicThreadInterface            1
genomeDir                         /home/lhhung/jax_stage_20260903/ref/star_index
readFilesIn                       /home/lhhung/jax_stage_20260903/fastq/SC2300771_GT23-14630_GATAATACCG-TTTACGTGGT_S5_L001_R2_001.fastq.gz,/home/lhhung/jax_stage_20260903/fastq/SC2300771_GT23-14630_GATAATACCG-TTTACGTGGT_S5_L002_R2_001.fastq.gz,/home/lhhung/jax_stage_20260903/fastq/SC2300771_GT23-14630_GATAATACCG-TTTACGTGGT_S5_L003_R2_001.fastq.gz,/home/lhhung/jax_stage_20260903/fastq/SC2300771_GT23-14630_GATAATACCG-TTTACGTGGT_S5_L004_R2_001.fastq.gz,/home/lhhung/jax_stage_20260903/fastq/SC2300771_GT23-14630_GATAATACCG-TTTACGTGGT_S5_L005_R2_001.fastq.gz,/home/lhhung/jax_stage_20260903/fastq/SC2300771_GT23-14630_GATAATACCG-TTTACGTGGT_S5_L006_R2_001.fastq.gz,/home/lhhung/jax_stage_20260903/fastq/SC2300771_GT23-14630_GATAATACCG-TTTACGTGGT_S5_L007_R2_001.fastq.gz,/home/lhhung/jax_stage_20260903/fastq/SC2300771_GT23-14630_GATAATACCG-TTTACGTGGT_S5_L008_R2_001.fastq.gz   /home/lhhung/jax_stage_20260903/fastq/SC2300771_GT23-14630_GATAATACCG-TTTACGTGGT_S5_L001_R1_001.fastq.gz,/home/lhhung/jax_stage_20260903/fastq/SC2300771_GT23-14630_GATAATACCG-TTTACGTGGT_S5_L002_R1_001.fastq.gz,/home/lhhung/jax_stage_20260903/fastq/SC2300771_GT23-14630_GATAATACCG-TTTACGTGGT_S5_L003_R1_001.fastq.gz,/home/lhhung/jax_stage_20260903/fastq/SC2300771_GT23-14630_GATAATACCG-TTTACGTGGT_S5_L004_R1_001.fastq.gz,/home/lhhung/jax_stage_20260903/fastq/SC2300771_GT23-14630_GATAATACCG-TTTACGTGGT_S5_L005_R1_001.fastq.gz,/home/lhhung/jax_stage_20260903/fastq/SC2300771_GT23-14630_GATAATACCG-TTTACGTGGT_S5_L006_R1_001.fastq.gz,/home/lhhung/jax_stage_20260903/fastq/SC2300771_GT23-14630_GATAATACCG-TTTACGTGGT_S5_L007_R1_001.fastq.gz,/home/lhhung/jax_stage_20260903/fastq/SC2300771_GT23-14630_GATAATACCG-TTTACGTGGT_S5_L008_R1_001.fastq.gz   
readFilesBgzfMode                 off
limitIObufferSize                 50000000   50000000   
outFileNamePrefix                 /home/lhhung/jax_gzip_reader_fastpath_20260904/gzip_noalign_rep1_20260904T114311Z/
outSAMtype                        None   
outSAMattributes                  None   
outSJtype                         None   
clipAdapterType                   CellRanger4   
alignEndsType                     Local
chimSegmentMin                    0
soloType                          CB_UMI_Simple
soloCBstart                       1
soloUMIstart                      17
soloCBlen                         16
soloUMIlen                        12
soloBarcodeReadLength             0
soloCBwhitelist                   /home/lhhung/jax_stage_20260903/ref/737K-fixed-rna-profiling.txt   
soloStrand                        Unstranded
soloFeatures                      Gene   
soloUMIdedup                      1MM_CR   
soloCBmatchWLtype                 1MM_multi_Nbase_pseudocounts
soloCellFilter                    None   
soloUMIfiltering                  MultiGeneUMI_CR   
soloMultiMappers                  Rescue   
soloKeysCompat                    cr
soloProbeList                     /home/lhhung/jax_stage_20260903/ref/star_index/flex_probe_artifacts/probe_list.txt
soloSampleWhitelist               /home/lhhung/jax_stage_20260903/ref/sample_whitelist_full_16.tsv
soloSampleProbes                  /home/lhhung/jax_stage_20260903/ref/probe-barcodes-fixed-rna-profiling-rna.txt
soloSampleProbeOffset             68
soloSampleSearchNearby            no
soloBucketMode                    ram
soloBucketCount                   256
soloHashScreenFile                /home/lhhung/jax_stage_20260903/ref/h01_cache.bin
flex                              yes
flexPipeline                      yes
flexPipelineNSolo                 0
flexPipelineNTriage               0
flexNoAlign                       1
soloFlexExpectedCellsPerTag       3000
soloFlexAllowedTags               /home/lhhung/jax_stage_20260903/ref/sample_whitelist_full_16.tsv
soloFlexOutputPrefix              /home/lhhung/jax_gzip_reader_fastpath_20260904/gzip_noalign_rep1_20260904T114311Z/per_sample
crAssignConsumerThreads           -1
crAssignSearchThreads             1

-------------------------------
##### Final effective command line:
/mnt/pikachu/STAR-suite-bgzf-opt-20260904/core/legacy/source/STAR   --runThreadN 32   --dynamicThreadInterface 1   --genomeDir /home/lhhung/jax_stage_20260903/ref/star_index   --readFilesIn /home/lhhung/jax_stage_20260903/fastq/SC2300771_GT23-14630_GATAATACCG-TTTACGTGGT_S5_L001_R2_001.fastq.gz,/home/lhhung/jax_stage_20260903/fastq/SC2300771_GT23-14630_GATAATACCG-TTTACGTGGT_S5_L002_R2_001.fastq.gz,/home/lhhung/jax_stage_20260903/fastq/SC2300771_GT23-14630_GATAATACCG-TTTACGTGGT_S5_L003_R2_001.fastq.gz,/home/lhhung/jax_stage_20260903/fastq/SC2300771_GT23-14630_GATAATACCG-TTTACGTGGT_S5_L004_R2_001.fastq.gz,/home/lhhung/jax_stage_20260903/fastq/SC2300771_GT23-14630_GATAATACCG-TTTACGTGGT_S5_L005_R2_001.fastq.gz,/home/lhhung/jax_stage_20260903/fastq/SC2300771_GT23-14630_GATAATACCG-TTTACGTGGT_S5_L006_R2_001.fastq.gz,/home/lhhung/jax_stage_20260903/fastq/SC2300771_GT23-14630_GATAATACCG-TTTACGTGGT_S5_L007_R2_001.fastq.gz,/home/lhhung/jax_stage_20260903/fastq/SC2300771_GT23-14630_GATAATACCG-TTTACGTGGT_S5_L008_R2_001.fastq.gz   /home/lhhung/jax_stage_20260903/fastq/SC2300771_GT23-14630_GATAATACCG-TTTACGTGGT_S5_L001_R1_001.fastq.gz,/home/lhhung/jax_stage_20260903/fastq/SC2300771_GT23-14630_GATAATACCG-TTTACGTGGT_S5_L002_R1_001.fastq.gz,/home/lhhung/jax_stage_20260903/fastq/SC2300771_GT23-14630_GATAATACCG-TTTACGTGGT_S5_L003_R1_001.fastq.gz,/home/lhhung/jax_stage_20260903/fastq/SC2300771_GT23-14630_GATAATACCG-TTTACGTGGT_S5_L004_R1_001.fastq.gz,/home/lhhung/jax_stage_20260903/fastq/SC2300771_GT23-14630_GATAATACCG-TTTACGTGGT_S5_L005_R1_001.fastq.gz,/home/lhhung/jax_stage_20260903/fastq/SC2300771_GT23-14630_GATAATACCG-TTTACGTGGT_S5_L006_R1_001.fastq.gz,/home/lhhung/jax_stage_20260903/fastq/SC2300771_GT23-14630_GATAATACCG-TTTACGTGGT_S5_L007_R1_001.fastq.gz,/home/lhhung/jax_stage_20260903/fastq/SC2300771_GT23-14630_GATAATACCG-TTTACGTGGT_S5_L008_R1_001.fastq.gz      --readFilesBgzfMode off   --limitIObufferSize 50000000   50000000      --outFileNamePrefix /home/lhhung/jax_gzip_reader_fastpath_20260904/gzip_noalign_rep1_20260904T114311Z/   --outSAMtype None      --outSAMattributes None      --outSJtype None      --clipAdapterType CellRanger4      --alignEndsType Local   --chimSegmentMin 0   --soloType CB_UMI_Simple   --soloCBstart 1   --soloUMIstart 17   --soloCBlen 16   --soloUMIlen 12   --soloBarcodeReadLength 0   --soloCBwhitelist /home/lhhung/jax_stage_20260903/ref/737K-fixed-rna-profiling.txt      --soloStrand Unstranded   --soloFeatures Gene      --soloUMIdedup 1MM_CR      --soloCBmatchWLtype 1MM_multi_Nbase_pseudocounts   --soloCellFilter None      --soloUMIfiltering MultiGeneUMI_CR      --soloMultiMappers Rescue      --soloKeysCompat cr   --soloProbeList /home/lhhung/jax_stage_20260903/ref/star_index/flex_probe_artifacts/probe_list.txt   --soloSampleWhitelist /home/lhhung/jax_stage_20260903/ref/sample_whitelist_full_16.tsv   --soloSampleProbes /home/lhhung/jax_stage_20260903/ref/probe-barcodes-fixed-rna-profiling-rna.txt   --soloSampleProbeOffset 68   --soloSampleSearchNearby no   --soloBucketMode ram   --soloBucketCount 256   --soloHashScreenFile /home/lhhung/jax_stage_20260903/ref/h01_cache.bin   --flex yes   --flexPipeline yes   --flexPipelineNSolo 0   --flexPipelineNTriage 0   --flexNoAlign 1   --soloFlexExpectedCellsPerTag 3000   --soloFlexAllowedTags /home/lhhung/jax_stage_20260903/ref/sample_whitelist_full_16.tsv   --soloFlexOutputPrefix /home/lhhung/jax_gzip_reader_fastpath_20260904/gzip_noalign_rep1_20260904T114311Z/per_sample   --crAssignConsumerThreads -1   --crAssignSearchThreads 1
----------------------------------------

Number of input files for each source = 8
NOTE: .gz Fastx input detected with --readFilesCommand - ; using internal zlib streaming path.
      Set --readFilesLegacyZcat Yes to force legacy external zcat helper mode.
Fastx input path: direct STAR chunk reader

   Input read files for mate 1 :
-rw-r--r-- 1 lhhung lhhung 13706831699 Mar 19 03:28 /home/lhhung/jax_stage_20260903/fastq/SC2300771_GT23-14630_GATAATACCG-TTTACGTGGT_S5_L001_R2_001.fastq.gz
-rw-r--r-- 1 lhhung lhhung 13862762883 Mar 19 02:25 /home/lhhung/jax_stage_20260903/fastq/SC2300771_GT23-14630_GATAATACCG-TTTACGTGGT_S5_L002_R2_001.fastq.gz
-rw-r--r-- 1 lhhung lhhung 13866983827 Mar 19 01:21 /home/lhhung/jax_stage_20260903/fastq/SC2300771_GT23-14630_GATAATACCG-TTTACGTGGT_S5_L003_R2_001.fastq.gz
-rw-r--r-- 1 lhhung lhhung 13952093892 Mar 19 01:37 /home/lhhung/jax_stage_20260903/fastq/SC2300771_GT23-14630_GATAATACCG-TTTACGTGGT_S5_L004_R2_001.fastq.gz
-rw-r--r-- 1 lhhung lhhung 13654188967 Mar 19 04:28 /home/lhhung/jax_stage_20260903/fastq/SC2300771_GT23-14630_GATAATACCG-TTTACGTGGT_S5_L005_R2_001.fastq.gz
-rw-r--r-- 1 lhhung lhhung 13685696283 Mar 19 04:05 /home/lhhung/jax_stage_20260903/fastq/SC2300771_GT23-14630_GATAATACCG-TTTACGTGGT_S5_L006_R2_001.fastq.gz
-rw-r--r-- 1 lhhung lhhung 13747432219 Mar 19 03:32 /home/lhhung/jax_stage_20260903/fastq/SC2300771_GT23-14630_GATAATACCG-TTTACGTGGT_S5_L007_R2_001.fastq.gz
-rw-r--r-- 1 lhhung lhhung 13752035131 Mar 19 02:54 /home/lhhung/jax_stage_20260903/fastq/SC2300771_GT23-14630_GATAATACCG-TTTACGTGGT_S5_L008_R2_001.fastq.gz
NOTE: mate 1 using internal gzip FIFO helper: /home/lhhung/jax_gzip_reader_fastpath_20260904/gzip_noalign_rep1_20260904T114311Z/_STARtmp/tmp.fifo.read1

   Input read files for mate 2 :
-rw-r--r-- 1 lhhung lhhung 5016524459 Mar 19 05:14 /home/lhhung/jax_stage_20260903/fastq/SC2300771_GT23-14630_GATAATACCG-TTTACGTGGT_S5_L001_R1_001.fastq.gz
-rw-r--r-- 1 lhhung lhhung 5079324441 Mar 19 04:53 /home/lhhung/jax_stage_20260903/fastq/SC2300771_GT23-14630_GATAATACCG-TTTACGTGGT_S5_L002_R1_001.fastq.gz
-rw-r--r-- 1 lhhung lhhung 5102315314 Mar 19 04:33 /home/lhhung/jax_stage_20260903/fastq/SC2300771_GT23-14630_GATAATACCG-TTTACGTGGT_S5_L003_R1_001.fastq.gz
-rw-r--r-- 1 lhhung lhhung 5152374408 Mar 19 03:47 /home/lhhung/jax_stage_20260903/fastq/SC2300771_GT23-14630_GATAATACCG-TTTACGTGGT_S5_L004_R1_001.fastq.gz
-rw-r--r-- 1 lhhung lhhung 5101902583 Mar 19 04:52 /home/lhhung/jax_stage_20260903/fastq/SC2300771_GT23-14630_GATAATACCG-TTTACGTGGT_S5_L005_R1_001.fastq.gz
-rw-r--r-- 1 lhhung lhhung 5111881702 Mar 19 04:40 /home/lhhung/jax_stage_20260903/fastq/SC2300771_GT23-14630_GATAATACCG-TTTACGTGGT_S5_L006_R1_001.fastq.gz
-rw-r--r-- 1 lhhung lhhung 5118982978 Mar 19 04:09 /home/lhhung/jax_stage_20260903/fastq/SC2300771_GT23-14630_GATAATACCG-TTTACGTGGT_S5_L007_R1_001.fastq.gz
-rw-r--r-- 1 lhhung lhhung 5079096873 Mar 19 05:02 /home/lhhung/jax_stage_20260903/fastq/SC2300771_GT23-14630_GATAATACCG-TTTACGTGGT_S5_L008_R1_001.fastq.gz
NOTE: mate 2 using internal gzip FIFO helper: /home/lhhung/jax_gzip_reader_fastpath_20260904/gzip_noalign_rep1_20260904T114311Z/_STARtmp/tmp.fifo.read2
WARNING: --soloCbUbRequireTogether is DEPRECATED and will be ignored. CB and UB tags are now always handled independently.
--flex yes: Enabled Flex pipeline with production defaults
    soloRunFlexFilter=yes
    soloInlineCBCorrection=no
    soloInlineHashMode=yes (enabled)
    soloFlexMinimalMemory=yes
    soloMapqMode=off (enum=0)
    soloMMrateMax=0.1
    soloBarcodesObservedOnly=yes
    soloUMICorrection=clique
Flex gDNA diagnostic: probe metadata loaded from /home/lhhung/jax_stage_20260903/ref/star_index/flex_probe_artifacts/filtered_probe_set.csv (probes=53459, control_genes=5876)
H0/H1 hash screen: enabled with cache /home/lhhung/jax_stage_20260903/ref/h01_cache.bin (8874194 records, format v2)
Flex gDNA diagnostic: active H0/H1 cache lacks probe-region metadata; mapping remains enabled but the diagnostic will be reported unavailable
Flex mode: Using probe list: /home/lhhung/jax_stage_20260903/ref/star_index/flex_probe_artifacts/probe_list.txt
Number of CBs in the whitelist = 737280
Flex streaming CB buckets: active (ram, 256 buckets, memory budget 32 GiB, async merge workers 2, fan-in 64)
Built cbWLhash: 737280 entries, 2097152 buckets
Initialized CbCorrector with 737280 CBs
CbCorrector initialization verified: whitelistSize=737280
Skipping legacy ambiguousCbByKey precompute (set STAR_BUILD_LEGACY_AMBIG_HASH=1 to enable).
Sep 04 11:43:25 ... Finished reading, sorting and deduplicating CB whitelist sequences.
clip3pPolyG: auto => enabled
Finished loading and checking parameters
Flex count-only no-genome: active
Flex count-only no-genome: hash cache /home/lhhung/jax_stage_20260903/ref/h01_cache.bin
Flex pipeline: runThreadN=32, nLanes=8, triage=0 (fully fused + lane steal + role switch), soloConsumers=0, fusedThreads=32, dedicatedWorkers=0, noAlign=ON (alignment skipped), noGenome=ON
Flex shared ambiguous store: active for fully fused no-genome hash records
  32 fused no-genome threads started
PIPELINE_STATS t=10s total=48758784 keep=40817335 deny=345118 sampleReject=3892660 miss=3703671 readerQ=0 soloQ=n/a alignQ=0 delta10s=48758784
PIPELINE_STATS t=20s total=98697216 keep=82830790 deny=684935 sampleReject=7734692 miss=7446799 readerQ=0 soloQ=n/a alignQ=0 delta10s=49938432
PIPELINE_STATS t=30s total=148766720 keep=125013023 deny=1028505 sampleReject=11515757 miss=11209435 readerQ=0 soloQ=n/a alignQ=0 delta10s=50069504
PIPELINE_STATS t=40s total=199032832 keep=167443057 deny=1369055 sampleReject=15246661 miss=14974059 readerQ=0 soloQ=n/a alignQ=0 delta10s=50266112
PIPELINE_STATS t=50s total=249692160 keep=210235912 deny=1714792 sampleReject=18967372 miss=18774084 readerQ=0 soloQ=n/a alignQ=0 delta10s=50659328
PIPELINE_STATS t=60s total=300023808 keep=252788606 deny=2057262 sampleReject=22625189 miss=22552751 readerQ=0 soloQ=n/a alignQ=0 delta10s=50331648
PIPELINE_STATS t=70s total=350617600 keep=295569649 deny=2400122 sampleReject=26295267 miss=26352562 readerQ=0 soloQ=n/a alignQ=0 delta10s=50593792
PIPELINE_STATS t=80s total=400556032 keep=337688768 deny=2749177 sampleReject=29958261 miss=30159826 readerQ=0 soloQ=n/a alignQ=0 delta10s=49938432
PIPELINE_STATS t=90s total=450363392 keep=379448761 deny=3106069 sampleReject=33741708 miss=34066854 readerQ=0 soloQ=n/a alignQ=0 delta10s=49807360
PIPELINE_STATS t=100s total=499580928 keep=420592925 deny=3463321 sampleReject=37504668 miss=38020014 readerQ=0 soloQ=n/a alignQ=0 delta10s=49217536
PIPELINE_STATS t=110s total=548143104 keep=461040174 deny=3834538 sampleReject=41351877 miss=41916515 readerQ=0 soloQ=n/a alignQ=0 delta10s=48562176
PIPELINE_STATS t=120s total=596967424 keep=501911453 deny=4212194 sampleReject=45147885 miss=45695892 readerQ=0 soloQ=n/a alignQ=0 delta10s=48824320
PIPELINE_STATS t=130s total=646316032 keep=543356739 deny=4585121 sampleReject=48902989 miss=49471183 readerQ=0 soloQ=n/a alignQ=0 delta10s=49348608
PIPELINE_STATS t=140s total=695664640 keep=584889492 deny=4953585 sampleReject=52589345 miss=53232218 readerQ=0 soloQ=n/a alignQ=0 delta10s=49348608
PIPELINE_STATS t=150s total=745734144 keep=627083835 deny=5328039 sampleReject=56274545 miss=57047725 readerQ=0 soloQ=n/a alignQ=0 delta10s=50069504
PIPELINE_STATS t=160s total=795672576 keep=669217708 deny=5698202 sampleReject=59922169 miss=60834497 readerQ=0 soloQ=n/a alignQ=0 delta10s=49938432
PIPELINE_STATS t=170s total=845938688 keep=711730982 deny=6063033 sampleReject=63545378 miss=64599295 readerQ=0 soloQ=n/a alignQ=0 delta10s=50266112
PIPELINE_STATS t=180s total=896401408 keep=754440899 deny=6428653 sampleReject=67158919 miss=68372937 readerQ=0 soloQ=n/a alignQ=0 delta10s=50462720
PIPELINE_STATS t=190s total=947191808 keep=797464140 deny=6783610 sampleReject=70790468 miss=72153590 readerQ=0 soloQ=n/a alignQ=0 delta10s=50790400
PIPELINE_STATS t=200s total=998047744 keep=840551608 deny=7130413 sampleReject=74420382 miss=75945341 readerQ=0 soloQ=n/a alignQ=0 delta10s=50855936
PIPELINE_STATS t=210s total=1047855104 keep=882424164 deny=7485936 sampleReject=78154468 miss=79790536 readerQ=0 soloQ=n/a alignQ=0 delta10s=49807360
PIPELINE_STATS t=220s total=1094909952 keep=920884145 deny=7949397 sampleReject=82204871 miss=83871539 readerQ=0 soloQ=n/a alignQ=0 delta10s=47054848
PIPELINE_STATS t=230s total=1142095872 keep=959549500 deny=8421364 sampleReject=86168826 miss=87956182 readerQ=0 soloQ=n/a alignQ=0 delta10s=47185920
PIPELINE_STATS t=240s total=1189281792 keep=998446353 deny=8875392 sampleReject=90003020 miss=91957027 readerQ=0 soloQ=n/a alignQ=0 delta10s=47185920
PIPELINE_STATS t=250s total=1236992000 keep=1037905244 deny=9337357 sampleReject=93795771 miss=95953628 readerQ=0 soloQ=n/a alignQ=0 delta10s=47710208
PIPELINE_STATS t=260s total=1284964352 keep=1077191744 deny=9800757 sampleReject=97541033 miss=100430818 readerQ=0 soloQ=n/a alignQ=0 delta10s=47972352
PIPELINE_STATS t=270s total=1332936704 keep=1117142161 deny=10238202 sampleReject=101254495 miss=104301846 readerQ=0 soloQ=n/a alignQ=0 delta10s=47972352
PIPELINE_STATS t=280s total=1381171200 keep=1157439106 deny=10679423 sampleReject=104900791 miss=108151880 readerQ=0 soloQ=n/a alignQ=0 delta10s=48234496
PIPELINE_STATS t=290s total=1429471232 keep=1197876389 deny=11085909 sampleReject=108524691 miss=111984243 readerQ=0 soloQ=n/a alignQ=0 delta10s=48300032
PIPELINE_STATS t=300s total=1477902336 keep=1238401398 deny=11489470 sampleReject=112169298 miss=115842170 readerQ=0 soloQ=n/a alignQ=0 delta10s=48431104
PIPELINE_STATS t=310s total=1525547008 keep=1277926755 deny=11901232 sampleReject=115950363 miss=119768658 readerQ=0 soloQ=n/a alignQ=0 delta10s=47644672
PIPELINE_STATS t=320s total=1573584896 keep=1317537453 deny=12316257 sampleReject=119860916 miss=123870270 readerQ=0 soloQ=n/a alignQ=0 delta10s=48037888
PIPELINE_STATS t=330s total=1622081536 keep=1357746672 deny=12714980 sampleReject=123744639 miss=127875245 readerQ=0 soloQ=n/a alignQ=0 delta10s=48496640
PIPELINE_STATS t=340s total=1671364608 keep=1398183285 deny=13168274 sampleReject=127504497 miss=132508552 readerQ=0 soloQ=n/a alignQ=0 delta10s=49283072
PIPELINE_STATS t=350s total=1720778752 keep=1439558475 deny=13576276 sampleReject=131226680 miss=136417321 readerQ=0 soloQ=n/a alignQ=0 delta10s=49414144
PIPELINE_STATS t=360s total=1769996288 keep=1480810176 deny=13984551 sampleReject=134921393 miss=140280168 readerQ=0 soloQ=n/a alignQ=0 delta10s=49217536
PIPELINE_STATS t=370s total=1818886144 keep=1521799133 deny=14428123 sampleReject=138528217 miss=144130671 readerQ=0 soloQ=n/a alignQ=0 delta10s=48889856
PIPELINE_STATS t=380s total=1868300288 keep=1563283635 deny=14833781 sampleReject=142164715 miss=148018157 readerQ=0 soloQ=n/a alignQ=0 delta10s=49414144
PIPELINE_STATS t=390s total=1916600320 keep=1603604685 deny=15246447 sampleReject=145831692 miss=151917496 readerQ=0 soloQ=n/a alignQ=0 delta10s=48300032
PIPELINE_STATS t=400s total=1963917312 keep=1642825611 deny=15670446 sampleReject=149532248 miss=155889007 readerQ=0 soloQ=n/a alignQ=0 delta10s=47316992
PIPELINE_STATS t=410s total=2003225495 keep=1675064619 deny=16033116 sampleReject=152779755 miss=159348005 readerQ=0 soloQ=n/a alignQ=0 delta10s=39308183
  All fused no-genome threads joined
  Stats reporter joined
Flex pipeline complete: total=2011130186, triageKeep=1681459858, triageDeny=16111757, sampleReject=153486035, triageMiss=160072536
  Lane 0: 251189625 reads
  Lane 1: 254280823 reads
  Lane 2: 253814000 reads
  Lane 3: 254819710 reads
  Lane 4: 247421226 reads
  Lane 5: 248719891 reads
  Lane 6: 249909554 reads
  Lane 7: 250975357 reads
Sep 04 11:50:25 ..... finished mapping
RAM after mapping:
VmPeak:	26259340 kB; VmSize:	25956120 kB; VmHWM:	25322548 kB; VmRSS:	25322548 kB; 
Sep 04 11:50:25 ..... started Solo counting
Sep 04 11:50:25 ... Starting Solo post-map for Gene
Solo timing: sumThreads adopt shared ambiguous 1.16844 s (2627928 entries)
Solo timing: sumThreads flush 0.587958 s, merge 3.247e-05 s, stats 6.345e-06 s, counts 0.011875 s, release 0.000499015 s
Sep 04 11:50:26 ... Starting bucket-parallel Flex collapse
[AMBIG-CB-RESOLVE] pending=2627928 resolved=2082829 resolved_observations=30428806 still_ambiguous=545099 added_to_hash=30428806
Solo timing: pre-loop: resolveAmbiguous 4.56578 s, flushSegments 0.0183775 s, finalizeStore 0.00153643 s, geneIds+allowed 0.000537438 s
Solo timing: bucket loop wall 7.86552 s; thread-seconds load 23.8337, kway_merge 65.5852, compact 6.65348, umi_correct 133.457, molecules 141.655, emit 2.30471
Solo timing: bucket fan-in 0.812085 s
[CB-BUCKET] backend=ram transitioned=no streamed_records=1657428453 aggregated_counts=1657428453 final_molecules=226092712 buckets=256 tail_threads=32 async_merges=6213 async_merged_records=1626570868
Found 694617 unique CBs and 99266019 (CB, gene, tag) groups
Found 1845225 unique (CB, TAG) combinations
  Genes: 18129, Entries: 99266019
Solo timing: post-fan-in setup: indexWl 0.000397542 s, reserve 0.000437727 s, tripletLoop 0.450248 s, perCbVectors 0.00113916 s
Solo raw MEX directory directory created: /home/lhhung/jax_gzip_reader_fastpath_20260904/gzip_noalign_rep1_20260904T114311Z/Solo.out/Gene/raw/
Solo timing: mex dir prepared 6.0881e-05 s
Sep 04 11:50:40 ... Writing MEX from inline-hash dedup data
Sep 04 11:50:45 ... Finished writing MEX format:
  /home/lhhung/jax_gzip_reader_fastpath_20260904/gzip_noalign_rep1_20260904T114311Z/Solo.out/Gene/raw/matrix.mtx
  /home/lhhung/jax_gzip_reader_fastpath_20260904/gzip_noalign_rep1_20260904T114311Z/Solo.out/Gene/raw/barcodes.tsv
  /home/lhhung/jax_gzip_reader_fastpath_20260904/gzip_noalign_rep1_20260904T114311Z/Solo.out/Gene/raw/features.tsv
  Cells (CB+TAG combos): 1845225
  Features: 18129
  Entries: 99266019
FlexFilter output directory directory created: /home/lhhung/jax_gzip_reader_fastpath_20260904/gzip_noalign_rep1_20260904T114311Z/per_sample/
Sep 04 11:50:45 ... Running flexfilter inline (in-memory matrix)...
  Loaded 16 allowed tags with sample labels
FlexFilter: Using per-tag expected cells: 3000 x 16 tags = 48000 total
FlexFilter output directory directory exists and will be overwritten: /home/lhhung/jax_gzip_reader_fastpath_20260904/gzip_noalign_rep1_20260904T114311Z/per_sample/
Sep 04 11:51:05 ... Flexfilter pipeline complete
  Processed 16 tags
  [BC001] Retain=885 SimpleED=885 TailTested=0 ED_Pass=885 OccRemoved=1 Final=884 Expected=4
FlexFilter filtered MEX directory directory and its parents created: /home/lhhung/jax_gzip_reader_fastpath_20260904/gzip_noalign_rep1_20260904T114311Z/per_sample/BC001/Gene/filtered/
  BC001 (ACTTTAGG): 884 cells, 916 entries
  [BC002] Retain=15850 SimpleED=4088 TailTested=0 ED_Pass=4088 OccRemoved=2 Final=4086 Expected=656
FlexFilter filtered MEX directory directory and its parents created: /home/lhhung/jax_gzip_reader_fastpath_20260904/gzip_noalign_rep1_20260904T114311Z/per_sample/BC002/Gene/filtered/
  BC002 (AACGGGAA): 4086 cells, 160939 entries
  [BC003] Retain=3365 SimpleED=3365 TailTested=0 ED_Pass=3365 OccRemoved=1 Final=3364 Expected=24
FlexFilter filtered MEX directory directory and its parents created: /home/lhhung/jax_gzip_reader_fastpath_20260904/gzip_noalign_rep1_20260904T114311Z/per_sample/BC003/Gene/filtered/
  BC003 (AGTAGGCT): 3364 cells, 6411 entries
  [BC004] Retain=120000 SimpleED=0 TailTested=5019 ED_Pass=4409 OccRemoved=3 Final=4406 Expected=8074
FlexFilter filtered MEX directory directory and its parents created: /home/lhhung/jax_gzip_reader_fastpath_20260904/gzip_noalign_rep1_20260904T114311Z/per_sample/BC004/Gene/filtered/
  BC004 (ATGTTGAC): 4406 cells, 14938152 entries
  [BC005] Retain=3397 SimpleED=3397 TailTested=0 ED_Pass=3397 OccRemoved=2 Final=3395 Expected=24
FlexFilter filtered MEX directory directory and its parents created: /home/lhhung/jax_gzip_reader_fastpath_20260904/gzip_noalign_rep1_20260904T114311Z/per_sample/BC005/Gene/filtered/
  BC005 (ACAGACCT): 3395 cells, 6228 entries
  [BC006] Retain=120000 SimpleED=0 TailTested=5879 ED_Pass=5301 OccRemoved=3 Final=5298 Expected=9905
FlexFilter filtered MEX directory directory and its parents created: /home/lhhung/jax_gzip_reader_fastpath_20260904/gzip_noalign_rep1_20260904T114311Z/per_sample/BC006/Gene/filtered/
  BC006 (ATCCCAAC): 5298 cells, 17874169 entries
  [BC007] Retain=120000 SimpleED=0 TailTested=5815 ED_Pass=5389 OccRemoved=3 Final=5386 Expected=14658
FlexFilter filtered MEX directory directory and its parents created: /home/lhhung/jax_gzip_reader_fastpath_20260904/gzip_noalign_rep1_20260904T114311Z/per_sample/BC007/Gene/filtered/
  BC007 (AAGTAGAG): 5386 cells, 26969774 entries
  [BC008] Retain=120000 SimpleED=0 TailTested=5750 ED_Pass=5276 OccRemoved=3 Final=5273 Expected=14515
FlexFilter filtered MEX directory directory and its parents created: /home/lhhung/jax_gzip_reader_fastpath_20260904/gzip_noalign_rep1_20260904T114311Z/per_sample/BC008/Gene/filtered/
  BC008 (AGCTGTGA): 5273 cells, 24585205 entries
  [BC009] Retain=1331 SimpleED=1331 TailTested=0 ED_Pass=1331 OccRemoved=2 Final=1329 Expected=6
FlexFilter filtered MEX directory directory and its parents created: /home/lhhung/jax_gzip_reader_fastpath_20260904/gzip_noalign_rep1_20260904T114311Z/per_sample/BC009/Gene/filtered/
  BC009 (ACAGTCTG): 1329 cells, 1539 entries
  [BC010] Retain=1125 SimpleED=1125 TailTested=0 ED_Pass=1125 OccRemoved=0 Final=1125 Expected=5
FlexFilter filtered MEX directory directory and its parents created: /home/lhhung/jax_gzip_reader_fastpath_20260904/gzip_noalign_rep1_20260904T114311Z/per_sample/BC010/Gene/filtered/
  BC010 (AGTGAGTG): 1125 cells, 1189 entries
  [BC011] Retain=3970 SimpleED=3970 TailTested=0 ED_Pass=3970 OccRemoved=1 Final=3969 Expected=24
FlexFilter filtered MEX directory directory and its parents created: /home/lhhung/jax_gzip_reader_fastpath_20260904/gzip_noalign_rep1_20260904T114311Z/per_sample/BC011/Gene/filtered/
  BC011 (AGAGGCAA): 3969 cells, 6224 entries
  [BC012] Retain=529 SimpleED=529 TailTested=0 ED_Pass=529 OccRemoved=0 Final=529 Expected=2
FlexFilter filtered MEX directory directory and its parents created: /home/lhhung/jax_gzip_reader_fastpath_20260904/gzip_noalign_rep1_20260904T114311Z/per_sample/BC012/Gene/filtered/
  BC012 (ACTACTCA): 529 cells, 554 entries
  [BC013] Retain=5559 SimpleED=5559 TailTested=0 ED_Pass=5559 OccRemoved=2 Final=5557 Expected=61
FlexFilter filtered MEX directory directory and its parents created: /home/lhhung/jax_gzip_reader_fastpath_20260904/gzip_noalign_rep1_20260904T114311Z/per_sample/BC013/Gene/filtered/
  BC013 (ATACGTCA): 5557 cells, 15651 entries
  [BC014] Retain=1996 SimpleED=1996 TailTested=0 ED_Pass=1996 OccRemoved=1 Final=1995 Expected=9
FlexFilter filtered MEX directory directory and its parents created: /home/lhhung/jax_gzip_reader_fastpath_20260904/gzip_noalign_rep1_20260904T114311Z/per_sample/BC014/Gene/filtered/
  BC014 (ATCATGTG): 1995 cells, 2388 entries
  [BC015] Retain=2519 SimpleED=2519 TailTested=0 ED_Pass=2519 OccRemoved=3 Final=2516 Expected=12
FlexFilter filtered MEX directory directory and its parents created: /home/lhhung/jax_gzip_reader_fastpath_20260904/gzip_noalign_rep1_20260904T114311Z/per_sample/BC015/Gene/filtered/
  BC015 (AACGCCGA): 2516 cells, 3002 entries
  [BC016] Retain=3676 SimpleED=3676 TailTested=0 ED_Pass=3676 OccRemoved=3 Final=3673 Expected=21
FlexFilter filtered MEX directory directory and its parents created: /home/lhhung/jax_gzip_reader_fastpath_20260904/gzip_noalign_rep1_20260904T114311Z/per_sample/BC016/Gene/filtered/
  BC016 (ATTCGGTT): 3673 cells, 5441 entries
Flex gDNA per-sample metrics directory directory exists and will be overwritten: /home/lhhung/jax_gzip_reader_fastpath_20260904/gzip_noalign_rep1_20260904T114311Z/per_sample/BC001/Gene/filtered/
Flex gDNA per-sample metrics directory directory exists and will be overwritten: /home/lhhung/jax_gzip_reader_fastpath_20260904/gzip_noalign_rep1_20260904T114311Z/per_sample/BC002/Gene/filtered/
Flex gDNA per-sample metrics directory directory exists and will be overwritten: /home/lhhung/jax_gzip_reader_fastpath_20260904/gzip_noalign_rep1_20260904T114311Z/per_sample/BC003/Gene/filtered/
Flex gDNA per-sample metrics directory directory exists and will be overwritten: /home/lhhung/jax_gzip_reader_fastpath_20260904/gzip_noalign_rep1_20260904T114311Z/per_sample/BC004/Gene/filtered/
Flex gDNA per-sample metrics directory directory exists and will be overwritten: /home/lhhung/jax_gzip_reader_fastpath_20260904/gzip_noalign_rep1_20260904T114311Z/per_sample/BC005/Gene/filtered/
Flex gDNA per-sample metrics directory directory exists and will be overwritten: /home/lhhung/jax_gzip_reader_fastpath_20260904/gzip_noalign_rep1_20260904T114311Z/per_sample/BC006/Gene/filtered/
Flex gDNA per-sample metrics directory directory exists and will be overwritten: /home/lhhung/jax_gzip_reader_fastpath_20260904/gzip_noalign_rep1_20260904T114311Z/per_sample/BC007/Gene/filtered/
Flex gDNA per-sample metrics directory directory exists and will be overwritten: /home/lhhung/jax_gzip_reader_fastpath_20260904/gzip_noalign_rep1_20260904T114311Z/per_sample/BC008/Gene/filtered/
Flex gDNA per-sample metrics directory directory exists and will be overwritten: /home/lhhung/jax_gzip_reader_fastpath_20260904/gzip_noalign_rep1_20260904T114311Z/per_sample/BC009/Gene/filtered/
Flex gDNA per-sample metrics directory directory exists and will be overwritten: /home/lhhung/jax_gzip_reader_fastpath_20260904/gzip_noalign_rep1_20260904T114311Z/per_sample/BC010/Gene/filtered/
Flex gDNA per-sample metrics directory directory exists and will be overwritten: /home/lhhung/jax_gzip_reader_fastpath_20260904/gzip_noalign_rep1_20260904T114311Z/per_sample/BC011/Gene/filtered/
Flex gDNA per-sample metrics directory directory exists and will be overwritten: /home/lhhung/jax_gzip_reader_fastpath_20260904/gzip_noalign_rep1_20260904T114311Z/per_sample/BC012/Gene/filtered/
Flex gDNA per-sample metrics directory directory exists and will be overwritten: /home/lhhung/jax_gzip_reader_fastpath_20260904/gzip_noalign_rep1_20260904T114311Z/per_sample/BC013/Gene/filtered/
Flex gDNA per-sample metrics directory directory exists and will be overwritten: /home/lhhung/jax_gzip_reader_fastpath_20260904/gzip_noalign_rep1_20260904T114311Z/per_sample/BC014/Gene/filtered/
Flex gDNA per-sample metrics directory directory exists and will be overwritten: /home/lhhung/jax_gzip_reader_fastpath_20260904/gzip_noalign_rep1_20260904T114311Z/per_sample/BC015/Gene/filtered/
Flex gDNA per-sample metrics directory directory exists and will be overwritten: /home/lhhung/jax_gzip_reader_fastpath_20260904/gzip_noalign_rep1_20260904T114311Z/per_sample/BC016/Gene/filtered/
Flex gDNA diagnostic: cache_region_metadata_unavailable
Sep 04 11:51:12 ... Finished bucket-parallel Flex collapse
Solo timing: collapseUMIall_fromBuckets 45.8104 s
Sep 04 11:51:12 ... Finished collapsing UMIs (direct hash mode)
Solo timing: countCBgeneUMI 45.8104 s
Sep 04 11:51:12 ... Solo: inline-hash mode completed (skipping legacy output)
Solo timing: processRecords 47.0658 s
Sep 04 11:51:12 ..... finished Solo counting
ALL DONE!
