	Command being timed: "/home/lhhung/cellranger-9.0.1/bin/cellranger multi --id cr9_gex_grna --csv /storage/MSK-perturb-comparison/cr_paper_bench_ES_20260430_054814/cr_gex_grna/multi.csv --localcores 32 --localmem 110"
	User time (seconds): 60838.75
	System time (seconds): 2855.86
	Percent of CPU this job got: 1787%
	Elapsed (wall clock) time (h:mm:ss or m:ss): 59:23.22
	Average shared text size (kbytes): 0
	Average unshared data size (kbytes): 0
	Average stack size (kbytes): 0
	Average total size (kbytes): 0
	Maximum resident set size (kbytes): 15260280
	Average resident set size (kbytes): 0
	Major (requiring I/O) page faults: 3028
	Minor (reclaiming a frame) page faults: 1489635218
	Voluntary context switches: 250740204
	Involuntary context switches: 811046
	Swaps: 0
	File system inputs: 265360232
	File system outputs: 326101984
	Socket messages sent: 0
	Socket messages received: 0
	Signals delivered: 0
	Page size (bytes): 4096
	Exit status: 0
