	Command being timed: "/home/lhhung/cellranger-9.0.1/bin/cellranger multi --id cr9_gex_larry --csv /storage/MSK-perturb-comparison/cr_paper_bench_ES_20260430_054814/cr_gex_larry/multi.csv --localcores 32 --localmem 110"
	User time (seconds): 113616.20
	System time (seconds): 4308.01
	Percent of CPU this job got: 1825%
	Elapsed (wall clock) time (h:mm:ss or m:ss): 1:47:39
	Average shared text size (kbytes): 0
	Average unshared data size (kbytes): 0
	Average stack size (kbytes): 0
	Average total size (kbytes): 0
	Maximum resident set size (kbytes): 15476380
	Average resident set size (kbytes): 0
	Major (requiring I/O) page faults: 3017
	Minor (reclaiming a frame) page faults: 1467893394
	Voluntary context switches: 188475099
	Involuntary context switches: 2237696
	Swaps: 0
	File system inputs: 285147472
	File system outputs: 374668264
	Socket messages sent: 0
	Socket messages received: 0
	Signals delivered: 0
	Page size (bytes): 4096
	Exit status: 0
