STAR-suite version=1.8.2
STAR upstream version=2.7.11b
STAR genome compatibility version=2.7.4a
STAR-suite source revision=1b0c2d86f464cbfabbfef90a8a6091b22ce467ca-dirty
STAR compilation time,server,dir=2026-09-04T10:54:03+00:00 :/mnt/pikachu/STAR-suite-bgzf-opt-20260904/core/legacy/source
STAR git: On branch perf-bgzf-reader ; commit 1b0c2d86f464cbfabbfef90a8a6091b22ce467ca ; diff files: core/legacy/source/input/BgzfRangeReader.cpp core/legacy/source/input/BgzfRangeReader.h 
##### Command Line:
/mnt/pikachu/STAR-suite-bgzf-opt-20260904/core/legacy/source/STAR --runThreadN 32 --genomeDir /home/lhhung/jax_stage_20260903/ref/star_index --soloType CB_UMI_Simple --soloCBstart 1 --soloUMIstart 17 --soloCBlen 16 --soloUMIlen 12 --soloBarcodeReadLength 0 --soloCBwhitelist /home/lhhung/jax_stage_20260903/ref/737K-fixed-rna-profiling.txt --flex yes --soloFlexExpectedCellsPerTag 3000 --soloSampleWhitelist /home/lhhung/jax_stage_20260903/ref/sample_whitelist_full_16.tsv --soloProbeList /home/lhhung/jax_stage_20260903/ref/star_index/flex_probe_artifacts/probe_list.txt --soloSampleProbes /home/lhhung/jax_stage_20260903/ref/probe-barcodes-fixed-rna-profiling-rna.txt --soloSampleProbeOffset 68 --soloFlexAllowedTags /home/lhhung/jax_stage_20260903/ref/sample_whitelist_full_16.tsv --soloFlexOutputPrefix /home/lhhung/jax_bgzf_reader_recycle_20260904/bgzf_noalign_rep1_20260904T105724Z/per_sample --limitIObufferSize 50000000 50000000 --outSJtype None --outSAMtype None --outSAMattributes None --soloFeatures Gene --soloCellFilter None --soloMultiMappers Rescue --soloCBmatchWLtype 1MM_multi_Nbase_pseudocounts --soloUMIfiltering MultiGeneUMI_CR --soloUMIdedup 1MM_CR --soloStrand Unstranded --clipAdapterType CellRanger4 --alignEndsType Local --chimSegmentMin 0 --soloKeysCompat cr --soloSampleSearchNearby no --soloHashScreenFile /home/lhhung/jax_stage_20260903/ref/h01_cache.bin --soloBucketMode ram --soloBucketCount 256 --flexPipeline yes --flexPipelineNTriage 0 --flexPipelineNSolo 0 --flexNoAlign 1 --dynamicThreadInterface 1 --crAssignConsumerThreads -1 --crAssignSearchThreads 1 --outFileNamePrefix /home/lhhung/jax_bgzf_reader_recycle_20260904/bgzf_noalign_rep1_20260904T105724Z/ --readFilesBgzfMode range --bgzfReaderThreads 32 --bgzfCrcCheck 1 --readFilesIn /home/lhhung/jax_stage_20260903/fastq/SC2300771_GT23-14630_GATAATACCG-TTTACGTGGT_S5_L001_R2_001.fastq.gz,/home/lhhung/jax_stage_20260903/fastq/SC2300771_GT23-14630_GATAATACCG-TTTACGTGGT_S5_L002_R2_001.fastq.gz,/home/lhhung/jax_stage_20260903/fastq/SC2300771_GT23-14630_GATAATACCG-TTTACGTGGT_S5_L003_R2_001.fastq.gz,/home/lhhung/jax_stage_20260903/fastq/SC2300771_GT23-14630_GATAATACCG-TTTACGTGGT_S5_L004_R2_001.fastq.gz,/home/lhhung/jax_stage_20260903/fastq/SC2300771_GT23-14630_GATAATACCG-TTTACGTGGT_S5_L005_R2_001.fastq.gz,/home/lhhung/jax_stage_20260903/fastq/SC2300771_GT23-14630_GATAATACCG-TTTACGTGGT_S5_L006_R2_001.fastq.gz,/home/lhhung/jax_stage_20260903/fastq/SC2300771_GT23-14630_GATAATACCG-TTTACGTGGT_S5_L007_R2_001.fastq.gz,/home/lhhung/jax_stage_20260903/fastq/SC2300771_GT23-14630_GATAATACCG-TTTACGTGGT_S5_L008_R2_001.fastq.gz /home/lhhung/jax_stage_20260903/fastq/SC2300771_GT23-14630_GATAATACCG-TTTACGTGGT_S5_L001_R1_001.fastq.gz,/home/lhhung/jax_stage_20260903/fastq/SC2300771_GT23-14630_GATAATACCG-TTTACGTGGT_S5_L002_R1_001.fastq.gz,/home/lhhung/jax_stage_20260903/fastq/SC2300771_GT23-14630_GATAATACCG-TTTACGTGGT_S5_L003_R1_001.fastq.gz,/home/lhhung/jax_stage_20260903/fastq/SC2300771_GT23-14630_GATAATACCG-TTTACGTGGT_S5_L004_R1_001.fastq.gz,/home/lhhung/jax_stage_20260903/fastq/SC2300771_GT23-14630_GATAATACCG-TTTACGTGGT_S5_L005_R1_001.fastq.gz,/home/lhhung/jax_stage_20260903/fastq/SC2300771_GT23-14630_GATAATACCG-TTTACGTGGT_S5_L006_R1_001.fastq.gz,/home/lhhung/jax_stage_20260903/fastq/SC2300771_GT23-14630_GATAATACCG-TTTACGTGGT_S5_L007_R1_001.fastq.gz,/home/lhhung/jax_stage_20260903/fastq/SC2300771_GT23-14630_GATAATACCG-TTTACGTGGT_S5_L008_R1_001.fastq.gz
##### Initial USER parameters from Command Line:
outFileNamePrefix                 /home/lhhung/jax_bgzf_reader_recycle_20260904/bgzf_noalign_rep1_20260904T105724Z/
###### All USER parameters from Command Line:
runThreadN                    32     ~RE-DEFINED
genomeDir                     /home/lhhung/jax_stage_20260903/ref/star_index     ~RE-DEFINED
soloType                      CB_UMI_Simple     ~RE-DEFINED
soloCBstart                   1     ~RE-DEFINED
soloUMIstart                  17     ~RE-DEFINED
soloCBlen                     16     ~RE-DEFINED
soloUMIlen                    12     ~RE-DEFINED
soloBarcodeReadLength         0     ~RE-DEFINED
soloCBwhitelist               /home/lhhung/jax_stage_20260903/ref/737K-fixed-rna-profiling.txt        ~RE-DEFINED
flex                          yes     ~RE-DEFINED
soloFlexExpectedCellsPerTag   3000     ~RE-DEFINED
soloSampleWhitelist           /home/lhhung/jax_stage_20260903/ref/sample_whitelist_full_16.tsv     ~RE-DEFINED
soloProbeList                 /home/lhhung/jax_stage_20260903/ref/star_index/flex_probe_artifacts/probe_list.txt     ~RE-DEFINED
soloSampleProbes              /home/lhhung/jax_stage_20260903/ref/probe-barcodes-fixed-rna-profiling-rna.txt     ~RE-DEFINED
soloSampleProbeOffset         68     ~RE-DEFINED
soloFlexAllowedTags           /home/lhhung/jax_stage_20260903/ref/sample_whitelist_full_16.tsv     ~RE-DEFINED
soloFlexOutputPrefix          /home/lhhung/jax_bgzf_reader_recycle_20260904/bgzf_noalign_rep1_20260904T105724Z/per_sample     ~RE-DEFINED
limitIObufferSize             50000000   50000000        ~RE-DEFINED
outSJtype                     None        ~RE-DEFINED
outSAMtype                    None        ~RE-DEFINED
outSAMattributes              None        ~RE-DEFINED
soloFeatures                  Gene        ~RE-DEFINED
soloCellFilter                None        ~RE-DEFINED
soloMultiMappers              Rescue        ~RE-DEFINED
soloCBmatchWLtype             1MM_multi_Nbase_pseudocounts     ~RE-DEFINED
soloUMIfiltering              MultiGeneUMI_CR        ~RE-DEFINED
soloUMIdedup                  1MM_CR        ~RE-DEFINED
soloStrand                    Unstranded     ~RE-DEFINED
clipAdapterType               CellRanger4        ~RE-DEFINED
alignEndsType                 Local     ~RE-DEFINED
chimSegmentMin                0     ~RE-DEFINED
soloKeysCompat                cr     ~RE-DEFINED
soloSampleSearchNearby        no     ~RE-DEFINED
soloHashScreenFile            /home/lhhung/jax_stage_20260903/ref/h01_cache.bin     ~RE-DEFINED
soloBucketMode                ram     ~RE-DEFINED
soloBucketCount               256     ~RE-DEFINED
flexPipeline                  yes     ~RE-DEFINED
flexPipelineNTriage           0     ~RE-DEFINED
flexPipelineNSolo             0     ~RE-DEFINED
flexNoAlign                   1     ~RE-DEFINED
dynamicThreadInterface        1     ~RE-DEFINED
crAssignConsumerThreads       -1     ~RE-DEFINED
crAssignSearchThreads         1     ~RE-DEFINED
outFileNamePrefix             /home/lhhung/jax_bgzf_reader_recycle_20260904/bgzf_noalign_rep1_20260904T105724Z/     ~RE-DEFINED
readFilesBgzfMode             range     ~RE-DEFINED
bgzfReaderThreads             32     ~RE-DEFINED
bgzfCrcCheck                  1     ~RE-DEFINED
readFilesIn                   /home/lhhung/jax_stage_20260903/fastq/SC2300771_GT23-14630_GATAATACCG-TTTACGTGGT_S5_L001_R2_001.fastq.gz,/home/lhhung/jax_stage_20260903/fastq/SC2300771_GT23-14630_GATAATACCG-TTTACGTGGT_S5_L002_R2_001.fastq.gz,/home/lhhung/jax_stage_20260903/fastq/SC2300771_GT23-14630_GATAATACCG-TTTACGTGGT_S5_L003_R2_001.fastq.gz,/home/lhhung/jax_stage_20260903/fastq/SC2300771_GT23-14630_GATAATACCG-TTTACGTGGT_S5_L004_R2_001.fastq.gz,/home/lhhung/jax_stage_20260903/fastq/SC2300771_GT23-14630_GATAATACCG-TTTACGTGGT_S5_L005_R2_001.fastq.gz,/home/lhhung/jax_stage_20260903/fastq/SC2300771_GT23-14630_GATAATACCG-TTTACGTGGT_S5_L006_R2_001.fastq.gz,/home/lhhung/jax_stage_20260903/fastq/SC2300771_GT23-14630_GATAATACCG-TTTACGTGGT_S5_L007_R2_001.fastq.gz,/home/lhhung/jax_stage_20260903/fastq/SC2300771_GT23-14630_GATAATACCG-TTTACGTGGT_S5_L008_R2_001.fastq.gz   /home/lhhung/jax_stage_20260903/fastq/SC2300771_GT23-14630_GATAATACCG-TTTACGTGGT_S5_L001_R1_001.fastq.gz,/home/lhhung/jax_stage_20260903/fastq/SC2300771_GT23-14630_GATAATACCG-TTTACGTGGT_S5_L002_R1_001.fastq.gz,/home/lhhung/jax_stage_20260903/fastq/SC2300771_GT23-14630_GATAATACCG-TTTACGTGGT_S5_L003_R1_001.fastq.gz,/home/lhhung/jax_stage_20260903/fastq/SC2300771_GT23-14630_GATAATACCG-TTTACGTGGT_S5_L004_R1_001.fastq.gz,/home/lhhung/jax_stage_20260903/fastq/SC2300771_GT23-14630_GATAATACCG-TTTACGTGGT_S5_L005_R1_001.fastq.gz,/home/lhhung/jax_stage_20260903/fastq/SC2300771_GT23-14630_GATAATACCG-TTTACGTGGT_S5_L006_R1_001.fastq.gz,/home/lhhung/jax_stage_20260903/fastq/SC2300771_GT23-14630_GATAATACCG-TTTACGTGGT_S5_L007_R1_001.fastq.gz,/home/lhhung/jax_stage_20260903/fastq/SC2300771_GT23-14630_GATAATACCG-TTTACGTGGT_S5_L008_R1_001.fastq.gz        ~RE-DEFINED
##### Finished reading parameters from all sources

##### Final user re-defined parameters-----------------:
runThreadN                        32
dynamicThreadInterface            1
genomeDir                         /home/lhhung/jax_stage_20260903/ref/star_index
readFilesIn                       /home/lhhung/jax_stage_20260903/fastq/SC2300771_GT23-14630_GATAATACCG-TTTACGTGGT_S5_L001_R2_001.fastq.gz,/home/lhhung/jax_stage_20260903/fastq/SC2300771_GT23-14630_GATAATACCG-TTTACGTGGT_S5_L002_R2_001.fastq.gz,/home/lhhung/jax_stage_20260903/fastq/SC2300771_GT23-14630_GATAATACCG-TTTACGTGGT_S5_L003_R2_001.fastq.gz,/home/lhhung/jax_stage_20260903/fastq/SC2300771_GT23-14630_GATAATACCG-TTTACGTGGT_S5_L004_R2_001.fastq.gz,/home/lhhung/jax_stage_20260903/fastq/SC2300771_GT23-14630_GATAATACCG-TTTACGTGGT_S5_L005_R2_001.fastq.gz,/home/lhhung/jax_stage_20260903/fastq/SC2300771_GT23-14630_GATAATACCG-TTTACGTGGT_S5_L006_R2_001.fastq.gz,/home/lhhung/jax_stage_20260903/fastq/SC2300771_GT23-14630_GATAATACCG-TTTACGTGGT_S5_L007_R2_001.fastq.gz,/home/lhhung/jax_stage_20260903/fastq/SC2300771_GT23-14630_GATAATACCG-TTTACGTGGT_S5_L008_R2_001.fastq.gz   /home/lhhung/jax_stage_20260903/fastq/SC2300771_GT23-14630_GATAATACCG-TTTACGTGGT_S5_L001_R1_001.fastq.gz,/home/lhhung/jax_stage_20260903/fastq/SC2300771_GT23-14630_GATAATACCG-TTTACGTGGT_S5_L002_R1_001.fastq.gz,/home/lhhung/jax_stage_20260903/fastq/SC2300771_GT23-14630_GATAATACCG-TTTACGTGGT_S5_L003_R1_001.fastq.gz,/home/lhhung/jax_stage_20260903/fastq/SC2300771_GT23-14630_GATAATACCG-TTTACGTGGT_S5_L004_R1_001.fastq.gz,/home/lhhung/jax_stage_20260903/fastq/SC2300771_GT23-14630_GATAATACCG-TTTACGTGGT_S5_L005_R1_001.fastq.gz,/home/lhhung/jax_stage_20260903/fastq/SC2300771_GT23-14630_GATAATACCG-TTTACGTGGT_S5_L006_R1_001.fastq.gz,/home/lhhung/jax_stage_20260903/fastq/SC2300771_GT23-14630_GATAATACCG-TTTACGTGGT_S5_L007_R1_001.fastq.gz,/home/lhhung/jax_stage_20260903/fastq/SC2300771_GT23-14630_GATAATACCG-TTTACGTGGT_S5_L008_R1_001.fastq.gz   
readFilesBgzfMode                 range
bgzfReaderThreads                 32
bgzfCrcCheck                      1
limitIObufferSize                 50000000   50000000   
outFileNamePrefix                 /home/lhhung/jax_bgzf_reader_recycle_20260904/bgzf_noalign_rep1_20260904T105724Z/
outSAMtype                        None   
outSAMattributes                  None   
outSJtype                         None   
clipAdapterType                   CellRanger4   
alignEndsType                     Local
chimSegmentMin                    0
soloType                          CB_UMI_Simple
soloCBstart                       1
soloUMIstart                      17
soloCBlen                         16
soloUMIlen                        12
soloBarcodeReadLength             0
soloCBwhitelist                   /home/lhhung/jax_stage_20260903/ref/737K-fixed-rna-profiling.txt   
soloStrand                        Unstranded
soloFeatures                      Gene   
soloUMIdedup                      1MM_CR   
soloCBmatchWLtype                 1MM_multi_Nbase_pseudocounts
soloCellFilter                    None   
soloUMIfiltering                  MultiGeneUMI_CR   
soloMultiMappers                  Rescue   
soloKeysCompat                    cr
soloProbeList                     /home/lhhung/jax_stage_20260903/ref/star_index/flex_probe_artifacts/probe_list.txt
soloSampleWhitelist               /home/lhhung/jax_stage_20260903/ref/sample_whitelist_full_16.tsv
soloSampleProbes                  /home/lhhung/jax_stage_20260903/ref/probe-barcodes-fixed-rna-profiling-rna.txt
soloSampleProbeOffset             68
soloSampleSearchNearby            no
soloBucketMode                    ram
soloBucketCount                   256
soloHashScreenFile                /home/lhhung/jax_stage_20260903/ref/h01_cache.bin
flex                              yes
flexPipeline                      yes
flexPipelineNSolo                 0
flexPipelineNTriage               0
flexNoAlign                       1
soloFlexExpectedCellsPerTag       3000
soloFlexAllowedTags               /home/lhhung/jax_stage_20260903/ref/sample_whitelist_full_16.tsv
soloFlexOutputPrefix              /home/lhhung/jax_bgzf_reader_recycle_20260904/bgzf_noalign_rep1_20260904T105724Z/per_sample
crAssignConsumerThreads           -1
crAssignSearchThreads             1

-------------------------------
##### Final effective command line:
/mnt/pikachu/STAR-suite-bgzf-opt-20260904/core/legacy/source/STAR   --runThreadN 32   --dynamicThreadInterface 1   --genomeDir /home/lhhung/jax_stage_20260903/ref/star_index   --readFilesIn /home/lhhung/jax_stage_20260903/fastq/SC2300771_GT23-14630_GATAATACCG-TTTACGTGGT_S5_L001_R2_001.fastq.gz,/home/lhhung/jax_stage_20260903/fastq/SC2300771_GT23-14630_GATAATACCG-TTTACGTGGT_S5_L002_R2_001.fastq.gz,/home/lhhung/jax_stage_20260903/fastq/SC2300771_GT23-14630_GATAATACCG-TTTACGTGGT_S5_L003_R2_001.fastq.gz,/home/lhhung/jax_stage_20260903/fastq/SC2300771_GT23-14630_GATAATACCG-TTTACGTGGT_S5_L004_R2_001.fastq.gz,/home/lhhung/jax_stage_20260903/fastq/SC2300771_GT23-14630_GATAATACCG-TTTACGTGGT_S5_L005_R2_001.fastq.gz,/home/lhhung/jax_stage_20260903/fastq/SC2300771_GT23-14630_GATAATACCG-TTTACGTGGT_S5_L006_R2_001.fastq.gz,/home/lhhung/jax_stage_20260903/fastq/SC2300771_GT23-14630_GATAATACCG-TTTACGTGGT_S5_L007_R2_001.fastq.gz,/home/lhhung/jax_stage_20260903/fastq/SC2300771_GT23-14630_GATAATACCG-TTTACGTGGT_S5_L008_R2_001.fastq.gz   /home/lhhung/jax_stage_20260903/fastq/SC2300771_GT23-14630_GATAATACCG-TTTACGTGGT_S5_L001_R1_001.fastq.gz,/home/lhhung/jax_stage_20260903/fastq/SC2300771_GT23-14630_GATAATACCG-TTTACGTGGT_S5_L002_R1_001.fastq.gz,/home/lhhung/jax_stage_20260903/fastq/SC2300771_GT23-14630_GATAATACCG-TTTACGTGGT_S5_L003_R1_001.fastq.gz,/home/lhhung/jax_stage_20260903/fastq/SC2300771_GT23-14630_GATAATACCG-TTTACGTGGT_S5_L004_R1_001.fastq.gz,/home/lhhung/jax_stage_20260903/fastq/SC2300771_GT23-14630_GATAATACCG-TTTACGTGGT_S5_L005_R1_001.fastq.gz,/home/lhhung/jax_stage_20260903/fastq/SC2300771_GT23-14630_GATAATACCG-TTTACGTGGT_S5_L006_R1_001.fastq.gz,/home/lhhung/jax_stage_20260903/fastq/SC2300771_GT23-14630_GATAATACCG-TTTACGTGGT_S5_L007_R1_001.fastq.gz,/home/lhhung/jax_stage_20260903/fastq/SC2300771_GT23-14630_GATAATACCG-TTTACGTGGT_S5_L008_R1_001.fastq.gz      --readFilesBgzfMode range   --bgzfReaderThreads 32   --bgzfCrcCheck 1   --limitIObufferSize 50000000   50000000      --outFileNamePrefix /home/lhhung/jax_bgzf_reader_recycle_20260904/bgzf_noalign_rep1_20260904T105724Z/   --outSAMtype None      --outSAMattributes None      --outSJtype None      --clipAdapterType CellRanger4      --alignEndsType Local   --chimSegmentMin 0   --soloType CB_UMI_Simple   --soloCBstart 1   --soloUMIstart 17   --soloCBlen 16   --soloUMIlen 12   --soloBarcodeReadLength 0   --soloCBwhitelist /home/lhhung/jax_stage_20260903/ref/737K-fixed-rna-profiling.txt      --soloStrand Unstranded   --soloFeatures Gene      --soloUMIdedup 1MM_CR      --soloCBmatchWLtype 1MM_multi_Nbase_pseudocounts   --soloCellFilter None      --soloUMIfiltering MultiGeneUMI_CR      --soloMultiMappers Rescue      --soloKeysCompat cr   --soloProbeList /home/lhhung/jax_stage_20260903/ref/star_index/flex_probe_artifacts/probe_list.txt   --soloSampleWhitelist /home/lhhung/jax_stage_20260903/ref/sample_whitelist_full_16.tsv   --soloSampleProbes /home/lhhung/jax_stage_20260903/ref/probe-barcodes-fixed-rna-profiling-rna.txt   --soloSampleProbeOffset 68   --soloSampleSearchNearby no   --soloBucketMode ram   --soloBucketCount 256   --soloHashScreenFile /home/lhhung/jax_stage_20260903/ref/h01_cache.bin   --flex yes   --flexPipeline yes   --flexPipelineNSolo 0   --flexPipelineNTriage 0   --flexNoAlign 1   --soloFlexExpectedCellsPerTag 3000   --soloFlexAllowedTags /home/lhhung/jax_stage_20260903/ref/sample_whitelist_full_16.tsv   --soloFlexOutputPrefix /home/lhhung/jax_bgzf_reader_recycle_20260904/bgzf_noalign_rep1_20260904T105724Z/per_sample   --crAssignConsumerThreads -1   --crAssignSearchThreads 1
----------------------------------------

Number of input files for each source = 8
NOTE: .gz Fastx input detected with --readFilesCommand - ; using internal zlib streaming path.
      Set --readFilesLegacyZcat Yes to force legacy external zcat helper mode.
Fastx input path: direct STAR chunk reader

   Input read files for mate 1 :
-rw-r--r-- 1 lhhung lhhung 13706831699 Mar 19 03:28 /home/lhhung/jax_stage_20260903/fastq/SC2300771_GT23-14630_GATAATACCG-TTTACGTGGT_S5_L001_R2_001.fastq.gz
-rw-r--r-- 1 lhhung lhhung 13862762883 Mar 19 02:25 /home/lhhung/jax_stage_20260903/fastq/SC2300771_GT23-14630_GATAATACCG-TTTACGTGGT_S5_L002_R2_001.fastq.gz
-rw-r--r-- 1 lhhung lhhung 13866983827 Mar 19 01:21 /home/lhhung/jax_stage_20260903/fastq/SC2300771_GT23-14630_GATAATACCG-TTTACGTGGT_S5_L003_R2_001.fastq.gz
-rw-r--r-- 1 lhhung lhhung 13952093892 Mar 19 01:37 /home/lhhung/jax_stage_20260903/fastq/SC2300771_GT23-14630_GATAATACCG-TTTACGTGGT_S5_L004_R2_001.fastq.gz
-rw-r--r-- 1 lhhung lhhung 13654188967 Mar 19 04:28 /home/lhhung/jax_stage_20260903/fastq/SC2300771_GT23-14630_GATAATACCG-TTTACGTGGT_S5_L005_R2_001.fastq.gz
-rw-r--r-- 1 lhhung lhhung 13685696283 Mar 19 04:05 /home/lhhung/jax_stage_20260903/fastq/SC2300771_GT23-14630_GATAATACCG-TTTACGTGGT_S5_L006_R2_001.fastq.gz
-rw-r--r-- 1 lhhung lhhung 13747432219 Mar 19 03:32 /home/lhhung/jax_stage_20260903/fastq/SC2300771_GT23-14630_GATAATACCG-TTTACGTGGT_S5_L007_R2_001.fastq.gz
-rw-r--r-- 1 lhhung lhhung 13752035131 Mar 19 02:54 /home/lhhung/jax_stage_20260903/fastq/SC2300771_GT23-14630_GATAATACCG-TTTACGTGGT_S5_L008_R2_001.fastq.gz
NOTE: mate 1 using internal gzip FIFO helper: /home/lhhung/jax_bgzf_reader_recycle_20260904/bgzf_noalign_rep1_20260904T105724Z/_STARtmp/tmp.fifo.read1

   Input read files for mate 2 :
-rw-r--r-- 1 lhhung lhhung 5016524459 Mar 19 05:14 /home/lhhung/jax_stage_20260903/fastq/SC2300771_GT23-14630_GATAATACCG-TTTACGTGGT_S5_L001_R1_001.fastq.gz
-rw-r--r-- 1 lhhung lhhung 5079324441 Mar 19 04:53 /home/lhhung/jax_stage_20260903/fastq/SC2300771_GT23-14630_GATAATACCG-TTTACGTGGT_S5_L002_R1_001.fastq.gz
-rw-r--r-- 1 lhhung lhhung 5102315314 Mar 19 04:33 /home/lhhung/jax_stage_20260903/fastq/SC2300771_GT23-14630_GATAATACCG-TTTACGTGGT_S5_L003_R1_001.fastq.gz
-rw-r--r-- 1 lhhung lhhung 5152374408 Mar 19 03:47 /home/lhhung/jax_stage_20260903/fastq/SC2300771_GT23-14630_GATAATACCG-TTTACGTGGT_S5_L004_R1_001.fastq.gz
-rw-r--r-- 1 lhhung lhhung 5101902583 Mar 19 04:52 /home/lhhung/jax_stage_20260903/fastq/SC2300771_GT23-14630_GATAATACCG-TTTACGTGGT_S5_L005_R1_001.fastq.gz
-rw-r--r-- 1 lhhung lhhung 5111881702 Mar 19 04:40 /home/lhhung/jax_stage_20260903/fastq/SC2300771_GT23-14630_GATAATACCG-TTTACGTGGT_S5_L006_R1_001.fastq.gz
-rw-r--r-- 1 lhhung lhhung 5118982978 Mar 19 04:09 /home/lhhung/jax_stage_20260903/fastq/SC2300771_GT23-14630_GATAATACCG-TTTACGTGGT_S5_L007_R1_001.fastq.gz
-rw-r--r-- 1 lhhung lhhung 5079096873 Mar 19 05:02 /home/lhhung/jax_stage_20260903/fastq/SC2300771_GT23-14630_GATAATACCG-TTTACGTGGT_S5_L008_R1_001.fastq.gz
NOTE: mate 2 using internal gzip FIFO helper: /home/lhhung/jax_bgzf_reader_recycle_20260904/bgzf_noalign_rep1_20260904T105724Z/_STARtmp/tmp.fifo.read2
WARNING: --soloCbUbRequireTogether is DEPRECATED and will be ignored. CB and UB tags are now always handled independently.
--flex yes: Enabled Flex pipeline with production defaults
    soloRunFlexFilter=yes
    soloInlineCBCorrection=no
    soloInlineHashMode=yes (enabled)
    soloFlexMinimalMemory=yes
    soloMapqMode=off (enum=0)
    soloMMrateMax=0.1
    soloBarcodesObservedOnly=yes
    soloUMICorrection=clique
Flex gDNA diagnostic: probe metadata loaded from /home/lhhung/jax_stage_20260903/ref/star_index/flex_probe_artifacts/filtered_probe_set.csv (probes=53459, control_genes=5876)
H0/H1 hash screen: enabled with cache /home/lhhung/jax_stage_20260903/ref/h01_cache.bin (8874194 records, format v2)
Flex gDNA diagnostic: active H0/H1 cache lacks probe-region metadata; mapping remains enabled but the diagnostic will be reported unavailable
Flex mode: Using probe list: /home/lhhung/jax_stage_20260903/ref/star_index/flex_probe_artifacts/probe_list.txt
Number of CBs in the whitelist = 737280
Flex streaming CB buckets: active (ram, 256 buckets, memory budget 32 GiB, async merge workers 2, fan-in 64)
Built cbWLhash: 737280 entries, 2097152 buckets
Initialized CbCorrector with 737280 CBs
CbCorrector initialization verified: whitelistSize=737280
Skipping legacy ambiguousCbByKey precompute (set STAR_BUILD_LEGACY_AMBIG_HASH=1 to enable).
Sep 04 10:57:38 ... Finished reading, sorting and deduplicating CB whitelist sequences.
clip3pPolyG: auto => enabled
Finished loading and checking parameters
Flex count-only no-genome: active
Flex count-only no-genome: hash cache /home/lhhung/jax_stage_20260903/ref/h01_cache.bin
Flex pipeline: runThreadN=32, nLanes=8, triage=0 (fully fused + lane steal + role switch), soloConsumers=0, fusedThreads=32, dedicatedWorkers=0, noAlign=ON (alignment skipped), noGenome=ON
BGZF parallel range readers: active (8 BGZF lanes using 32 on-demand BC/BSIZE inflate readers and 32 fused consumers; R2/R1 inflater allocation 24/8; no pre-index)
BGZF input lane 0: range
BGZF input lane 1: range
BGZF input lane 2: range
BGZF input lane 3: range
BGZF input lane 4: range
BGZF input lane 5: range
BGZF input lane 6: range
BGZF input lane 7: range
Flex shared ambiguous store: active for fully fused no-genome hash records
  32 fused no-genome threads started
PIPELINE_STATS t=10s total=119275520 keep=100166977 deny=827707 sampleReject=9293562 miss=8987274 readerQ=0 soloQ=n/a alignQ=0 delta10s=119275520
PIPELINE_STATS t=20s total=240713728 keep=202650232 deny=1653766 sampleReject=18309611 miss=18100119 readerQ=0 soloQ=n/a alignQ=0 delta10s=121438208
PIPELINE_STATS t=30s total=362414080 keep=305527732 deny=2483527 sampleReject=27154137 miss=27248684 readerQ=0 soloQ=n/a alignQ=0 delta10s=121700352
PIPELINE_STATS t=40s total=482410496 keep=406236169 deny=3338686 sampleReject=36204359 miss=36631282 readerQ=0 soloQ=n/a alignQ=0 delta10s=119996416
PIPELINE_STATS t=50s total=600047616 keep=504494479 deny=4235723 sampleReject=45384034 miss=45933380 readerQ=0 soloQ=n/a alignQ=0 delta10s=117637120
PIPELINE_STATS t=60s total=719192064 keep=604708387 deny=5128093 sampleReject=54328912 miss=55026672 readerQ=0 soloQ=n/a alignQ=0 delta10s=119144448
PIPELINE_STATS t=70s total=839778304 keep=706513184 deny=6019472 sampleReject=63104502 miss=64141146 readerQ=0 soloQ=n/a alignQ=0 delta10s=120586240
PIPELINE_STATS t=80s total=961544192 keep=809624988 deny=6883253 sampleReject=71812278 miss=73223673 readerQ=0 soloQ=n/a alignQ=0 delta10s=121765888
PIPELINE_STATS t=90s total=1080885248 keep=909478274 deny=7800327 sampleReject=80979109 miss=82627538 readerQ=0 soloQ=n/a alignQ=0 delta10s=119341056
PIPELINE_STATS t=100s total=1195900928 keep=1003939655 deny=8932891 sampleReject=90528042 miss=92500340 readerQ=0 soloQ=n/a alignQ=0 delta10s=115015680
PIPELINE_STATS t=110s total=1312686080 keep=1100279273 deny=10050451 sampleReject=99699110 miss=102657246 readerQ=0 soloQ=n/a alignQ=0 delta10s=116785152
PIPELINE_STATS t=120s total=1426063360 keep=1195029435 deny=11056561 sampleReject=108267092 miss=111710272 readerQ=0 soloQ=n/a alignQ=0 delta10s=113377280
PIPELINE_STATS t=130s total=1542062080 keep=1291407332 deny=12045487 sampleReject=117333894 miss=121275367 readerQ=0 soloQ=n/a alignQ=0 delta10s=115998720
PIPELINE_STATS t=140s total=1659371520 keep=1388513643 deny=13064590 sampleReject=126587893 miss=131205394 readerQ=0 soloQ=n/a alignQ=0 delta10s=117309440
PIPELINE_STATS t=150s total=1777598464 keep=1487201065 deny=14044507 sampleReject=135478332 miss=140874560 readerQ=0 soloQ=n/a alignQ=0 delta10s=118226944
PIPELINE_STATS t=160s total=1895497728 keep=1586040689 deny=15062022 sampleReject=144210533 miss=150184484 readerQ=0 soloQ=n/a alignQ=0 delta10s=117899264
PIPELINE_STATS t=170s total=2009510023 keep=1680151681 deny=16095821 sampleReject=153337066 miss=159925455 readerQ=0 soloQ=n/a alignQ=0 delta10s=114012295
  All fused no-genome threads joined
  Stats reporter joined
Flex pipeline complete: total=2011130186, triageKeep=1681459858, triageDeny=16111757, sampleReject=153486035, triageMiss=160072536
  Lane 0: 251189625 reads
  Lane 1: 254280823 reads
  Lane 2: 253814000 reads
  Lane 3: 254819710 reads
  Lane 4: 247421226 reads
  Lane 5: 248719891 reads
  Lane 6: 249909554 reads
  Lane 7: 250975357 reads
Sep 04 11:00:38 ..... finished mapping
RAM after mapping:
VmPeak:	29339696 kB; VmSize:	29036476 kB; VmHWM:	26634388 kB; VmRSS:	26634388 kB; 
Sep 04 11:00:38 ..... started Solo counting
Sep 04 11:00:38 ... Starting Solo post-map for Gene
Solo timing: sumThreads adopt shared ambiguous 1.20253 s (2627928 entries)
Solo timing: sumThreads flush 1.35266 s, merge 4.3361e-05 s, stats 6.321e-06 s, counts 0.0140084 s, release 2.5608e-05 s
Sep 04 11:00:39 ... Starting bucket-parallel Flex collapse
[AMBIG-CB-RESOLVE] pending=2627928 resolved=2082829 resolved_observations=30428806 still_ambiguous=545099 added_to_hash=30428806
Solo timing: pre-loop: resolveAmbiguous 4.56606 s, flushSegments 0.0183276 s, finalizeStore 0.0031822 s, geneIds+allowed 0.00052957 s
Solo timing: bucket loop wall 8.27026 s; thread-seconds load 24.3367, kway_merge 68.9965, compact 6.80038, umi_correct 141.84, molecules 150.485, emit 2.42039
Solo timing: bucket fan-in 0.798768 s
[CB-BUCKET] backend=ram transitioned=no streamed_records=1657428453 aggregated_counts=1657428453 final_molecules=226092712 buckets=256 tail_threads=32 async_merges=6260 async_merged_records=1629392602
Found 694617 unique CBs and 99266019 (CB, gene, tag) groups
Found 1845225 unique (CB, TAG) combinations
  Genes: 18129, Entries: 99266019
Solo timing: post-fan-in setup: indexWl 0.000546946 s, reserve 0.000636554 s, tripletLoop 0.447119 s, perCbVectors 0.00109861 s
Solo raw MEX directory directory created: /home/lhhung/jax_bgzf_reader_recycle_20260904/bgzf_noalign_rep1_20260904T105724Z/Solo.out/Gene/raw/
Solo timing: mex dir prepared 5.9398e-05 s
Sep 04 11:00:54 ... Writing MEX from inline-hash dedup data
Sep 04 11:00:59 ... Finished writing MEX format:
  /home/lhhung/jax_bgzf_reader_recycle_20260904/bgzf_noalign_rep1_20260904T105724Z/Solo.out/Gene/raw/matrix.mtx
  /home/lhhung/jax_bgzf_reader_recycle_20260904/bgzf_noalign_rep1_20260904T105724Z/Solo.out/Gene/raw/barcodes.tsv
  /home/lhhung/jax_bgzf_reader_recycle_20260904/bgzf_noalign_rep1_20260904T105724Z/Solo.out/Gene/raw/features.tsv
  Cells (CB+TAG combos): 1845225
  Features: 18129
  Entries: 99266019
FlexFilter output directory directory created: /home/lhhung/jax_bgzf_reader_recycle_20260904/bgzf_noalign_rep1_20260904T105724Z/per_sample/
Sep 04 11:00:59 ... Running flexfilter inline (in-memory matrix)...
  Loaded 16 allowed tags with sample labels
FlexFilter: Using per-tag expected cells: 3000 x 16 tags = 48000 total
FlexFilter output directory directory exists and will be overwritten: /home/lhhung/jax_bgzf_reader_recycle_20260904/bgzf_noalign_rep1_20260904T105724Z/per_sample/
Sep 04 11:01:19 ... Flexfilter pipeline complete
  Processed 16 tags
  [BC001] Retain=885 SimpleED=885 TailTested=0 ED_Pass=885 OccRemoved=1 Final=884 Expected=4
FlexFilter filtered MEX directory directory and its parents created: /home/lhhung/jax_bgzf_reader_recycle_20260904/bgzf_noalign_rep1_20260904T105724Z/per_sample/BC001/Gene/filtered/
  BC001 (ACTTTAGG): 884 cells, 916 entries
  [BC002] Retain=15850 SimpleED=4088 TailTested=0 ED_Pass=4088 OccRemoved=2 Final=4086 Expected=656
FlexFilter filtered MEX directory directory and its parents created: /home/lhhung/jax_bgzf_reader_recycle_20260904/bgzf_noalign_rep1_20260904T105724Z/per_sample/BC002/Gene/filtered/
  BC002 (AACGGGAA): 4086 cells, 160939 entries
  [BC003] Retain=3365 SimpleED=3365 TailTested=0 ED_Pass=3365 OccRemoved=1 Final=3364 Expected=24
FlexFilter filtered MEX directory directory and its parents created: /home/lhhung/jax_bgzf_reader_recycle_20260904/bgzf_noalign_rep1_20260904T105724Z/per_sample/BC003/Gene/filtered/
  BC003 (AGTAGGCT): 3364 cells, 6411 entries
  [BC004] Retain=120000 SimpleED=0 TailTested=5019 ED_Pass=4409 OccRemoved=3 Final=4406 Expected=8074
FlexFilter filtered MEX directory directory and its parents created: /home/lhhung/jax_bgzf_reader_recycle_20260904/bgzf_noalign_rep1_20260904T105724Z/per_sample/BC004/Gene/filtered/
  BC004 (ATGTTGAC): 4406 cells, 14938152 entries
  [BC005] Retain=3397 SimpleED=3397 TailTested=0 ED_Pass=3397 OccRemoved=2 Final=3395 Expected=24
FlexFilter filtered MEX directory directory and its parents created: /home/lhhung/jax_bgzf_reader_recycle_20260904/bgzf_noalign_rep1_20260904T105724Z/per_sample/BC005/Gene/filtered/
  BC005 (ACAGACCT): 3395 cells, 6228 entries
  [BC006] Retain=120000 SimpleED=0 TailTested=5879 ED_Pass=5301 OccRemoved=3 Final=5298 Expected=9905
FlexFilter filtered MEX directory directory and its parents created: /home/lhhung/jax_bgzf_reader_recycle_20260904/bgzf_noalign_rep1_20260904T105724Z/per_sample/BC006/Gene/filtered/
  BC006 (ATCCCAAC): 5298 cells, 17874169 entries
  [BC007] Retain=120000 SimpleED=0 TailTested=5815 ED_Pass=5389 OccRemoved=3 Final=5386 Expected=14658
FlexFilter filtered MEX directory directory and its parents created: /home/lhhung/jax_bgzf_reader_recycle_20260904/bgzf_noalign_rep1_20260904T105724Z/per_sample/BC007/Gene/filtered/
  BC007 (AAGTAGAG): 5386 cells, 26969774 entries
  [BC008] Retain=120000 SimpleED=0 TailTested=5750 ED_Pass=5276 OccRemoved=3 Final=5273 Expected=14515
FlexFilter filtered MEX directory directory and its parents created: /home/lhhung/jax_bgzf_reader_recycle_20260904/bgzf_noalign_rep1_20260904T105724Z/per_sample/BC008/Gene/filtered/
  BC008 (AGCTGTGA): 5273 cells, 24585205 entries
  [BC009] Retain=1331 SimpleED=1331 TailTested=0 ED_Pass=1331 OccRemoved=2 Final=1329 Expected=6
FlexFilter filtered MEX directory directory and its parents created: /home/lhhung/jax_bgzf_reader_recycle_20260904/bgzf_noalign_rep1_20260904T105724Z/per_sample/BC009/Gene/filtered/
  BC009 (ACAGTCTG): 1329 cells, 1539 entries
  [BC010] Retain=1125 SimpleED=1125 TailTested=0 ED_Pass=1125 OccRemoved=0 Final=1125 Expected=5
FlexFilter filtered MEX directory directory and its parents created: /home/lhhung/jax_bgzf_reader_recycle_20260904/bgzf_noalign_rep1_20260904T105724Z/per_sample/BC010/Gene/filtered/
  BC010 (AGTGAGTG): 1125 cells, 1189 entries
  [BC011] Retain=3970 SimpleED=3970 TailTested=0 ED_Pass=3970 OccRemoved=1 Final=3969 Expected=24
FlexFilter filtered MEX directory directory and its parents created: /home/lhhung/jax_bgzf_reader_recycle_20260904/bgzf_noalign_rep1_20260904T105724Z/per_sample/BC011/Gene/filtered/
  BC011 (AGAGGCAA): 3969 cells, 6224 entries
  [BC012] Retain=529 SimpleED=529 TailTested=0 ED_Pass=529 OccRemoved=0 Final=529 Expected=2
FlexFilter filtered MEX directory directory and its parents created: /home/lhhung/jax_bgzf_reader_recycle_20260904/bgzf_noalign_rep1_20260904T105724Z/per_sample/BC012/Gene/filtered/
  BC012 (ACTACTCA): 529 cells, 554 entries
  [BC013] Retain=5559 SimpleED=5559 TailTested=0 ED_Pass=5559 OccRemoved=2 Final=5557 Expected=61
FlexFilter filtered MEX directory directory and its parents created: /home/lhhung/jax_bgzf_reader_recycle_20260904/bgzf_noalign_rep1_20260904T105724Z/per_sample/BC013/Gene/filtered/
  BC013 (ATACGTCA): 5557 cells, 15651 entries
  [BC014] Retain=1996 SimpleED=1996 TailTested=0 ED_Pass=1996 OccRemoved=1 Final=1995 Expected=9
FlexFilter filtered MEX directory directory and its parents created: /home/lhhung/jax_bgzf_reader_recycle_20260904/bgzf_noalign_rep1_20260904T105724Z/per_sample/BC014/Gene/filtered/
  BC014 (ATCATGTG): 1995 cells, 2388 entries
  [BC015] Retain=2519 SimpleED=2519 TailTested=0 ED_Pass=2519 OccRemoved=3 Final=2516 Expected=12
FlexFilter filtered MEX directory directory and its parents created: /home/lhhung/jax_bgzf_reader_recycle_20260904/bgzf_noalign_rep1_20260904T105724Z/per_sample/BC015/Gene/filtered/
  BC015 (AACGCCGA): 2516 cells, 3002 entries
  [BC016] Retain=3676 SimpleED=3676 TailTested=0 ED_Pass=3676 OccRemoved=3 Final=3673 Expected=21
FlexFilter filtered MEX directory directory and its parents created: /home/lhhung/jax_bgzf_reader_recycle_20260904/bgzf_noalign_rep1_20260904T105724Z/per_sample/BC016/Gene/filtered/
  BC016 (ATTCGGTT): 3673 cells, 5441 entries
Flex gDNA per-sample metrics directory directory exists and will be overwritten: /home/lhhung/jax_bgzf_reader_recycle_20260904/bgzf_noalign_rep1_20260904T105724Z/per_sample/BC001/Gene/filtered/
Flex gDNA per-sample metrics directory directory exists and will be overwritten: /home/lhhung/jax_bgzf_reader_recycle_20260904/bgzf_noalign_rep1_20260904T105724Z/per_sample/BC002/Gene/filtered/
Flex gDNA per-sample metrics directory directory exists and will be overwritten: /home/lhhung/jax_bgzf_reader_recycle_20260904/bgzf_noalign_rep1_20260904T105724Z/per_sample/BC003/Gene/filtered/
Flex gDNA per-sample metrics directory directory exists and will be overwritten: /home/lhhung/jax_bgzf_reader_recycle_20260904/bgzf_noalign_rep1_20260904T105724Z/per_sample/BC004/Gene/filtered/
Flex gDNA per-sample metrics directory directory exists and will be overwritten: /home/lhhung/jax_bgzf_reader_recycle_20260904/bgzf_noalign_rep1_20260904T105724Z/per_sample/BC005/Gene/filtered/
Flex gDNA per-sample metrics directory directory exists and will be overwritten: /home/lhhung/jax_bgzf_reader_recycle_20260904/bgzf_noalign_rep1_20260904T105724Z/per_sample/BC006/Gene/filtered/
Flex gDNA per-sample metrics directory directory exists and will be overwritten: /home/lhhung/jax_bgzf_reader_recycle_20260904/bgzf_noalign_rep1_20260904T105724Z/per_sample/BC007/Gene/filtered/
Flex gDNA per-sample metrics directory directory exists and will be overwritten: /home/lhhung/jax_bgzf_reader_recycle_20260904/bgzf_noalign_rep1_20260904T105724Z/per_sample/BC008/Gene/filtered/
Flex gDNA per-sample metrics directory directory exists and will be overwritten: /home/lhhung/jax_bgzf_reader_recycle_20260904/bgzf_noalign_rep1_20260904T105724Z/per_sample/BC009/Gene/filtered/
Flex gDNA per-sample metrics directory directory exists and will be overwritten: /home/lhhung/jax_bgzf_reader_recycle_20260904/bgzf_noalign_rep1_20260904T105724Z/per_sample/BC010/Gene/filtered/
Flex gDNA per-sample metrics directory directory exists and will be overwritten: /home/lhhung/jax_bgzf_reader_recycle_20260904/bgzf_noalign_rep1_20260904T105724Z/per_sample/BC011/Gene/filtered/
Flex gDNA per-sample metrics directory directory exists and will be overwritten: /home/lhhung/jax_bgzf_reader_recycle_20260904/bgzf_noalign_rep1_20260904T105724Z/per_sample/BC012/Gene/filtered/
Flex gDNA per-sample metrics directory directory exists and will be overwritten: /home/lhhung/jax_bgzf_reader_recycle_20260904/bgzf_noalign_rep1_20260904T105724Z/per_sample/BC013/Gene/filtered/
Flex gDNA per-sample metrics directory directory exists and will be overwritten: /home/lhhung/jax_bgzf_reader_recycle_20260904/bgzf_noalign_rep1_20260904T105724Z/per_sample/BC014/Gene/filtered/
Flex gDNA per-sample metrics directory directory exists and will be overwritten: /home/lhhung/jax_bgzf_reader_recycle_20260904/bgzf_noalign_rep1_20260904T105724Z/per_sample/BC015/Gene/filtered/
Flex gDNA per-sample metrics directory directory exists and will be overwritten: /home/lhhung/jax_bgzf_reader_recycle_20260904/bgzf_noalign_rep1_20260904T105724Z/per_sample/BC016/Gene/filtered/
Flex gDNA diagnostic: cache_region_metadata_unavailable
Sep 04 11:01:26 ... Finished bucket-parallel Flex collapse
Solo timing: collapseUMIall_fromBuckets 46.4457 s
Sep 04 11:01:26 ... Finished collapsing UMIs (direct hash mode)
Solo timing: countCBgeneUMI 46.4458 s
Sep 04 11:01:26 ... Solo: inline-hash mode completed (skipping legacy output)
Solo timing: processRecords 47.706 s
Sep 04 11:01:26 ..... finished Solo counting
ALL DONE!
