STAR-suite version=1.8.2
STAR upstream version=2.7.11b
STAR genome compatibility version=2.7.4a
STAR-suite source revision=3b13447ba32537c8a6b2abfdccdbf676778a4f9c-dirty
STAR compilation time,server,dir=2026-09-04T12:17:21+00:00 :/mnt/pikachu/STAR-suite-bgzf-opt-20260904/core/legacy/source
STAR git: On branch perf-bgzf-reader ; commit 3b13447ba32537c8a6b2abfdccdbf676778a4f9c ; diff files: 
##### Command Line:
/mnt/pikachu/STAR-suite-bgzf-opt-20260904/core/legacy/source/STAR --runThreadN 32 --genomeDir /home/lhhung/jax_stage_20260903/ref/star_index --soloType CB_UMI_Simple --soloCBstart 1 --soloUMIstart 17 --soloCBlen 16 --soloUMIlen 12 --soloBarcodeReadLength 0 --soloCBwhitelist /home/lhhung/jax_stage_20260903/ref/737K-fixed-rna-profiling.txt --flex yes --soloFlexExpectedCellsPerTag 3000 --soloSampleWhitelist /home/lhhung/jax_stage_20260903/ref/sample_whitelist_full_16.tsv --soloProbeList /home/lhhung/jax_stage_20260903/ref/star_index/flex_probe_artifacts/probe_list.txt --soloSampleProbes /home/lhhung/jax_stage_20260903/ref/probe-barcodes-fixed-rna-profiling-rna.txt --soloSampleProbeOffset 68 --soloFlexAllowedTags /home/lhhung/jax_stage_20260903/ref/sample_whitelist_full_16.tsv --soloFlexOutputPrefix /home/lhhung/jax_cbq_range_balance_20260904/cbq_noalign_rep1_20260904T121825Z/per_sample --limitIObufferSize 50000000 50000000 --outSJtype None --outSAMtype None --outSAMattributes None --soloFeatures Gene --soloCellFilter None --soloMultiMappers Rescue --soloCBmatchWLtype 1MM_multi_Nbase_pseudocounts --soloUMIfiltering MultiGeneUMI_CR --soloUMIdedup 1MM_CR --soloStrand Unstranded --clipAdapterType CellRanger4 --alignEndsType Local --chimSegmentMin 0 --soloKeysCompat cr --soloSampleSearchNearby no --soloHashScreenFile /home/lhhung/jax_stage_20260903/ref/h01_cache.bin --soloBucketMode ram --soloBucketCount 256 --flexPipeline yes --flexPipelineNTriage 0 --flexPipelineNSolo 0 --flexNoAlign 1 --dynamicThreadInterface 1 --crAssignConsumerThreads -1 --crAssignSearchThreads 1 --outFileNamePrefix /home/lhhung/jax_cbq_range_balance_20260904/cbq_noalign_rep1_20260904T121825Z/ --readFilesType Binseq PE --readFilesCbqRangeMode range --readFilesIn /home/lhhung/jax_stage_20260903/cbq/lane_000.cbq,/home/lhhung/jax_stage_20260903/cbq/lane_001.cbq,/home/lhhung/jax_stage_20260903/cbq/lane_002.cbq,/home/lhhung/jax_stage_20260903/cbq/lane_003.cbq,/home/lhhung/jax_stage_20260903/cbq/lane_004.cbq,/home/lhhung/jax_stage_20260903/cbq/lane_005.cbq,/home/lhhung/jax_stage_20260903/cbq/lane_006.cbq,/home/lhhung/jax_stage_20260903/cbq/lane_007.cbq
##### Initial USER parameters from Command Line:
outFileNamePrefix                 /home/lhhung/jax_cbq_range_balance_20260904/cbq_noalign_rep1_20260904T121825Z/
###### All USER parameters from Command Line:
runThreadN                    32     ~RE-DEFINED
genomeDir                     /home/lhhung/jax_stage_20260903/ref/star_index     ~RE-DEFINED
soloType                      CB_UMI_Simple     ~RE-DEFINED
soloCBstart                   1     ~RE-DEFINED
soloUMIstart                  17     ~RE-DEFINED
soloCBlen                     16     ~RE-DEFINED
soloUMIlen                    12     ~RE-DEFINED
soloBarcodeReadLength         0     ~RE-DEFINED
soloCBwhitelist               /home/lhhung/jax_stage_20260903/ref/737K-fixed-rna-profiling.txt        ~RE-DEFINED
flex                          yes     ~RE-DEFINED
soloFlexExpectedCellsPerTag   3000     ~RE-DEFINED
soloSampleWhitelist           /home/lhhung/jax_stage_20260903/ref/sample_whitelist_full_16.tsv     ~RE-DEFINED
soloProbeList                 /home/lhhung/jax_stage_20260903/ref/star_index/flex_probe_artifacts/probe_list.txt     ~RE-DEFINED
soloSampleProbes              /home/lhhung/jax_stage_20260903/ref/probe-barcodes-fixed-rna-profiling-rna.txt     ~RE-DEFINED
soloSampleProbeOffset         68     ~RE-DEFINED
soloFlexAllowedTags           /home/lhhung/jax_stage_20260903/ref/sample_whitelist_full_16.tsv     ~RE-DEFINED
soloFlexOutputPrefix          /home/lhhung/jax_cbq_range_balance_20260904/cbq_noalign_rep1_20260904T121825Z/per_sample     ~RE-DEFINED
limitIObufferSize             50000000   50000000        ~RE-DEFINED
outSJtype                     None        ~RE-DEFINED
outSAMtype                    None        ~RE-DEFINED
outSAMattributes              None        ~RE-DEFINED
soloFeatures                  Gene        ~RE-DEFINED
soloCellFilter                None        ~RE-DEFINED
soloMultiMappers              Rescue        ~RE-DEFINED
soloCBmatchWLtype             1MM_multi_Nbase_pseudocounts     ~RE-DEFINED
soloUMIfiltering              MultiGeneUMI_CR        ~RE-DEFINED
soloUMIdedup                  1MM_CR        ~RE-DEFINED
soloStrand                    Unstranded     ~RE-DEFINED
clipAdapterType               CellRanger4        ~RE-DEFINED
alignEndsType                 Local     ~RE-DEFINED
chimSegmentMin                0     ~RE-DEFINED
soloKeysCompat                cr     ~RE-DEFINED
soloSampleSearchNearby        no     ~RE-DEFINED
soloHashScreenFile            /home/lhhung/jax_stage_20260903/ref/h01_cache.bin     ~RE-DEFINED
soloBucketMode                ram     ~RE-DEFINED
soloBucketCount               256     ~RE-DEFINED
flexPipeline                  yes     ~RE-DEFINED
flexPipelineNTriage           0     ~RE-DEFINED
flexPipelineNSolo             0     ~RE-DEFINED
flexNoAlign                   1     ~RE-DEFINED
dynamicThreadInterface        1     ~RE-DEFINED
crAssignConsumerThreads       -1     ~RE-DEFINED
crAssignSearchThreads         1     ~RE-DEFINED
outFileNamePrefix             /home/lhhung/jax_cbq_range_balance_20260904/cbq_noalign_rep1_20260904T121825Z/     ~RE-DEFINED
readFilesType                 Binseq   PE        ~RE-DEFINED
readFilesCbqRangeMode         range     ~RE-DEFINED
readFilesIn                   /home/lhhung/jax_stage_20260903/cbq/lane_000.cbq,/home/lhhung/jax_stage_20260903/cbq/lane_001.cbq,/home/lhhung/jax_stage_20260903/cbq/lane_002.cbq,/home/lhhung/jax_stage_20260903/cbq/lane_003.cbq,/home/lhhung/jax_stage_20260903/cbq/lane_004.cbq,/home/lhhung/jax_stage_20260903/cbq/lane_005.cbq,/home/lhhung/jax_stage_20260903/cbq/lane_006.cbq,/home/lhhung/jax_stage_20260903/cbq/lane_007.cbq        ~RE-DEFINED
##### Finished reading parameters from all sources

##### Final user re-defined parameters-----------------:
runThreadN                        32
dynamicThreadInterface            1
genomeDir                         /home/lhhung/jax_stage_20260903/ref/star_index
readFilesType                     Binseq   PE   
readFilesIn                       /home/lhhung/jax_stage_20260903/cbq/lane_000.cbq,/home/lhhung/jax_stage_20260903/cbq/lane_001.cbq,/home/lhhung/jax_stage_20260903/cbq/lane_002.cbq,/home/lhhung/jax_stage_20260903/cbq/lane_003.cbq,/home/lhhung/jax_stage_20260903/cbq/lane_004.cbq,/home/lhhung/jax_stage_20260903/cbq/lane_005.cbq,/home/lhhung/jax_stage_20260903/cbq/lane_006.cbq,/home/lhhung/jax_stage_20260903/cbq/lane_007.cbq   
readFilesCbqRangeMode             range
limitIObufferSize                 50000000   50000000   
outFileNamePrefix                 /home/lhhung/jax_cbq_range_balance_20260904/cbq_noalign_rep1_20260904T121825Z/
outSAMtype                        None   
outSAMattributes                  None   
outSJtype                         None   
clipAdapterType                   CellRanger4   
alignEndsType                     Local
chimSegmentMin                    0
soloType                          CB_UMI_Simple
soloCBstart                       1
soloUMIstart                      17
soloCBlen                         16
soloUMIlen                        12
soloBarcodeReadLength             0
soloCBwhitelist                   /home/lhhung/jax_stage_20260903/ref/737K-fixed-rna-profiling.txt   
soloStrand                        Unstranded
soloFeatures                      Gene   
soloUMIdedup                      1MM_CR   
soloCBmatchWLtype                 1MM_multi_Nbase_pseudocounts
soloCellFilter                    None   
soloUMIfiltering                  MultiGeneUMI_CR   
soloMultiMappers                  Rescue   
soloKeysCompat                    cr
soloProbeList                     /home/lhhung/jax_stage_20260903/ref/star_index/flex_probe_artifacts/probe_list.txt
soloSampleWhitelist               /home/lhhung/jax_stage_20260903/ref/sample_whitelist_full_16.tsv
soloSampleProbes                  /home/lhhung/jax_stage_20260903/ref/probe-barcodes-fixed-rna-profiling-rna.txt
soloSampleProbeOffset             68
soloSampleSearchNearby            no
soloBucketMode                    ram
soloBucketCount                   256
soloHashScreenFile                /home/lhhung/jax_stage_20260903/ref/h01_cache.bin
flex                              yes
flexPipeline                      yes
flexPipelineNSolo                 0
flexPipelineNTriage               0
flexNoAlign                       1
soloFlexExpectedCellsPerTag       3000
soloFlexAllowedTags               /home/lhhung/jax_stage_20260903/ref/sample_whitelist_full_16.tsv
soloFlexOutputPrefix              /home/lhhung/jax_cbq_range_balance_20260904/cbq_noalign_rep1_20260904T121825Z/per_sample
crAssignConsumerThreads           -1
crAssignSearchThreads             1

-------------------------------
##### Final effective command line:
/mnt/pikachu/STAR-suite-bgzf-opt-20260904/core/legacy/source/STAR   --runThreadN 32   --dynamicThreadInterface 1   --genomeDir /home/lhhung/jax_stage_20260903/ref/star_index   --readFilesType Binseq   PE      --readFilesIn /home/lhhung/jax_stage_20260903/cbq/lane_000.cbq,/home/lhhung/jax_stage_20260903/cbq/lane_001.cbq,/home/lhhung/jax_stage_20260903/cbq/lane_002.cbq,/home/lhhung/jax_stage_20260903/cbq/lane_003.cbq,/home/lhhung/jax_stage_20260903/cbq/lane_004.cbq,/home/lhhung/jax_stage_20260903/cbq/lane_005.cbq,/home/lhhung/jax_stage_20260903/cbq/lane_006.cbq,/home/lhhung/jax_stage_20260903/cbq/lane_007.cbq      --readFilesCbqRangeMode range   --limitIObufferSize 50000000   50000000      --outFileNamePrefix /home/lhhung/jax_cbq_range_balance_20260904/cbq_noalign_rep1_20260904T121825Z/   --outSAMtype None      --outSAMattributes None      --outSJtype None      --clipAdapterType CellRanger4      --alignEndsType Local   --chimSegmentMin 0   --soloType CB_UMI_Simple   --soloCBstart 1   --soloUMIstart 17   --soloCBlen 16   --soloUMIlen 12   --soloBarcodeReadLength 0   --soloCBwhitelist /home/lhhung/jax_stage_20260903/ref/737K-fixed-rna-profiling.txt      --soloStrand Unstranded   --soloFeatures Gene      --soloUMIdedup 1MM_CR      --soloCBmatchWLtype 1MM_multi_Nbase_pseudocounts   --soloCellFilter None      --soloUMIfiltering MultiGeneUMI_CR      --soloMultiMappers Rescue      --soloKeysCompat cr   --soloProbeList /home/lhhung/jax_stage_20260903/ref/star_index/flex_probe_artifacts/probe_list.txt   --soloSampleWhitelist /home/lhhung/jax_stage_20260903/ref/sample_whitelist_full_16.tsv   --soloSampleProbes /home/lhhung/jax_stage_20260903/ref/probe-barcodes-fixed-rna-profiling-rna.txt   --soloSampleProbeOffset 68   --soloSampleSearchNearby no   --soloBucketMode ram   --soloBucketCount 256   --soloHashScreenFile /home/lhhung/jax_stage_20260903/ref/h01_cache.bin   --flex yes   --flexPipeline yes   --flexPipelineNSolo 0   --flexPipelineNTriage 0   --flexNoAlign 1   --soloFlexExpectedCellsPerTag 3000   --soloFlexAllowedTags /home/lhhung/jax_stage_20260903/ref/sample_whitelist_full_16.tsv   --soloFlexOutputPrefix /home/lhhung/jax_cbq_range_balance_20260904/cbq_noalign_rep1_20260904T121825Z/per_sample   --crAssignConsumerThreads -1   --crAssignSearchThreads 1
----------------------------------------

Number of input files for each source = 8
CBQ indexed range reader: active with 39 tasks across 8 lanes and 2011130186 records
WARNING: --soloCbUbRequireTogether is DEPRECATED and will be ignored. CB and UB tags are now always handled independently.
--flex yes: Enabled Flex pipeline with production defaults
    soloRunFlexFilter=yes
    soloInlineCBCorrection=no
    soloInlineHashMode=yes (enabled)
    soloFlexMinimalMemory=yes
    soloMapqMode=off (enum=0)
    soloMMrateMax=0.1
    soloBarcodesObservedOnly=yes
    soloUMICorrection=clique
Flex gDNA diagnostic: probe metadata loaded from /home/lhhung/jax_stage_20260903/ref/star_index/flex_probe_artifacts/filtered_probe_set.csv (probes=53459, control_genes=5876)
H0/H1 hash screen: enabled with cache /home/lhhung/jax_stage_20260903/ref/h01_cache.bin (8874194 records, format v2)
Flex gDNA diagnostic: active H0/H1 cache lacks probe-region metadata; mapping remains enabled but the diagnostic will be reported unavailable
Flex mode: Using probe list: /home/lhhung/jax_stage_20260903/ref/star_index/flex_probe_artifacts/probe_list.txt
Number of CBs in the whitelist = 737280
Flex streaming CB buckets: active (ram, 256 buckets, memory budget 32 GiB, async merge workers 2, fan-in 64)
Built cbWLhash: 737280 entries, 2097152 buckets
Initialized CbCorrector with 737280 CBs
CbCorrector initialization verified: whitelistSize=737280
Skipping legacy ambiguousCbByKey precompute (set STAR_BUILD_LEGACY_AMBIG_HASH=1 to enable).
Sep 04 12:18:38 ... Finished reading, sorting and deduplicating CB whitelist sequences.
clip3pPolyG: auto => enabled
Finished loading and checking parameters
Flex count-only no-genome: active
Flex count-only no-genome: hash cache /home/lhhung/jax_stage_20260903/ref/h01_cache.bin
Flex pipeline: runThreadN=32, nLanes=8, triage=0 (fully fused + lane steal + role switch), soloConsumers=0, fusedThreads=32, dedicatedWorkers=0, noAlign=ON (alignment skipped), noGenome=ON
Flex CBQ range: active (135 ranges across 8 lanes and 2011130186 records)
Flex shared ambiguous store: active for fully fused no-genome hash records
  32 fused no-genome threads started
PIPELINE_STATS t=10s total=146936759 keep=123272799 deny=1067646 sampleReject=11126000 miss=11470314 readerQ=0 soloQ=n/a alignQ=0 delta10s=146936759
PIPELINE_STATS t=20s total=297276343 keep=249295478 deny=2221219 sampleReject=22512813 miss=23246833 readerQ=0 soloQ=n/a alignQ=0 delta10s=150339584
PIPELINE_STATS t=30s total=446436279 keep=374252402 deny=3320168 sampleReject=33795182 miss=35068527 readerQ=0 soloQ=n/a alignQ=0 delta10s=149159936
PIPELINE_STATS t=40s total=594927088 keep=498809613 deny=4452604 sampleReject=45056603 miss=46608268 readerQ=0 soloQ=n/a alignQ=0 delta10s=148490809
PIPELINE_STATS t=50s total=743364928 keep=623268696 deny=5610629 sampleReject=56344037 miss=58141566 readerQ=0 soloQ=n/a alignQ=0 delta10s=148437840
PIPELINE_STATS t=60s total=892688390 keep=748409622 deny=6777479 sampleReject=67692553 miss=69808736 readerQ=0 soloQ=n/a alignQ=0 delta10s=149323462
PIPELINE_STATS t=70s total=1040841377 keep=872181135 deny=8003939 sampleReject=79093072 miss=81563231 readerQ=0 soloQ=n/a alignQ=0 delta10s=148152987
PIPELINE_STATS t=80s total=1187130155 keep=994351237 deny=9256300 sampleReject=90360747 miss=93161871 readerQ=0 soloQ=n/a alignQ=0 delta10s=146288778
PIPELINE_STATS t=90s total=1333665702 keep=1116175896 deny=10523408 sampleReject=101851079 miss=105115319 readerQ=0 soloQ=n/a alignQ=0 delta10s=146535547
PIPELINE_STATS t=100s total=1479336192 keep=1237720712 deny=11790271 sampleReject=113103519 miss=116721690 readerQ=0 soloQ=n/a alignQ=0 delta10s=145670490
PIPELINE_STATS t=110s total=1625251442 keep=1359568768 deny=12999494 sampleReject=124274660 miss=128408520 readerQ=0 soloQ=n/a alignQ=0 delta10s=145915250
PIPELINE_STATS t=120s total=1771677296 keep=1482142471 deny=14157240 sampleReject=135346547 miss=140031038 readerQ=0 soloQ=n/a alignQ=0 delta10s=146425854
PIPELINE_STATS t=130s total=1916101955 keep=1603097479 deny=15305537 sampleReject=146249952 miss=151448987 readerQ=0 soloQ=n/a alignQ=0 delta10s=144424659
PIPELINE_STATS t=140s total=2009508525 keep=1680143974 deny=16096605 sampleReject=153348113 miss=159919833 readerQ=0 soloQ=n/a alignQ=0 delta10s=93406570
  All fused no-genome threads joined
  Stats reporter joined
Flex pipeline complete: total=2011130186, triageKeep=1681459858, triageDeny=16111757, sampleReject=153486035, triageMiss=160072536
  Lane 0: 251189625 reads
  Lane 1: 254280823 reads
  Lane 2: 253814000 reads
  Lane 3: 254819710 reads
  Lane 4: 247421226 reads
  Lane 5: 248719891 reads
  Lane 6: 249909554 reads
  Lane 7: 250975357 reads
Sep 04 12:21:08 ..... finished mapping
RAM after mapping:
VmPeak:	27321444 kB; VmSize:	27206668 kB; VmHWM:	25887896 kB; VmRSS:	25887896 kB; 
Sep 04 12:21:08 ..... started Solo counting
Sep 04 12:21:08 ... Starting Solo post-map for Gene
Solo timing: sumThreads adopt shared ambiguous 1.23747 s (2627928 entries)
Solo timing: sumThreads flush 1.54952 s, merge 4.4597e-05 s, stats 5.161e-06 s, counts 0.0138928 s, release 2.6024e-05 s
Sep 04 12:21:09 ... Starting bucket-parallel Flex collapse
[AMBIG-CB-RESOLVE] pending=2627928 resolved=2082829 resolved_observations=30428806 still_ambiguous=545099 added_to_hash=30428806
Solo timing: pre-loop: resolveAmbiguous 4.66523 s, flushSegments 0.0183092 s, finalizeStore 6.63e-07 s, geneIds+allowed 0.000545223 s
Solo timing: bucket loop wall 8.29552 s; thread-seconds load 24.444, kway_merge 70.7756, compact 6.7005, umi_correct 140.597, molecules 149.089, emit 2.30408
Solo timing: bucket fan-in 0.803758 s
[CB-BUCKET] backend=ram transitioned=no streamed_records=1657428453 aggregated_counts=1657428453 final_molecules=226092712 buckets=256 tail_threads=32 async_merges=6257 async_merged_records=1628816078
Found 694617 unique CBs and 99266019 (CB, gene, tag) groups
Found 1845225 unique (CB, TAG) combinations
  Genes: 18129, Entries: 99266019
Solo timing: post-fan-in setup: indexWl 0.000402748 s, reserve 0.000466447 s, tripletLoop 0.439325 s, perCbVectors 0.00110724 s
Solo raw MEX directory directory created: /home/lhhung/jax_cbq_range_balance_20260904/cbq_noalign_rep1_20260904T121825Z/Solo.out/Gene/raw/
Solo timing: mex dir prepared 6.0842e-05 s
Sep 04 12:21:23 ... Writing MEX from inline-hash dedup data
Sep 04 12:21:29 ... Finished writing MEX format:
  /home/lhhung/jax_cbq_range_balance_20260904/cbq_noalign_rep1_20260904T121825Z/Solo.out/Gene/raw/matrix.mtx
  /home/lhhung/jax_cbq_range_balance_20260904/cbq_noalign_rep1_20260904T121825Z/Solo.out/Gene/raw/barcodes.tsv
  /home/lhhung/jax_cbq_range_balance_20260904/cbq_noalign_rep1_20260904T121825Z/Solo.out/Gene/raw/features.tsv
  Cells (CB+TAG combos): 1845225
  Features: 18129
  Entries: 99266019
FlexFilter output directory directory created: /home/lhhung/jax_cbq_range_balance_20260904/cbq_noalign_rep1_20260904T121825Z/per_sample/
Sep 04 12:21:29 ... Running flexfilter inline (in-memory matrix)...
  Loaded 16 allowed tags with sample labels
FlexFilter: Using per-tag expected cells: 3000 x 16 tags = 48000 total
FlexFilter output directory directory exists and will be overwritten: /home/lhhung/jax_cbq_range_balance_20260904/cbq_noalign_rep1_20260904T121825Z/per_sample/
Sep 04 12:21:49 ... Flexfilter pipeline complete
  Processed 16 tags
  [BC001] Retain=885 SimpleED=885 TailTested=0 ED_Pass=885 OccRemoved=1 Final=884 Expected=4
FlexFilter filtered MEX directory directory and its parents created: /home/lhhung/jax_cbq_range_balance_20260904/cbq_noalign_rep1_20260904T121825Z/per_sample/BC001/Gene/filtered/
  BC001 (ACTTTAGG): 884 cells, 916 entries
  [BC002] Retain=15850 SimpleED=4088 TailTested=0 ED_Pass=4088 OccRemoved=2 Final=4086 Expected=656
FlexFilter filtered MEX directory directory and its parents created: /home/lhhung/jax_cbq_range_balance_20260904/cbq_noalign_rep1_20260904T121825Z/per_sample/BC002/Gene/filtered/
  BC002 (AACGGGAA): 4086 cells, 160939 entries
  [BC003] Retain=3365 SimpleED=3365 TailTested=0 ED_Pass=3365 OccRemoved=1 Final=3364 Expected=24
FlexFilter filtered MEX directory directory and its parents created: /home/lhhung/jax_cbq_range_balance_20260904/cbq_noalign_rep1_20260904T121825Z/per_sample/BC003/Gene/filtered/
  BC003 (AGTAGGCT): 3364 cells, 6411 entries
  [BC004] Retain=120000 SimpleED=0 TailTested=5019 ED_Pass=4409 OccRemoved=3 Final=4406 Expected=8074
FlexFilter filtered MEX directory directory and its parents created: /home/lhhung/jax_cbq_range_balance_20260904/cbq_noalign_rep1_20260904T121825Z/per_sample/BC004/Gene/filtered/
  BC004 (ATGTTGAC): 4406 cells, 14938152 entries
  [BC005] Retain=3397 SimpleED=3397 TailTested=0 ED_Pass=3397 OccRemoved=2 Final=3395 Expected=24
FlexFilter filtered MEX directory directory and its parents created: /home/lhhung/jax_cbq_range_balance_20260904/cbq_noalign_rep1_20260904T121825Z/per_sample/BC005/Gene/filtered/
  BC005 (ACAGACCT): 3395 cells, 6228 entries
  [BC006] Retain=120000 SimpleED=0 TailTested=5879 ED_Pass=5301 OccRemoved=3 Final=5298 Expected=9905
FlexFilter filtered MEX directory directory and its parents created: /home/lhhung/jax_cbq_range_balance_20260904/cbq_noalign_rep1_20260904T121825Z/per_sample/BC006/Gene/filtered/
  BC006 (ATCCCAAC): 5298 cells, 17874169 entries
  [BC007] Retain=120000 SimpleED=0 TailTested=5815 ED_Pass=5389 OccRemoved=3 Final=5386 Expected=14658
FlexFilter filtered MEX directory directory and its parents created: /home/lhhung/jax_cbq_range_balance_20260904/cbq_noalign_rep1_20260904T121825Z/per_sample/BC007/Gene/filtered/
  BC007 (AAGTAGAG): 5386 cells, 26969774 entries
  [BC008] Retain=120000 SimpleED=0 TailTested=5750 ED_Pass=5276 OccRemoved=3 Final=5273 Expected=14515
FlexFilter filtered MEX directory directory and its parents created: /home/lhhung/jax_cbq_range_balance_20260904/cbq_noalign_rep1_20260904T121825Z/per_sample/BC008/Gene/filtered/
  BC008 (AGCTGTGA): 5273 cells, 24585205 entries
  [BC009] Retain=1331 SimpleED=1331 TailTested=0 ED_Pass=1331 OccRemoved=2 Final=1329 Expected=6
FlexFilter filtered MEX directory directory and its parents created: /home/lhhung/jax_cbq_range_balance_20260904/cbq_noalign_rep1_20260904T121825Z/per_sample/BC009/Gene/filtered/
  BC009 (ACAGTCTG): 1329 cells, 1539 entries
  [BC010] Retain=1125 SimpleED=1125 TailTested=0 ED_Pass=1125 OccRemoved=0 Final=1125 Expected=5
FlexFilter filtered MEX directory directory and its parents created: /home/lhhung/jax_cbq_range_balance_20260904/cbq_noalign_rep1_20260904T121825Z/per_sample/BC010/Gene/filtered/
  BC010 (AGTGAGTG): 1125 cells, 1189 entries
  [BC011] Retain=3970 SimpleED=3970 TailTested=0 ED_Pass=3970 OccRemoved=1 Final=3969 Expected=24
FlexFilter filtered MEX directory directory and its parents created: /home/lhhung/jax_cbq_range_balance_20260904/cbq_noalign_rep1_20260904T121825Z/per_sample/BC011/Gene/filtered/
  BC011 (AGAGGCAA): 3969 cells, 6224 entries
  [BC012] Retain=529 SimpleED=529 TailTested=0 ED_Pass=529 OccRemoved=0 Final=529 Expected=2
FlexFilter filtered MEX directory directory and its parents created: /home/lhhung/jax_cbq_range_balance_20260904/cbq_noalign_rep1_20260904T121825Z/per_sample/BC012/Gene/filtered/
  BC012 (ACTACTCA): 529 cells, 554 entries
  [BC013] Retain=5559 SimpleED=5559 TailTested=0 ED_Pass=5559 OccRemoved=2 Final=5557 Expected=61
FlexFilter filtered MEX directory directory and its parents created: /home/lhhung/jax_cbq_range_balance_20260904/cbq_noalign_rep1_20260904T121825Z/per_sample/BC013/Gene/filtered/
  BC013 (ATACGTCA): 5557 cells, 15651 entries
  [BC014] Retain=1996 SimpleED=1996 TailTested=0 ED_Pass=1996 OccRemoved=1 Final=1995 Expected=9
FlexFilter filtered MEX directory directory and its parents created: /home/lhhung/jax_cbq_range_balance_20260904/cbq_noalign_rep1_20260904T121825Z/per_sample/BC014/Gene/filtered/
  BC014 (ATCATGTG): 1995 cells, 2388 entries
  [BC015] Retain=2519 SimpleED=2519 TailTested=0 ED_Pass=2519 OccRemoved=3 Final=2516 Expected=12
FlexFilter filtered MEX directory directory and its parents created: /home/lhhung/jax_cbq_range_balance_20260904/cbq_noalign_rep1_20260904T121825Z/per_sample/BC015/Gene/filtered/
  BC015 (AACGCCGA): 2516 cells, 3002 entries
  [BC016] Retain=3676 SimpleED=3676 TailTested=0 ED_Pass=3676 OccRemoved=3 Final=3673 Expected=21
FlexFilter filtered MEX directory directory and its parents created: /home/lhhung/jax_cbq_range_balance_20260904/cbq_noalign_rep1_20260904T121825Z/per_sample/BC016/Gene/filtered/
  BC016 (ATTCGGTT): 3673 cells, 5441 entries
Flex gDNA per-sample metrics directory directory exists and will be overwritten: /home/lhhung/jax_cbq_range_balance_20260904/cbq_noalign_rep1_20260904T121825Z/per_sample/BC001/Gene/filtered/
Flex gDNA per-sample metrics directory directory exists and will be overwritten: /home/lhhung/jax_cbq_range_balance_20260904/cbq_noalign_rep1_20260904T121825Z/per_sample/BC002/Gene/filtered/
Flex gDNA per-sample metrics directory directory exists and will be overwritten: /home/lhhung/jax_cbq_range_balance_20260904/cbq_noalign_rep1_20260904T121825Z/per_sample/BC003/Gene/filtered/
Flex gDNA per-sample metrics directory directory exists and will be overwritten: /home/lhhung/jax_cbq_range_balance_20260904/cbq_noalign_rep1_20260904T121825Z/per_sample/BC004/Gene/filtered/
Flex gDNA per-sample metrics directory directory exists and will be overwritten: /home/lhhung/jax_cbq_range_balance_20260904/cbq_noalign_rep1_20260904T121825Z/per_sample/BC005/Gene/filtered/
Flex gDNA per-sample metrics directory directory exists and will be overwritten: /home/lhhung/jax_cbq_range_balance_20260904/cbq_noalign_rep1_20260904T121825Z/per_sample/BC006/Gene/filtered/
Flex gDNA per-sample metrics directory directory exists and will be overwritten: /home/lhhung/jax_cbq_range_balance_20260904/cbq_noalign_rep1_20260904T121825Z/per_sample/BC007/Gene/filtered/
Flex gDNA per-sample metrics directory directory exists and will be overwritten: /home/lhhung/jax_cbq_range_balance_20260904/cbq_noalign_rep1_20260904T121825Z/per_sample/BC008/Gene/filtered/
Flex gDNA per-sample metrics directory directory exists and will be overwritten: /home/lhhung/jax_cbq_range_balance_20260904/cbq_noalign_rep1_20260904T121825Z/per_sample/BC009/Gene/filtered/
Flex gDNA per-sample metrics directory directory exists and will be overwritten: /home/lhhung/jax_cbq_range_balance_20260904/cbq_noalign_rep1_20260904T121825Z/per_sample/BC010/Gene/filtered/
Flex gDNA per-sample metrics directory directory exists and will be overwritten: /home/lhhung/jax_cbq_range_balance_20260904/cbq_noalign_rep1_20260904T121825Z/per_sample/BC011/Gene/filtered/
Flex gDNA per-sample metrics directory directory exists and will be overwritten: /home/lhhung/jax_cbq_range_balance_20260904/cbq_noalign_rep1_20260904T121825Z/per_sample/BC012/Gene/filtered/
Flex gDNA per-sample metrics directory directory exists and will be overwritten: /home/lhhung/jax_cbq_range_balance_20260904/cbq_noalign_rep1_20260904T121825Z/per_sample/BC013/Gene/filtered/
Flex gDNA per-sample metrics directory directory exists and will be overwritten: /home/lhhung/jax_cbq_range_balance_20260904/cbq_noalign_rep1_20260904T121825Z/per_sample/BC014/Gene/filtered/
Flex gDNA per-sample metrics directory directory exists and will be overwritten: /home/lhhung/jax_cbq_range_balance_20260904/cbq_noalign_rep1_20260904T121825Z/per_sample/BC015/Gene/filtered/
Flex gDNA per-sample metrics directory directory exists and will be overwritten: /home/lhhung/jax_cbq_range_balance_20260904/cbq_noalign_rep1_20260904T121825Z/per_sample/BC016/Gene/filtered/
Flex gDNA diagnostic: cache_region_metadata_unavailable
Sep 04 12:21:56 ... Finished bucket-parallel Flex collapse
Solo timing: collapseUMIall_fromBuckets 46.8542 s
Sep 04 12:21:56 ... Finished collapsing UMIs (direct hash mode)
Solo timing: countCBgeneUMI 46.8542 s
Sep 04 12:21:56 ... Solo: inline-hash mode completed (skipping legacy output)
Solo timing: processRecords 48.159 s
Sep 04 12:21:56 ..... finished Solo counting
ALL DONE!
