STAR-suite version=1.8.2
STAR upstream version=2.7.11b
STAR genome compatibility version=2.7.4a
STAR-suite source revision=4e5dae9d8eebf897a8728d76f5795a59ed6e0f15-dirty
STAR compilation time,server,dir=2026-09-04T09:40:25+00:00 :/mnt/pikachu/STAR-suite-bgzf-opt-20260904/core/legacy/source
STAR git: On branch perf-bgzf-reader ; commit 4e5dae9d8eebf897a8728d76f5795a59ed6e0f15 ; diff files: core/legacy/source/FlexPipeline.cpp core/legacy/source/input/BgzfBlockReader.cpp core/legacy/source/input/BgzfBlockReader.h core/legacy/source/input/BgzfRangeReader.cpp core/legacy/source/input/BgzfRangeReader.h 
##### Command Line:
/mnt/pikachu/STAR-suite-bgzf-opt-20260904/core/legacy/source/STAR --runThreadN 32 --genomeDir /home/lhhung/jax_stage_20260903/ref/star_index --soloType CB_UMI_Simple --soloCBstart 1 --soloUMIstart 17 --soloCBlen 16 --soloUMIlen 12 --soloBarcodeReadLength 0 --soloCBwhitelist /home/lhhung/jax_stage_20260903/ref/737K-fixed-rna-profiling.txt --flex yes --soloFlexExpectedCellsPerTag 3000 --soloSampleWhitelist /home/lhhung/jax_stage_20260903/ref/sample_whitelist_full_16.tsv --soloProbeList /home/lhhung/jax_stage_20260903/ref/star_index/flex_probe_artifacts/probe_list.txt --soloSampleProbes /home/lhhung/jax_stage_20260903/ref/probe-barcodes-fixed-rna-profiling-rna.txt --soloSampleProbeOffset 68 --soloFlexAllowedTags /home/lhhung/jax_stage_20260903/ref/sample_whitelist_full_16.tsv --soloFlexOutputPrefix /home/lhhung/jax_bgzf_reader_opt2_20260904/bgzf_noalign_rep1_20260904T095713Z/per_sample --limitIObufferSize 50000000 50000000 --outSJtype None --outSAMtype None --outSAMattributes None --soloFeatures Gene --soloCellFilter None --soloMultiMappers Rescue --soloCBmatchWLtype 1MM_multi_Nbase_pseudocounts --soloUMIfiltering MultiGeneUMI_CR --soloUMIdedup 1MM_CR --soloStrand Unstranded --clipAdapterType CellRanger4 --alignEndsType Local --chimSegmentMin 0 --soloKeysCompat cr --soloSampleSearchNearby no --soloHashScreenFile /home/lhhung/jax_stage_20260903/ref/h01_cache.bin --soloBucketMode ram --soloBucketCount 256 --flexPipeline yes --flexPipelineNTriage 0 --flexPipelineNSolo 0 --flexNoAlign 1 --dynamicThreadInterface 1 --crAssignConsumerThreads -1 --crAssignSearchThreads 1 --outFileNamePrefix /home/lhhung/jax_bgzf_reader_opt2_20260904/bgzf_noalign_rep1_20260904T095713Z/ --readFilesBgzfMode range --bgzfReaderThreads 32 --bgzfCrcCheck 1 --readFilesIn /home/lhhung/jax_stage_20260903/fastq/SC2300771_GT23-14630_GATAATACCG-TTTACGTGGT_S5_L001_R2_001.fastq.gz,/home/lhhung/jax_stage_20260903/fastq/SC2300771_GT23-14630_GATAATACCG-TTTACGTGGT_S5_L002_R2_001.fastq.gz,/home/lhhung/jax_stage_20260903/fastq/SC2300771_GT23-14630_GATAATACCG-TTTACGTGGT_S5_L003_R2_001.fastq.gz,/home/lhhung/jax_stage_20260903/fastq/SC2300771_GT23-14630_GATAATACCG-TTTACGTGGT_S5_L004_R2_001.fastq.gz,/home/lhhung/jax_stage_20260903/fastq/SC2300771_GT23-14630_GATAATACCG-TTTACGTGGT_S5_L005_R2_001.fastq.gz,/home/lhhung/jax_stage_20260903/fastq/SC2300771_GT23-14630_GATAATACCG-TTTACGTGGT_S5_L006_R2_001.fastq.gz,/home/lhhung/jax_stage_20260903/fastq/SC2300771_GT23-14630_GATAATACCG-TTTACGTGGT_S5_L007_R2_001.fastq.gz,/home/lhhung/jax_stage_20260903/fastq/SC2300771_GT23-14630_GATAATACCG-TTTACGTGGT_S5_L008_R2_001.fastq.gz /home/lhhung/jax_stage_20260903/fastq/SC2300771_GT23-14630_GATAATACCG-TTTACGTGGT_S5_L001_R1_001.fastq.gz,/home/lhhung/jax_stage_20260903/fastq/SC2300771_GT23-14630_GATAATACCG-TTTACGTGGT_S5_L002_R1_001.fastq.gz,/home/lhhung/jax_stage_20260903/fastq/SC2300771_GT23-14630_GATAATACCG-TTTACGTGGT_S5_L003_R1_001.fastq.gz,/home/lhhung/jax_stage_20260903/fastq/SC2300771_GT23-14630_GATAATACCG-TTTACGTGGT_S5_L004_R1_001.fastq.gz,/home/lhhung/jax_stage_20260903/fastq/SC2300771_GT23-14630_GATAATACCG-TTTACGTGGT_S5_L005_R1_001.fastq.gz,/home/lhhung/jax_stage_20260903/fastq/SC2300771_GT23-14630_GATAATACCG-TTTACGTGGT_S5_L006_R1_001.fastq.gz,/home/lhhung/jax_stage_20260903/fastq/SC2300771_GT23-14630_GATAATACCG-TTTACGTGGT_S5_L007_R1_001.fastq.gz,/home/lhhung/jax_stage_20260903/fastq/SC2300771_GT23-14630_GATAATACCG-TTTACGTGGT_S5_L008_R1_001.fastq.gz
##### Initial USER parameters from Command Line:
outFileNamePrefix                 /home/lhhung/jax_bgzf_reader_opt2_20260904/bgzf_noalign_rep1_20260904T095713Z/
###### All USER parameters from Command Line:
runThreadN                    32     ~RE-DEFINED
genomeDir                     /home/lhhung/jax_stage_20260903/ref/star_index     ~RE-DEFINED
soloType                      CB_UMI_Simple     ~RE-DEFINED
soloCBstart                   1     ~RE-DEFINED
soloUMIstart                  17     ~RE-DEFINED
soloCBlen                     16     ~RE-DEFINED
soloUMIlen                    12     ~RE-DEFINED
soloBarcodeReadLength         0     ~RE-DEFINED
soloCBwhitelist               /home/lhhung/jax_stage_20260903/ref/737K-fixed-rna-profiling.txt        ~RE-DEFINED
flex                          yes     ~RE-DEFINED
soloFlexExpectedCellsPerTag   3000     ~RE-DEFINED
soloSampleWhitelist           /home/lhhung/jax_stage_20260903/ref/sample_whitelist_full_16.tsv     ~RE-DEFINED
soloProbeList                 /home/lhhung/jax_stage_20260903/ref/star_index/flex_probe_artifacts/probe_list.txt     ~RE-DEFINED
soloSampleProbes              /home/lhhung/jax_stage_20260903/ref/probe-barcodes-fixed-rna-profiling-rna.txt     ~RE-DEFINED
soloSampleProbeOffset         68     ~RE-DEFINED
soloFlexAllowedTags           /home/lhhung/jax_stage_20260903/ref/sample_whitelist_full_16.tsv     ~RE-DEFINED
soloFlexOutputPrefix          /home/lhhung/jax_bgzf_reader_opt2_20260904/bgzf_noalign_rep1_20260904T095713Z/per_sample     ~RE-DEFINED
limitIObufferSize             50000000   50000000        ~RE-DEFINED
outSJtype                     None        ~RE-DEFINED
outSAMtype                    None        ~RE-DEFINED
outSAMattributes              None        ~RE-DEFINED
soloFeatures                  Gene        ~RE-DEFINED
soloCellFilter                None        ~RE-DEFINED
soloMultiMappers              Rescue        ~RE-DEFINED
soloCBmatchWLtype             1MM_multi_Nbase_pseudocounts     ~RE-DEFINED
soloUMIfiltering              MultiGeneUMI_CR        ~RE-DEFINED
soloUMIdedup                  1MM_CR        ~RE-DEFINED
soloStrand                    Unstranded     ~RE-DEFINED
clipAdapterType               CellRanger4        ~RE-DEFINED
alignEndsType                 Local     ~RE-DEFINED
chimSegmentMin                0     ~RE-DEFINED
soloKeysCompat                cr     ~RE-DEFINED
soloSampleSearchNearby        no     ~RE-DEFINED
soloHashScreenFile            /home/lhhung/jax_stage_20260903/ref/h01_cache.bin     ~RE-DEFINED
soloBucketMode                ram     ~RE-DEFINED
soloBucketCount               256     ~RE-DEFINED
flexPipeline                  yes     ~RE-DEFINED
flexPipelineNTriage           0     ~RE-DEFINED
flexPipelineNSolo             0     ~RE-DEFINED
flexNoAlign                   1     ~RE-DEFINED
dynamicThreadInterface        1     ~RE-DEFINED
crAssignConsumerThreads       -1     ~RE-DEFINED
crAssignSearchThreads         1     ~RE-DEFINED
outFileNamePrefix             /home/lhhung/jax_bgzf_reader_opt2_20260904/bgzf_noalign_rep1_20260904T095713Z/     ~RE-DEFINED
readFilesBgzfMode             range     ~RE-DEFINED
bgzfReaderThreads             32     ~RE-DEFINED
bgzfCrcCheck                  1     ~RE-DEFINED
readFilesIn                   /home/lhhung/jax_stage_20260903/fastq/SC2300771_GT23-14630_GATAATACCG-TTTACGTGGT_S5_L001_R2_001.fastq.gz,/home/lhhung/jax_stage_20260903/fastq/SC2300771_GT23-14630_GATAATACCG-TTTACGTGGT_S5_L002_R2_001.fastq.gz,/home/lhhung/jax_stage_20260903/fastq/SC2300771_GT23-14630_GATAATACCG-TTTACGTGGT_S5_L003_R2_001.fastq.gz,/home/lhhung/jax_stage_20260903/fastq/SC2300771_GT23-14630_GATAATACCG-TTTACGTGGT_S5_L004_R2_001.fastq.gz,/home/lhhung/jax_stage_20260903/fastq/SC2300771_GT23-14630_GATAATACCG-TTTACGTGGT_S5_L005_R2_001.fastq.gz,/home/lhhung/jax_stage_20260903/fastq/SC2300771_GT23-14630_GATAATACCG-TTTACGTGGT_S5_L006_R2_001.fastq.gz,/home/lhhung/jax_stage_20260903/fastq/SC2300771_GT23-14630_GATAATACCG-TTTACGTGGT_S5_L007_R2_001.fastq.gz,/home/lhhung/jax_stage_20260903/fastq/SC2300771_GT23-14630_GATAATACCG-TTTACGTGGT_S5_L008_R2_001.fastq.gz   /home/lhhung/jax_stage_20260903/fastq/SC2300771_GT23-14630_GATAATACCG-TTTACGTGGT_S5_L001_R1_001.fastq.gz,/home/lhhung/jax_stage_20260903/fastq/SC2300771_GT23-14630_GATAATACCG-TTTACGTGGT_S5_L002_R1_001.fastq.gz,/home/lhhung/jax_stage_20260903/fastq/SC2300771_GT23-14630_GATAATACCG-TTTACGTGGT_S5_L003_R1_001.fastq.gz,/home/lhhung/jax_stage_20260903/fastq/SC2300771_GT23-14630_GATAATACCG-TTTACGTGGT_S5_L004_R1_001.fastq.gz,/home/lhhung/jax_stage_20260903/fastq/SC2300771_GT23-14630_GATAATACCG-TTTACGTGGT_S5_L005_R1_001.fastq.gz,/home/lhhung/jax_stage_20260903/fastq/SC2300771_GT23-14630_GATAATACCG-TTTACGTGGT_S5_L006_R1_001.fastq.gz,/home/lhhung/jax_stage_20260903/fastq/SC2300771_GT23-14630_GATAATACCG-TTTACGTGGT_S5_L007_R1_001.fastq.gz,/home/lhhung/jax_stage_20260903/fastq/SC2300771_GT23-14630_GATAATACCG-TTTACGTGGT_S5_L008_R1_001.fastq.gz        ~RE-DEFINED
##### Finished reading parameters from all sources

##### Final user re-defined parameters-----------------:
runThreadN                        32
dynamicThreadInterface            1
genomeDir                         /home/lhhung/jax_stage_20260903/ref/star_index
readFilesIn                       /home/lhhung/jax_stage_20260903/fastq/SC2300771_GT23-14630_GATAATACCG-TTTACGTGGT_S5_L001_R2_001.fastq.gz,/home/lhhung/jax_stage_20260903/fastq/SC2300771_GT23-14630_GATAATACCG-TTTACGTGGT_S5_L002_R2_001.fastq.gz,/home/lhhung/jax_stage_20260903/fastq/SC2300771_GT23-14630_GATAATACCG-TTTACGTGGT_S5_L003_R2_001.fastq.gz,/home/lhhung/jax_stage_20260903/fastq/SC2300771_GT23-14630_GATAATACCG-TTTACGTGGT_S5_L004_R2_001.fastq.gz,/home/lhhung/jax_stage_20260903/fastq/SC2300771_GT23-14630_GATAATACCG-TTTACGTGGT_S5_L005_R2_001.fastq.gz,/home/lhhung/jax_stage_20260903/fastq/SC2300771_GT23-14630_GATAATACCG-TTTACGTGGT_S5_L006_R2_001.fastq.gz,/home/lhhung/jax_stage_20260903/fastq/SC2300771_GT23-14630_GATAATACCG-TTTACGTGGT_S5_L007_R2_001.fastq.gz,/home/lhhung/jax_stage_20260903/fastq/SC2300771_GT23-14630_GATAATACCG-TTTACGTGGT_S5_L008_R2_001.fastq.gz   /home/lhhung/jax_stage_20260903/fastq/SC2300771_GT23-14630_GATAATACCG-TTTACGTGGT_S5_L001_R1_001.fastq.gz,/home/lhhung/jax_stage_20260903/fastq/SC2300771_GT23-14630_GATAATACCG-TTTACGTGGT_S5_L002_R1_001.fastq.gz,/home/lhhung/jax_stage_20260903/fastq/SC2300771_GT23-14630_GATAATACCG-TTTACGTGGT_S5_L003_R1_001.fastq.gz,/home/lhhung/jax_stage_20260903/fastq/SC2300771_GT23-14630_GATAATACCG-TTTACGTGGT_S5_L004_R1_001.fastq.gz,/home/lhhung/jax_stage_20260903/fastq/SC2300771_GT23-14630_GATAATACCG-TTTACGTGGT_S5_L005_R1_001.fastq.gz,/home/lhhung/jax_stage_20260903/fastq/SC2300771_GT23-14630_GATAATACCG-TTTACGTGGT_S5_L006_R1_001.fastq.gz,/home/lhhung/jax_stage_20260903/fastq/SC2300771_GT23-14630_GATAATACCG-TTTACGTGGT_S5_L007_R1_001.fastq.gz,/home/lhhung/jax_stage_20260903/fastq/SC2300771_GT23-14630_GATAATACCG-TTTACGTGGT_S5_L008_R1_001.fastq.gz   
readFilesBgzfMode                 range
bgzfReaderThreads                 32
bgzfCrcCheck                      1
limitIObufferSize                 50000000   50000000   
outFileNamePrefix                 /home/lhhung/jax_bgzf_reader_opt2_20260904/bgzf_noalign_rep1_20260904T095713Z/
outSAMtype                        None   
outSAMattributes                  None   
outSJtype                         None   
clipAdapterType                   CellRanger4   
alignEndsType                     Local
chimSegmentMin                    0
soloType                          CB_UMI_Simple
soloCBstart                       1
soloUMIstart                      17
soloCBlen                         16
soloUMIlen                        12
soloBarcodeReadLength             0
soloCBwhitelist                   /home/lhhung/jax_stage_20260903/ref/737K-fixed-rna-profiling.txt   
soloStrand                        Unstranded
soloFeatures                      Gene   
soloUMIdedup                      1MM_CR   
soloCBmatchWLtype                 1MM_multi_Nbase_pseudocounts
soloCellFilter                    None   
soloUMIfiltering                  MultiGeneUMI_CR   
soloMultiMappers                  Rescue   
soloKeysCompat                    cr
soloProbeList                     /home/lhhung/jax_stage_20260903/ref/star_index/flex_probe_artifacts/probe_list.txt
soloSampleWhitelist               /home/lhhung/jax_stage_20260903/ref/sample_whitelist_full_16.tsv
soloSampleProbes                  /home/lhhung/jax_stage_20260903/ref/probe-barcodes-fixed-rna-profiling-rna.txt
soloSampleProbeOffset             68
soloSampleSearchNearby            no
soloBucketMode                    ram
soloBucketCount                   256
soloHashScreenFile                /home/lhhung/jax_stage_20260903/ref/h01_cache.bin
flex                              yes
flexPipeline                      yes
flexPipelineNSolo                 0
flexPipelineNTriage               0
flexNoAlign                       1
soloFlexExpectedCellsPerTag       3000
soloFlexAllowedTags               /home/lhhung/jax_stage_20260903/ref/sample_whitelist_full_16.tsv
soloFlexOutputPrefix              /home/lhhung/jax_bgzf_reader_opt2_20260904/bgzf_noalign_rep1_20260904T095713Z/per_sample
crAssignConsumerThreads           -1
crAssignSearchThreads             1

-------------------------------
##### Final effective command line:
/mnt/pikachu/STAR-suite-bgzf-opt-20260904/core/legacy/source/STAR   --runThreadN 32   --dynamicThreadInterface 1   --genomeDir /home/lhhung/jax_stage_20260903/ref/star_index   --readFilesIn /home/lhhung/jax_stage_20260903/fastq/SC2300771_GT23-14630_GATAATACCG-TTTACGTGGT_S5_L001_R2_001.fastq.gz,/home/lhhung/jax_stage_20260903/fastq/SC2300771_GT23-14630_GATAATACCG-TTTACGTGGT_S5_L002_R2_001.fastq.gz,/home/lhhung/jax_stage_20260903/fastq/SC2300771_GT23-14630_GATAATACCG-TTTACGTGGT_S5_L003_R2_001.fastq.gz,/home/lhhung/jax_stage_20260903/fastq/SC2300771_GT23-14630_GATAATACCG-TTTACGTGGT_S5_L004_R2_001.fastq.gz,/home/lhhung/jax_stage_20260903/fastq/SC2300771_GT23-14630_GATAATACCG-TTTACGTGGT_S5_L005_R2_001.fastq.gz,/home/lhhung/jax_stage_20260903/fastq/SC2300771_GT23-14630_GATAATACCG-TTTACGTGGT_S5_L006_R2_001.fastq.gz,/home/lhhung/jax_stage_20260903/fastq/SC2300771_GT23-14630_GATAATACCG-TTTACGTGGT_S5_L007_R2_001.fastq.gz,/home/lhhung/jax_stage_20260903/fastq/SC2300771_GT23-14630_GATAATACCG-TTTACGTGGT_S5_L008_R2_001.fastq.gz   /home/lhhung/jax_stage_20260903/fastq/SC2300771_GT23-14630_GATAATACCG-TTTACGTGGT_S5_L001_R1_001.fastq.gz,/home/lhhung/jax_stage_20260903/fastq/SC2300771_GT23-14630_GATAATACCG-TTTACGTGGT_S5_L002_R1_001.fastq.gz,/home/lhhung/jax_stage_20260903/fastq/SC2300771_GT23-14630_GATAATACCG-TTTACGTGGT_S5_L003_R1_001.fastq.gz,/home/lhhung/jax_stage_20260903/fastq/SC2300771_GT23-14630_GATAATACCG-TTTACGTGGT_S5_L004_R1_001.fastq.gz,/home/lhhung/jax_stage_20260903/fastq/SC2300771_GT23-14630_GATAATACCG-TTTACGTGGT_S5_L005_R1_001.fastq.gz,/home/lhhung/jax_stage_20260903/fastq/SC2300771_GT23-14630_GATAATACCG-TTTACGTGGT_S5_L006_R1_001.fastq.gz,/home/lhhung/jax_stage_20260903/fastq/SC2300771_GT23-14630_GATAATACCG-TTTACGTGGT_S5_L007_R1_001.fastq.gz,/home/lhhung/jax_stage_20260903/fastq/SC2300771_GT23-14630_GATAATACCG-TTTACGTGGT_S5_L008_R1_001.fastq.gz      --readFilesBgzfMode range   --bgzfReaderThreads 32   --bgzfCrcCheck 1   --limitIObufferSize 50000000   50000000      --outFileNamePrefix /home/lhhung/jax_bgzf_reader_opt2_20260904/bgzf_noalign_rep1_20260904T095713Z/   --outSAMtype None      --outSAMattributes None      --outSJtype None      --clipAdapterType CellRanger4      --alignEndsType Local   --chimSegmentMin 0   --soloType CB_UMI_Simple   --soloCBstart 1   --soloUMIstart 17   --soloCBlen 16   --soloUMIlen 12   --soloBarcodeReadLength 0   --soloCBwhitelist /home/lhhung/jax_stage_20260903/ref/737K-fixed-rna-profiling.txt      --soloStrand Unstranded   --soloFeatures Gene      --soloUMIdedup 1MM_CR      --soloCBmatchWLtype 1MM_multi_Nbase_pseudocounts   --soloCellFilter None      --soloUMIfiltering MultiGeneUMI_CR      --soloMultiMappers Rescue      --soloKeysCompat cr   --soloProbeList /home/lhhung/jax_stage_20260903/ref/star_index/flex_probe_artifacts/probe_list.txt   --soloSampleWhitelist /home/lhhung/jax_stage_20260903/ref/sample_whitelist_full_16.tsv   --soloSampleProbes /home/lhhung/jax_stage_20260903/ref/probe-barcodes-fixed-rna-profiling-rna.txt   --soloSampleProbeOffset 68   --soloSampleSearchNearby no   --soloBucketMode ram   --soloBucketCount 256   --soloHashScreenFile /home/lhhung/jax_stage_20260903/ref/h01_cache.bin   --flex yes   --flexPipeline yes   --flexPipelineNSolo 0   --flexPipelineNTriage 0   --flexNoAlign 1   --soloFlexExpectedCellsPerTag 3000   --soloFlexAllowedTags /home/lhhung/jax_stage_20260903/ref/sample_whitelist_full_16.tsv   --soloFlexOutputPrefix /home/lhhung/jax_bgzf_reader_opt2_20260904/bgzf_noalign_rep1_20260904T095713Z/per_sample   --crAssignConsumerThreads -1   --crAssignSearchThreads 1
----------------------------------------

Number of input files for each source = 8
NOTE: .gz Fastx input detected with --readFilesCommand - ; using internal zlib streaming path.
      Set --readFilesLegacyZcat Yes to force legacy external zcat helper mode.
Fastx input path: direct STAR chunk reader

   Input read files for mate 1 :
-rw-r--r-- 1 lhhung lhhung 13706831699 Mar 19 03:28 /home/lhhung/jax_stage_20260903/fastq/SC2300771_GT23-14630_GATAATACCG-TTTACGTGGT_S5_L001_R2_001.fastq.gz
-rw-r--r-- 1 lhhung lhhung 13862762883 Mar 19 02:25 /home/lhhung/jax_stage_20260903/fastq/SC2300771_GT23-14630_GATAATACCG-TTTACGTGGT_S5_L002_R2_001.fastq.gz
-rw-r--r-- 1 lhhung lhhung 13866983827 Mar 19 01:21 /home/lhhung/jax_stage_20260903/fastq/SC2300771_GT23-14630_GATAATACCG-TTTACGTGGT_S5_L003_R2_001.fastq.gz
-rw-r--r-- 1 lhhung lhhung 13952093892 Mar 19 01:37 /home/lhhung/jax_stage_20260903/fastq/SC2300771_GT23-14630_GATAATACCG-TTTACGTGGT_S5_L004_R2_001.fastq.gz
-rw-r--r-- 1 lhhung lhhung 13654188967 Mar 19 04:28 /home/lhhung/jax_stage_20260903/fastq/SC2300771_GT23-14630_GATAATACCG-TTTACGTGGT_S5_L005_R2_001.fastq.gz
-rw-r--r-- 1 lhhung lhhung 13685696283 Mar 19 04:05 /home/lhhung/jax_stage_20260903/fastq/SC2300771_GT23-14630_GATAATACCG-TTTACGTGGT_S5_L006_R2_001.fastq.gz
-rw-r--r-- 1 lhhung lhhung 13747432219 Mar 19 03:32 /home/lhhung/jax_stage_20260903/fastq/SC2300771_GT23-14630_GATAATACCG-TTTACGTGGT_S5_L007_R2_001.fastq.gz
-rw-r--r-- 1 lhhung lhhung 13752035131 Mar 19 02:54 /home/lhhung/jax_stage_20260903/fastq/SC2300771_GT23-14630_GATAATACCG-TTTACGTGGT_S5_L008_R2_001.fastq.gz
NOTE: mate 1 using internal gzip FIFO helper: /home/lhhung/jax_bgzf_reader_opt2_20260904/bgzf_noalign_rep1_20260904T095713Z/_STARtmp/tmp.fifo.read1

   Input read files for mate 2 :
-rw-r--r-- 1 lhhung lhhung 5016524459 Mar 19 05:14 /home/lhhung/jax_stage_20260903/fastq/SC2300771_GT23-14630_GATAATACCG-TTTACGTGGT_S5_L001_R1_001.fastq.gz
-rw-r--r-- 1 lhhung lhhung 5079324441 Mar 19 04:53 /home/lhhung/jax_stage_20260903/fastq/SC2300771_GT23-14630_GATAATACCG-TTTACGTGGT_S5_L002_R1_001.fastq.gz
-rw-r--r-- 1 lhhung lhhung 5102315314 Mar 19 04:33 /home/lhhung/jax_stage_20260903/fastq/SC2300771_GT23-14630_GATAATACCG-TTTACGTGGT_S5_L003_R1_001.fastq.gz
-rw-r--r-- 1 lhhung lhhung 5152374408 Mar 19 03:47 /home/lhhung/jax_stage_20260903/fastq/SC2300771_GT23-14630_GATAATACCG-TTTACGTGGT_S5_L004_R1_001.fastq.gz
-rw-r--r-- 1 lhhung lhhung 5101902583 Mar 19 04:52 /home/lhhung/jax_stage_20260903/fastq/SC2300771_GT23-14630_GATAATACCG-TTTACGTGGT_S5_L005_R1_001.fastq.gz
-rw-r--r-- 1 lhhung lhhung 5111881702 Mar 19 04:40 /home/lhhung/jax_stage_20260903/fastq/SC2300771_GT23-14630_GATAATACCG-TTTACGTGGT_S5_L006_R1_001.fastq.gz
-rw-r--r-- 1 lhhung lhhung 5118982978 Mar 19 04:09 /home/lhhung/jax_stage_20260903/fastq/SC2300771_GT23-14630_GATAATACCG-TTTACGTGGT_S5_L007_R1_001.fastq.gz
-rw-r--r-- 1 lhhung lhhung 5079096873 Mar 19 05:02 /home/lhhung/jax_stage_20260903/fastq/SC2300771_GT23-14630_GATAATACCG-TTTACGTGGT_S5_L008_R1_001.fastq.gz
NOTE: mate 2 using internal gzip FIFO helper: /home/lhhung/jax_bgzf_reader_opt2_20260904/bgzf_noalign_rep1_20260904T095713Z/_STARtmp/tmp.fifo.read2
WARNING: --soloCbUbRequireTogether is DEPRECATED and will be ignored. CB and UB tags are now always handled independently.
--flex yes: Enabled Flex pipeline with production defaults
    soloRunFlexFilter=yes
    soloInlineCBCorrection=no
    soloInlineHashMode=yes (enabled)
    soloFlexMinimalMemory=yes
    soloMapqMode=off (enum=0)
    soloMMrateMax=0.1
    soloBarcodesObservedOnly=yes
    soloUMICorrection=clique
Flex gDNA diagnostic: probe metadata loaded from /home/lhhung/jax_stage_20260903/ref/star_index/flex_probe_artifacts/filtered_probe_set.csv (probes=53459, control_genes=5876)
H0/H1 hash screen: enabled with cache /home/lhhung/jax_stage_20260903/ref/h01_cache.bin (8874194 records, format v2)
Flex gDNA diagnostic: active H0/H1 cache lacks probe-region metadata; mapping remains enabled but the diagnostic will be reported unavailable
Flex mode: Using probe list: /home/lhhung/jax_stage_20260903/ref/star_index/flex_probe_artifacts/probe_list.txt
Number of CBs in the whitelist = 737280
Flex streaming CB buckets: active (ram, 256 buckets, memory budget 32 GiB, async merge workers 2, fan-in 64)
Built cbWLhash: 737280 entries, 2097152 buckets
Initialized CbCorrector with 737280 CBs
CbCorrector initialization verified: whitelistSize=737280
Skipping legacy ambiguousCbByKey precompute (set STAR_BUILD_LEGACY_AMBIG_HASH=1 to enable).
Sep 04 09:57:27 ... Finished reading, sorting and deduplicating CB whitelist sequences.
clip3pPolyG: auto => enabled
Finished loading and checking parameters
Flex count-only no-genome: active
Flex count-only no-genome: hash cache /home/lhhung/jax_stage_20260903/ref/h01_cache.bin
Flex pipeline: runThreadN=32, nLanes=8, triage=0 (fully fused + lane steal + role switch), soloConsumers=0, fusedThreads=32, dedicatedWorkers=0, noAlign=ON (alignment skipped), noGenome=ON
BGZF parallel range readers: active (8 BGZF lanes using 32 on-demand BC/BSIZE inflate readers and 32 fused consumers; no pre-index)
BGZF input lane 0: range
BGZF input lane 1: range
BGZF input lane 2: range
BGZF input lane 3: range
BGZF input lane 4: range
BGZF input lane 5: range
BGZF input lane 6: range
BGZF input lane 7: range
Flex shared ambiguous store: active for fully fused no-genome hash records
  32 fused no-genome threads started
PIPELINE_STATS t=10s total=107151360 keep=89953192 deny=744228 sampleReject=8373526 miss=8080414 readerQ=0 soloQ=n/a alignQ=0 delta10s=107151360
PIPELINE_STATS t=20s total=215154688 keep=181059909 deny=1477892 sampleReject=16433050 miss=16183837 readerQ=0 soloQ=n/a alignQ=0 delta10s=108003328
PIPELINE_STATS t=30s total=323420160 keep=272571995 deny=2217395 sampleReject=24325098 miss=24305672 readerQ=0 soloQ=n/a alignQ=0 delta10s=108265472
PIPELINE_STATS t=40s total=430243840 keep=362503197 deny=2965012 sampleReject=32284074 miss=32491557 readerQ=0 soloQ=n/a alignQ=0 delta10s=106823680
PIPELINE_STATS t=50s total=536018944 keep=450946207 deny=3737615 sampleReject=40372860 miss=40962262 readerQ=0 soloQ=n/a alignQ=0 delta10s=105775104
PIPELINE_STATS t=60s total=641269760 keep=539102128 deny=4549019 sampleReject=48526603 miss=49092010 readerQ=0 soloQ=n/a alignQ=0 delta10s=105250816
PIPELINE_STATS t=70s total=744751104 keep=626234588 deny=5325270 sampleReject=56205949 miss=56985297 readerQ=0 soloQ=n/a alignQ=0 delta10s=103481344
PIPELINE_STATS t=80s total=851443712 keep=716360658 deny=6109815 sampleReject=63947975 miss=65025264 readerQ=0 soloQ=n/a alignQ=0 delta10s=106692608
PIPELINE_STATS t=90s total=958857216 keep=807318225 deny=6870092 sampleReject=71626747 miss=73042152 readerQ=0 soloQ=n/a alignQ=0 delta10s=107413504
PIPELINE_STATS t=100s total=1065418752 keep=896996999 deny=7638358 sampleReject=79555259 miss=81228136 readerQ=0 soloQ=n/a alignQ=0 delta10s=106561536
PIPELINE_STATS t=110s total=1164115968 keep=977760351 deny=8627409 sampleReject=87924472 miss=89803736 readerQ=0 soloQ=n/a alignQ=0 delta10s=98697216
PIPELINE_STATS t=120s total=1266941952 keep=1062203283 deny=9637406 sampleReject=96135953 miss=98965310 readerQ=0 soloQ=n/a alignQ=0 delta10s=102825984
PIPELINE_STATS t=130s total=1369964544 keep=1148014380 deny=10589915 sampleReject=104077841 miss=107282408 readerQ=0 soloQ=n/a alignQ=0 delta10s=103022592
PIPELINE_STATS t=140s total=1467088896 keep=1229322271 deny=11407856 sampleReject=111362364 miss=114996405 readerQ=0 soloQ=n/a alignQ=0 delta10s=97124352
PIPELINE_STATS t=150s total=1566179328 keep=1311350265 deny=12259756 sampleReject=119307278 miss=123262029 readerQ=0 soloQ=n/a alignQ=0 delta10s=99090432
PIPELINE_STATS t=160s total=1667563520 keep=1394962374 deny=13145424 sampleReject=127248487 miss=132207235 readerQ=0 soloQ=n/a alignQ=0 delta10s=101384192
PIPELINE_STATS t=170s total=1770848256 keep=1481474144 deny=14005086 sampleReject=135012092 miss=140356934 readerQ=0 soloQ=n/a alignQ=0 delta10s=103284736
PIPELINE_STATS t=180s total=1873018880 keep=1567143265 deny=14889033 sampleReject=142573152 miss=148413430 readerQ=0 soloQ=n/a alignQ=0 delta10s=102170624
PIPELINE_STATS t=190s total=1972043776 keep=1649303534 deny=15762914 sampleReject=150292189 miss=156685139 readerQ=0 soloQ=n/a alignQ=0 delta10s=99024896
  All fused no-genome threads joined
  Stats reporter joined
Flex pipeline complete: total=2011130186, triageKeep=1681459858, triageDeny=16111757, sampleReject=153486035, triageMiss=160072536
  Lane 0: 251189625 reads
  Lane 1: 254280823 reads
  Lane 2: 253814000 reads
  Lane 3: 254819710 reads
  Lane 4: 247421226 reads
  Lane 5: 248719891 reads
  Lane 6: 249909554 reads
  Lane 7: 250975357 reads
Sep 04 10:00:47 ..... finished mapping
RAM after mapping:
VmPeak:	29409248 kB; VmSize:	29040492 kB; VmHWM:	27077288 kB; VmRSS:	27077288 kB; 
Sep 04 10:00:47 ..... started Solo counting
Sep 04 10:00:47 ... Starting Solo post-map for Gene
Solo timing: sumThreads adopt shared ambiguous 1.27836 s (2627928 entries)
Solo timing: sumThreads flush 1.25723 s, merge 4.3368e-05 s, stats 5.936e-06 s, counts 0.0128307 s, release 2.5864e-05 s
Sep 04 10:00:48 ... Starting bucket-parallel Flex collapse
[AMBIG-CB-RESOLVE] pending=2627928 resolved=2082829 resolved_observations=30428806 still_ambiguous=545099 added_to_hash=30428806
Solo timing: pre-loop: resolveAmbiguous 4.63294 s, flushSegments 0.0184383 s, finalizeStore 0.00509307 s, geneIds+allowed 0.000548557 s
Solo timing: bucket loop wall 8.51295 s; thread-seconds load 24.415, kway_merge 70.5441, compact 7.02289, umi_correct 142.739, molecules 151.416, emit 2.29237
Solo timing: bucket fan-in 0.83355 s
[CB-BUCKET] backend=ram transitioned=no streamed_records=1657428453 aggregated_counts=1657428453 final_molecules=226092712 buckets=256 tail_threads=32 async_merges=6260 async_merged_records=1629497967
Found 694617 unique CBs and 99266019 (CB, gene, tag) groups
Found 1845225 unique (CB, TAG) combinations
  Genes: 18129, Entries: 99266019
Solo timing: post-fan-in setup: indexWl 0.000402586 s, reserve 0.000460665 s, tripletLoop 0.448889 s, perCbVectors 0.00115699 s
Solo raw MEX directory directory created: /home/lhhung/jax_bgzf_reader_opt2_20260904/bgzf_noalign_rep1_20260904T095713Z/Solo.out/Gene/raw/
Solo timing: mex dir prepared 6.2275e-05 s
Sep 04 10:01:02 ... Writing MEX from inline-hash dedup data
Sep 04 10:01:08 ... Finished writing MEX format:
  /home/lhhung/jax_bgzf_reader_opt2_20260904/bgzf_noalign_rep1_20260904T095713Z/Solo.out/Gene/raw/matrix.mtx
  /home/lhhung/jax_bgzf_reader_opt2_20260904/bgzf_noalign_rep1_20260904T095713Z/Solo.out/Gene/raw/barcodes.tsv
  /home/lhhung/jax_bgzf_reader_opt2_20260904/bgzf_noalign_rep1_20260904T095713Z/Solo.out/Gene/raw/features.tsv
  Cells (CB+TAG combos): 1845225
  Features: 18129
  Entries: 99266019
FlexFilter output directory directory created: /home/lhhung/jax_bgzf_reader_opt2_20260904/bgzf_noalign_rep1_20260904T095713Z/per_sample/
Sep 04 10:01:08 ... Running flexfilter inline (in-memory matrix)...
  Loaded 16 allowed tags with sample labels
FlexFilter: Using per-tag expected cells: 3000 x 16 tags = 48000 total
FlexFilter output directory directory exists and will be overwritten: /home/lhhung/jax_bgzf_reader_opt2_20260904/bgzf_noalign_rep1_20260904T095713Z/per_sample/
Sep 04 10:01:28 ... Flexfilter pipeline complete
  Processed 16 tags
  [BC001] Retain=885 SimpleED=885 TailTested=0 ED_Pass=885 OccRemoved=1 Final=884 Expected=4
FlexFilter filtered MEX directory directory and its parents created: /home/lhhung/jax_bgzf_reader_opt2_20260904/bgzf_noalign_rep1_20260904T095713Z/per_sample/BC001/Gene/filtered/
  BC001 (ACTTTAGG): 884 cells, 916 entries
  [BC002] Retain=15850 SimpleED=4088 TailTested=0 ED_Pass=4088 OccRemoved=2 Final=4086 Expected=656
FlexFilter filtered MEX directory directory and its parents created: /home/lhhung/jax_bgzf_reader_opt2_20260904/bgzf_noalign_rep1_20260904T095713Z/per_sample/BC002/Gene/filtered/
  BC002 (AACGGGAA): 4086 cells, 160939 entries
  [BC003] Retain=3365 SimpleED=3365 TailTested=0 ED_Pass=3365 OccRemoved=1 Final=3364 Expected=24
FlexFilter filtered MEX directory directory and its parents created: /home/lhhung/jax_bgzf_reader_opt2_20260904/bgzf_noalign_rep1_20260904T095713Z/per_sample/BC003/Gene/filtered/
  BC003 (AGTAGGCT): 3364 cells, 6411 entries
  [BC004] Retain=120000 SimpleED=0 TailTested=5019 ED_Pass=4409 OccRemoved=3 Final=4406 Expected=8074
FlexFilter filtered MEX directory directory and its parents created: /home/lhhung/jax_bgzf_reader_opt2_20260904/bgzf_noalign_rep1_20260904T095713Z/per_sample/BC004/Gene/filtered/
  BC004 (ATGTTGAC): 4406 cells, 14938152 entries
  [BC005] Retain=3397 SimpleED=3397 TailTested=0 ED_Pass=3397 OccRemoved=2 Final=3395 Expected=24
FlexFilter filtered MEX directory directory and its parents created: /home/lhhung/jax_bgzf_reader_opt2_20260904/bgzf_noalign_rep1_20260904T095713Z/per_sample/BC005/Gene/filtered/
  BC005 (ACAGACCT): 3395 cells, 6228 entries
  [BC006] Retain=120000 SimpleED=0 TailTested=5879 ED_Pass=5301 OccRemoved=3 Final=5298 Expected=9905
FlexFilter filtered MEX directory directory and its parents created: /home/lhhung/jax_bgzf_reader_opt2_20260904/bgzf_noalign_rep1_20260904T095713Z/per_sample/BC006/Gene/filtered/
  BC006 (ATCCCAAC): 5298 cells, 17874169 entries
  [BC007] Retain=120000 SimpleED=0 TailTested=5815 ED_Pass=5389 OccRemoved=3 Final=5386 Expected=14658
FlexFilter filtered MEX directory directory and its parents created: /home/lhhung/jax_bgzf_reader_opt2_20260904/bgzf_noalign_rep1_20260904T095713Z/per_sample/BC007/Gene/filtered/
  BC007 (AAGTAGAG): 5386 cells, 26969774 entries
  [BC008] Retain=120000 SimpleED=0 TailTested=5750 ED_Pass=5276 OccRemoved=3 Final=5273 Expected=14515
FlexFilter filtered MEX directory directory and its parents created: /home/lhhung/jax_bgzf_reader_opt2_20260904/bgzf_noalign_rep1_20260904T095713Z/per_sample/BC008/Gene/filtered/
  BC008 (AGCTGTGA): 5273 cells, 24585205 entries
  [BC009] Retain=1331 SimpleED=1331 TailTested=0 ED_Pass=1331 OccRemoved=2 Final=1329 Expected=6
FlexFilter filtered MEX directory directory and its parents created: /home/lhhung/jax_bgzf_reader_opt2_20260904/bgzf_noalign_rep1_20260904T095713Z/per_sample/BC009/Gene/filtered/
  BC009 (ACAGTCTG): 1329 cells, 1539 entries
  [BC010] Retain=1125 SimpleED=1125 TailTested=0 ED_Pass=1125 OccRemoved=0 Final=1125 Expected=5
FlexFilter filtered MEX directory directory and its parents created: /home/lhhung/jax_bgzf_reader_opt2_20260904/bgzf_noalign_rep1_20260904T095713Z/per_sample/BC010/Gene/filtered/
  BC010 (AGTGAGTG): 1125 cells, 1189 entries
  [BC011] Retain=3970 SimpleED=3970 TailTested=0 ED_Pass=3970 OccRemoved=1 Final=3969 Expected=24
FlexFilter filtered MEX directory directory and its parents created: /home/lhhung/jax_bgzf_reader_opt2_20260904/bgzf_noalign_rep1_20260904T095713Z/per_sample/BC011/Gene/filtered/
  BC011 (AGAGGCAA): 3969 cells, 6224 entries
  [BC012] Retain=529 SimpleED=529 TailTested=0 ED_Pass=529 OccRemoved=0 Final=529 Expected=2
FlexFilter filtered MEX directory directory and its parents created: /home/lhhung/jax_bgzf_reader_opt2_20260904/bgzf_noalign_rep1_20260904T095713Z/per_sample/BC012/Gene/filtered/
  BC012 (ACTACTCA): 529 cells, 554 entries
  [BC013] Retain=5559 SimpleED=5559 TailTested=0 ED_Pass=5559 OccRemoved=2 Final=5557 Expected=61
FlexFilter filtered MEX directory directory and its parents created: /home/lhhung/jax_bgzf_reader_opt2_20260904/bgzf_noalign_rep1_20260904T095713Z/per_sample/BC013/Gene/filtered/
  BC013 (ATACGTCA): 5557 cells, 15651 entries
  [BC014] Retain=1996 SimpleED=1996 TailTested=0 ED_Pass=1996 OccRemoved=1 Final=1995 Expected=9
FlexFilter filtered MEX directory directory and its parents created: /home/lhhung/jax_bgzf_reader_opt2_20260904/bgzf_noalign_rep1_20260904T095713Z/per_sample/BC014/Gene/filtered/
  BC014 (ATCATGTG): 1995 cells, 2388 entries
  [BC015] Retain=2519 SimpleED=2519 TailTested=0 ED_Pass=2519 OccRemoved=3 Final=2516 Expected=12
FlexFilter filtered MEX directory directory and its parents created: /home/lhhung/jax_bgzf_reader_opt2_20260904/bgzf_noalign_rep1_20260904T095713Z/per_sample/BC015/Gene/filtered/
  BC015 (AACGCCGA): 2516 cells, 3002 entries
  [BC016] Retain=3676 SimpleED=3676 TailTested=0 ED_Pass=3676 OccRemoved=3 Final=3673 Expected=21
FlexFilter filtered MEX directory directory and its parents created: /home/lhhung/jax_bgzf_reader_opt2_20260904/bgzf_noalign_rep1_20260904T095713Z/per_sample/BC016/Gene/filtered/
  BC016 (ATTCGGTT): 3673 cells, 5441 entries
Flex gDNA per-sample metrics directory directory exists and will be overwritten: /home/lhhung/jax_bgzf_reader_opt2_20260904/bgzf_noalign_rep1_20260904T095713Z/per_sample/BC001/Gene/filtered/
Flex gDNA per-sample metrics directory directory exists and will be overwritten: /home/lhhung/jax_bgzf_reader_opt2_20260904/bgzf_noalign_rep1_20260904T095713Z/per_sample/BC002/Gene/filtered/
Flex gDNA per-sample metrics directory directory exists and will be overwritten: /home/lhhung/jax_bgzf_reader_opt2_20260904/bgzf_noalign_rep1_20260904T095713Z/per_sample/BC003/Gene/filtered/
Flex gDNA per-sample metrics directory directory exists and will be overwritten: /home/lhhung/jax_bgzf_reader_opt2_20260904/bgzf_noalign_rep1_20260904T095713Z/per_sample/BC004/Gene/filtered/
Flex gDNA per-sample metrics directory directory exists and will be overwritten: /home/lhhung/jax_bgzf_reader_opt2_20260904/bgzf_noalign_rep1_20260904T095713Z/per_sample/BC005/Gene/filtered/
Flex gDNA per-sample metrics directory directory exists and will be overwritten: /home/lhhung/jax_bgzf_reader_opt2_20260904/bgzf_noalign_rep1_20260904T095713Z/per_sample/BC006/Gene/filtered/
Flex gDNA per-sample metrics directory directory exists and will be overwritten: /home/lhhung/jax_bgzf_reader_opt2_20260904/bgzf_noalign_rep1_20260904T095713Z/per_sample/BC007/Gene/filtered/
Flex gDNA per-sample metrics directory directory exists and will be overwritten: /home/lhhung/jax_bgzf_reader_opt2_20260904/bgzf_noalign_rep1_20260904T095713Z/per_sample/BC008/Gene/filtered/
Flex gDNA per-sample metrics directory directory exists and will be overwritten: /home/lhhung/jax_bgzf_reader_opt2_20260904/bgzf_noalign_rep1_20260904T095713Z/per_sample/BC009/Gene/filtered/
Flex gDNA per-sample metrics directory directory exists and will be overwritten: /home/lhhung/jax_bgzf_reader_opt2_20260904/bgzf_noalign_rep1_20260904T095713Z/per_sample/BC010/Gene/filtered/
Flex gDNA per-sample metrics directory directory exists and will be overwritten: /home/lhhung/jax_bgzf_reader_opt2_20260904/bgzf_noalign_rep1_20260904T095713Z/per_sample/BC011/Gene/filtered/
Flex gDNA per-sample metrics directory directory exists and will be overwritten: /home/lhhung/jax_bgzf_reader_opt2_20260904/bgzf_noalign_rep1_20260904T095713Z/per_sample/BC012/Gene/filtered/
Flex gDNA per-sample metrics directory directory exists and will be overwritten: /home/lhhung/jax_bgzf_reader_opt2_20260904/bgzf_noalign_rep1_20260904T095713Z/per_sample/BC013/Gene/filtered/
Flex gDNA per-sample metrics directory directory exists and will be overwritten: /home/lhhung/jax_bgzf_reader_opt2_20260904/bgzf_noalign_rep1_20260904T095713Z/per_sample/BC014/Gene/filtered/
Flex gDNA per-sample metrics directory directory exists and will be overwritten: /home/lhhung/jax_bgzf_reader_opt2_20260904/bgzf_noalign_rep1_20260904T095713Z/per_sample/BC015/Gene/filtered/
Flex gDNA per-sample metrics directory directory exists and will be overwritten: /home/lhhung/jax_bgzf_reader_opt2_20260904/bgzf_noalign_rep1_20260904T095713Z/per_sample/BC016/Gene/filtered/
Flex gDNA diagnostic: cache_region_metadata_unavailable
Sep 04 10:01:35 ... Finished bucket-parallel Flex collapse
Solo timing: collapseUMIall_fromBuckets 47.6465 s
Sep 04 10:01:36 ... Finished collapsing UMIs (direct hash mode)
Solo timing: countCBgeneUMI 47.6465 s
Sep 04 10:01:36 ... Solo: inline-hash mode completed (skipping legacy output)
Solo timing: processRecords 48.9848 s
Sep 04 10:01:36 ..... finished Solo counting
ALL DONE!
