STAR-suite version=1.8.2
STAR upstream version=2.7.11b
STAR genome compatibility version=2.7.4a
STAR-suite source revision=2ce406aebbeb460a087eb79e60cc79ec6f2dd904-dirty
STAR compilation time,server,dir=2026-09-05T06:32:12+00:00 :/mnt/pikachu/STAR-suite-bgzf-reader-fix-20260905/core/legacy/source
STAR git: On branch fix/bgzf-reader-stream-20260905 ; commit 2ce406aebbeb460a087eb79e60cc79ec6f2dd904 ; diff files: core/legacy/source/ParametersSolo.cpp core/legacy/source/SoloReadBarcode_getCBandUMI.cpp flex/source/solo/CbCorrector.cpp flex/source/solo/CbCorrector.h 
##### Command Line:
/mnt/pikachu/STAR-suite-bgzf-reader-fix-20260905/core/legacy/source/STAR --runThreadN 32 --genomeDir /storage/flex_filtered_reference_2024/star_index --soloType CB_UMI_Simple --soloCBstart 1 --soloUMIstart 17 --soloCBlen 16 --soloUMIlen 12 --soloBarcodeReadLength 0 --soloCBwhitelist /storage/scRNAseq_output/whitelists/737K-fixed-rna-profiling.txt --flex yes --soloFlexExpectedCellsPerTag 3000 --soloSampleWhitelist /mnt/pikachu/flex/tables/sample_whitelist_full_16.tsv --soloProbeList /storage/flex_filtered_reference_2024/star_index/flex_probe_artifacts/probe_list.txt --soloSampleProbes /mnt/pikachu/JAX_scRNAseq01_processed/probe-barcodes-fixed-rna-profiling-rna.txt --soloSampleProbeOffset 68 --soloFlexAllowedTags /mnt/pikachu/flex/tables/sample_whitelist_full_16.tsv --soloFlexOutputPrefix /home/lhhung/STAR-suite-bgzf-ingest-benchmark-20260901/jax_cbq_20260905T063441Z/per_sample --limitIObufferSize 50000000 50000000 --outSJtype None --outSAMtype None --outSAMattributes None --soloFeatures Gene --soloCellFilter None --soloMultiMappers Rescue --soloCBmatchWLtype 1MM_multi_Nbase_pseudocounts --soloUMIfiltering MultiGeneUMI_CR --soloUMIdedup 1MM_CR --soloStrand Unstranded --clipAdapterType CellRanger4 --alignEndsType Local --chimSegmentMin 0 --soloKeysCompat cr --soloSampleSearchNearby no --soloHashScreenFile /storage/downsampled_100K/SC2300771/results/flex_h01_2024_20260320_081246/h01_cache.bin --flexPipeline yes --flexPipelineNTriage 0 --flexPipelineNSolo 0 --flexNoAlign 1 --dynamicThreadInterface 1 --crAssignConsumerThreads -1 --crAssignSearchThreads 1 --outFileNamePrefix /home/lhhung/STAR-suite-bgzf-ingest-benchmark-20260901/jax_cbq_20260905T063441Z/ --readFilesType Binseq PE --readFilesCbqRangeMode range --readFilesIn /home/lhhung/jax_stage_20260903/cbq/lane_000.cbq,/home/lhhung/jax_stage_20260903/cbq/lane_001.cbq,/home/lhhung/jax_stage_20260903/cbq/lane_002.cbq,/home/lhhung/jax_stage_20260903/cbq/lane_003.cbq,/home/lhhung/jax_stage_20260903/cbq/lane_004.cbq,/home/lhhung/jax_stage_20260903/cbq/lane_005.cbq,/home/lhhung/jax_stage_20260903/cbq/lane_006.cbq,/home/lhhung/jax_stage_20260903/cbq/lane_007.cbq
##### Initial USER parameters from Command Line:
outFileNamePrefix                 /home/lhhung/STAR-suite-bgzf-ingest-benchmark-20260901/jax_cbq_20260905T063441Z/
###### All USER parameters from Command Line:
runThreadN                    32     ~RE-DEFINED
genomeDir                     /storage/flex_filtered_reference_2024/star_index     ~RE-DEFINED
soloType                      CB_UMI_Simple     ~RE-DEFINED
soloCBstart                   1     ~RE-DEFINED
soloUMIstart                  17     ~RE-DEFINED
soloCBlen                     16     ~RE-DEFINED
soloUMIlen                    12     ~RE-DEFINED
soloBarcodeReadLength         0     ~RE-DEFINED
soloCBwhitelist               /storage/scRNAseq_output/whitelists/737K-fixed-rna-profiling.txt        ~RE-DEFINED
flex                          yes     ~RE-DEFINED
soloFlexExpectedCellsPerTag   3000     ~RE-DEFINED
soloSampleWhitelist           /mnt/pikachu/flex/tables/sample_whitelist_full_16.tsv     ~RE-DEFINED
soloProbeList                 /storage/flex_filtered_reference_2024/star_index/flex_probe_artifacts/probe_list.txt     ~RE-DEFINED
soloSampleProbes              /mnt/pikachu/JAX_scRNAseq01_processed/probe-barcodes-fixed-rna-profiling-rna.txt     ~RE-DEFINED
soloSampleProbeOffset         68     ~RE-DEFINED
soloFlexAllowedTags           /mnt/pikachu/flex/tables/sample_whitelist_full_16.tsv     ~RE-DEFINED
soloFlexOutputPrefix          /home/lhhung/STAR-suite-bgzf-ingest-benchmark-20260901/jax_cbq_20260905T063441Z/per_sample     ~RE-DEFINED
limitIObufferSize             50000000   50000000        ~RE-DEFINED
outSJtype                     None        ~RE-DEFINED
outSAMtype                    None        ~RE-DEFINED
outSAMattributes              None        ~RE-DEFINED
soloFeatures                  Gene        ~RE-DEFINED
soloCellFilter                None        ~RE-DEFINED
soloMultiMappers              Rescue        ~RE-DEFINED
soloCBmatchWLtype             1MM_multi_Nbase_pseudocounts     ~RE-DEFINED
soloUMIfiltering              MultiGeneUMI_CR        ~RE-DEFINED
soloUMIdedup                  1MM_CR        ~RE-DEFINED
soloStrand                    Unstranded     ~RE-DEFINED
clipAdapterType               CellRanger4        ~RE-DEFINED
alignEndsType                 Local     ~RE-DEFINED
chimSegmentMin                0     ~RE-DEFINED
soloKeysCompat                cr     ~RE-DEFINED
soloSampleSearchNearby        no     ~RE-DEFINED
soloHashScreenFile            /storage/downsampled_100K/SC2300771/results/flex_h01_2024_20260320_081246/h01_cache.bin     ~RE-DEFINED
flexPipeline                  yes     ~RE-DEFINED
flexPipelineNTriage           0     ~RE-DEFINED
flexPipelineNSolo             0     ~RE-DEFINED
flexNoAlign                   1     ~RE-DEFINED
dynamicThreadInterface        1     ~RE-DEFINED
crAssignConsumerThreads       -1     ~RE-DEFINED
crAssignSearchThreads         1     ~RE-DEFINED
outFileNamePrefix             /home/lhhung/STAR-suite-bgzf-ingest-benchmark-20260901/jax_cbq_20260905T063441Z/     ~RE-DEFINED
readFilesType                 Binseq   PE        ~RE-DEFINED
readFilesCbqRangeMode         range     ~RE-DEFINED
readFilesIn                   /home/lhhung/jax_stage_20260903/cbq/lane_000.cbq,/home/lhhung/jax_stage_20260903/cbq/lane_001.cbq,/home/lhhung/jax_stage_20260903/cbq/lane_002.cbq,/home/lhhung/jax_stage_20260903/cbq/lane_003.cbq,/home/lhhung/jax_stage_20260903/cbq/lane_004.cbq,/home/lhhung/jax_stage_20260903/cbq/lane_005.cbq,/home/lhhung/jax_stage_20260903/cbq/lane_006.cbq,/home/lhhung/jax_stage_20260903/cbq/lane_007.cbq        ~RE-DEFINED
##### Finished reading parameters from all sources

##### Final user re-defined parameters-----------------:
runThreadN                        32
dynamicThreadInterface            1
genomeDir                         /storage/flex_filtered_reference_2024/star_index
readFilesType                     Binseq   PE   
readFilesIn                       /home/lhhung/jax_stage_20260903/cbq/lane_000.cbq,/home/lhhung/jax_stage_20260903/cbq/lane_001.cbq,/home/lhhung/jax_stage_20260903/cbq/lane_002.cbq,/home/lhhung/jax_stage_20260903/cbq/lane_003.cbq,/home/lhhung/jax_stage_20260903/cbq/lane_004.cbq,/home/lhhung/jax_stage_20260903/cbq/lane_005.cbq,/home/lhhung/jax_stage_20260903/cbq/lane_006.cbq,/home/lhhung/jax_stage_20260903/cbq/lane_007.cbq   
readFilesCbqRangeMode             range
limitIObufferSize                 50000000   50000000   
outFileNamePrefix                 /home/lhhung/STAR-suite-bgzf-ingest-benchmark-20260901/jax_cbq_20260905T063441Z/
outSAMtype                        None   
outSAMattributes                  None   
outSJtype                         None   
clipAdapterType                   CellRanger4   
alignEndsType                     Local
chimSegmentMin                    0
soloType                          CB_UMI_Simple
soloCBstart                       1
soloUMIstart                      17
soloCBlen                         16
soloUMIlen                        12
soloBarcodeReadLength             0
soloCBwhitelist                   /storage/scRNAseq_output/whitelists/737K-fixed-rna-profiling.txt   
soloStrand                        Unstranded
soloFeatures                      Gene   
soloUMIdedup                      1MM_CR   
soloCBmatchWLtype                 1MM_multi_Nbase_pseudocounts
soloCellFilter                    None   
soloUMIfiltering                  MultiGeneUMI_CR   
soloMultiMappers                  Rescue   
soloKeysCompat                    cr
soloProbeList                     /storage/flex_filtered_reference_2024/star_index/flex_probe_artifacts/probe_list.txt
soloSampleWhitelist               /mnt/pikachu/flex/tables/sample_whitelist_full_16.tsv
soloSampleProbes                  /mnt/pikachu/JAX_scRNAseq01_processed/probe-barcodes-fixed-rna-profiling-rna.txt
soloSampleProbeOffset             68
soloSampleSearchNearby            no
soloHashScreenFile                /storage/downsampled_100K/SC2300771/results/flex_h01_2024_20260320_081246/h01_cache.bin
flex                              yes
flexPipeline                      yes
flexPipelineNSolo                 0
flexPipelineNTriage               0
flexNoAlign                       1
soloFlexExpectedCellsPerTag       3000
soloFlexAllowedTags               /mnt/pikachu/flex/tables/sample_whitelist_full_16.tsv
soloFlexOutputPrefix              /home/lhhung/STAR-suite-bgzf-ingest-benchmark-20260901/jax_cbq_20260905T063441Z/per_sample
crAssignConsumerThreads           -1
crAssignSearchThreads             1

-------------------------------
##### Final effective command line:
/mnt/pikachu/STAR-suite-bgzf-reader-fix-20260905/core/legacy/source/STAR   --runThreadN 32   --dynamicThreadInterface 1   --genomeDir /storage/flex_filtered_reference_2024/star_index   --readFilesType Binseq   PE      --readFilesIn /home/lhhung/jax_stage_20260903/cbq/lane_000.cbq,/home/lhhung/jax_stage_20260903/cbq/lane_001.cbq,/home/lhhung/jax_stage_20260903/cbq/lane_002.cbq,/home/lhhung/jax_stage_20260903/cbq/lane_003.cbq,/home/lhhung/jax_stage_20260903/cbq/lane_004.cbq,/home/lhhung/jax_stage_20260903/cbq/lane_005.cbq,/home/lhhung/jax_stage_20260903/cbq/lane_006.cbq,/home/lhhung/jax_stage_20260903/cbq/lane_007.cbq      --readFilesCbqRangeMode range   --limitIObufferSize 50000000   50000000      --outFileNamePrefix /home/lhhung/STAR-suite-bgzf-ingest-benchmark-20260901/jax_cbq_20260905T063441Z/   --outSAMtype None      --outSAMattributes None      --outSJtype None      --clipAdapterType CellRanger4      --alignEndsType Local   --chimSegmentMin 0   --soloType CB_UMI_Simple   --soloCBstart 1   --soloUMIstart 17   --soloCBlen 16   --soloUMIlen 12   --soloBarcodeReadLength 0   --soloCBwhitelist /storage/scRNAseq_output/whitelists/737K-fixed-rna-profiling.txt      --soloStrand Unstranded   --soloFeatures Gene      --soloUMIdedup 1MM_CR      --soloCBmatchWLtype 1MM_multi_Nbase_pseudocounts   --soloCellFilter None      --soloUMIfiltering MultiGeneUMI_CR      --soloMultiMappers Rescue      --soloKeysCompat cr   --soloProbeList /storage/flex_filtered_reference_2024/star_index/flex_probe_artifacts/probe_list.txt   --soloSampleWhitelist /mnt/pikachu/flex/tables/sample_whitelist_full_16.tsv   --soloSampleProbes /mnt/pikachu/JAX_scRNAseq01_processed/probe-barcodes-fixed-rna-profiling-rna.txt   --soloSampleProbeOffset 68   --soloSampleSearchNearby no   --soloHashScreenFile /storage/downsampled_100K/SC2300771/results/flex_h01_2024_20260320_081246/h01_cache.bin   --flex yes   --flexPipeline yes   --flexPipelineNSolo 0   --flexPipelineNTriage 0   --flexNoAlign 1   --soloFlexExpectedCellsPerTag 3000   --soloFlexAllowedTags /mnt/pikachu/flex/tables/sample_whitelist_full_16.tsv   --soloFlexOutputPrefix /home/lhhung/STAR-suite-bgzf-ingest-benchmark-20260901/jax_cbq_20260905T063441Z/per_sample   --crAssignConsumerThreads -1   --crAssignSearchThreads 1
----------------------------------------

Number of input files for each source = 8
CBQ indexed range reader: active with 39 tasks across 8 lanes and 2011130186 records
WARNING: --soloCbUbRequireTogether is DEPRECATED and will be ignored. CB and UB tags are now always handled independently.
--flex yes: Enabled Flex pipeline with production defaults
    soloRunFlexFilter=yes
    soloInlineCBCorrection=no
    soloInlineHashMode=yes (enabled)
    soloFlexMinimalMemory=yes
    soloMapqMode=off (enum=0)
    soloMMrateMax=0.1
    soloBarcodesObservedOnly=yes
    soloUMICorrection=clique
Flex gDNA diagnostic: probe metadata loaded from /storage/flex_filtered_reference_2024/star_index/flex_probe_artifacts/filtered_probe_set.csv (probes=53459, control_genes=5876)
H0/H1 hash screen: enabled with cache /storage/downsampled_100K/SC2300771/results/flex_h01_2024_20260320_081246/h01_cache.bin (8874194 records, format v2)
Flex gDNA diagnostic: active H0/H1 cache lacks probe-region metadata; mapping remains enabled but the diagnostic will be reported unavailable
Flex mode: Using probe list: /storage/flex_filtered_reference_2024/star_index/flex_probe_artifacts/probe_list.txt
Number of CBs in the whitelist = 737280
Flex streaming CB buckets: active (auto, 256 buckets, memory budget 32 GiB, async merge workers 2, fan-in 64, spill directory /home/lhhung/STAR-suite-bgzf-ingest-benchmark-20260901/jax_cbq_20260905T063441Z/_STARtmp)
Built cbWLhash: 737280 entries, 2097152 buckets
Initialized CbCorrector with 737280 CBs (CBQ-native packed order)
CbCorrector initialization verified: whitelistSize=737280
Skipping legacy ambiguousCbByKey precompute (set STAR_BUILD_LEGACY_AMBIG_HASH=1 to enable).
Sep 05 06:34:59 ... Finished reading, sorting and deduplicating CB whitelist sequences.
clip3pPolyG: auto => enabled
Finished loading and checking parameters
Flex count-only no-genome: active
Flex count-only no-genome: hash cache /storage/downsampled_100K/SC2300771/results/flex_h01_2024_20260320_081246/h01_cache.bin
Flex pipeline: runThreadN=32, nLanes=8, triage=0 (fully fused + lane steal + role switch), soloConsumers=0, fusedThreads=32, dedicatedWorkers=0, noAlign=ON (alignment skipped), noGenome=ON
Flex CBQ range: active (39 ranges across 8 lanes and 2011130186 records)
Flex shared ambiguous store: active for fully fused no-genome hash records
  32 fused no-genome threads started
PIPELINE_STATS t=10s total=158164087 keep=132104461 deny=1200243 sampleReject=12357049 miss=12502334 readerQ=0 soloQ=n/a alignQ=0 delta10s=158164087
PIPELINE_STATS t=20s total=316891949 keep=264267693 deny=2427706 sampleReject=24923603 miss=25272947 readerQ=0 soloQ=n/a alignQ=0 delta10s=158727862
PIPELINE_STATS t=30s total=475554605 keep=396250500 deny=3704871 sampleReject=37617585 miss=37981649 readerQ=0 soloQ=n/a alignQ=0 delta10s=158662656
PIPELINE_STATS t=40s total=633627437 keep=527815414 deny=4997142 sampleReject=49945180 miss=50869701 readerQ=0 soloQ=n/a alignQ=0 delta10s=158072832
PIPELINE_STATS t=50s total=793535277 keep=661235127 deny=6305209 sampleReject=62202475 miss=63792466 readerQ=0 soloQ=n/a alignQ=0 delta10s=159907840
PIPELINE_STATS t=60s total=952853293 keep=794485180 deny=7604299 sampleReject=74276045 miss=76487769 readerQ=0 soloQ=n/a alignQ=0 delta10s=159318016
PIPELINE_STATS t=70s total=1113285421 keep=928749125 deny=8885035 sampleReject=86270886 miss=89380375 readerQ=0 soloQ=n/a alignQ=0 delta10s=160432128
PIPELINE_STATS t=80s total=1273783085 keep=1063475207 deny=10199327 sampleReject=98261038 miss=101847513 readerQ=0 soloQ=n/a alignQ=0 delta10s=160497664
PIPELINE_STATS t=90s total=1434411821 keep=1198524963 deny=11467579 sampleReject=110116437 miss=114302842 readerQ=0 soloQ=n/a alignQ=0 delta10s=160628736
PIPELINE_STATS t=100s total=1595171629 keep=1333534081 deny=12736647 sampleReject=122121228 miss=126779673 readerQ=0 soloQ=n/a alignQ=0 delta10s=160759808
PIPELINE_STATS t=110s total=1754862282 keep=1467689305 deny=13995053 sampleReject=133896831 miss=139281093 readerQ=0 soloQ=n/a alignQ=0 delta10s=159690653
PIPELINE_STATS t=120s total=1910393689 keep=1597909328 deny=15240973 sampleReject=145603802 miss=151639586 readerQ=0 soloQ=n/a alignQ=0 delta10s=155531407
PIPELINE_STATS t=130s total=2008183498 keep=1679067882 deny=16083792 sampleReject=153238300 miss=159793524 readerQ=0 soloQ=n/a alignQ=0 delta10s=97789809
  All fused no-genome threads joined
  Stats reporter joined
Flex pipeline complete: total=2011130186, triageKeep=1681459858, triageDeny=16111757, sampleReject=153486035, triageMiss=160072536
  Lane 0: 251189625 reads
  Lane 1: 254280823 reads
  Lane 2: 253814000 reads
  Lane 3: 254819710 reads
  Lane 4: 247421226 reads
  Lane 5: 248719891 reads
  Lane 6: 249909554 reads
  Lane 7: 250975357 reads
Sep 05 06:37:19 ..... finished mapping
RAM after mapping:
VmPeak:	27625312 kB; VmSize:	27469588 kB; VmHWM:	26011260 kB; VmRSS:	26011260 kB; 
Sep 05 06:37:19 ..... started Solo counting
Sep 05 06:37:19 ... Starting Solo post-map for Gene
Solo timing: sumThreads adopt shared ambiguous 1.20987 s (2627928 entries)
Solo timing: sumThreads flush 1.49911 s, merge 4.3842e-05 s, stats 5.091e-06 s, counts 0.0131779 s, release 2.3016e-05 s
Sep 05 06:37:20 ... Starting bucket-parallel Flex collapse
[AMBIG-CB-RESOLVE] pending=2627928 resolved=2082829 resolved_observations=30428806 still_ambiguous=545099 added_to_hash=30428806
Solo timing: pre-loop: resolveAmbiguous 4.67701 s, flushSegments 0.0184131 s, finalizeStore 0.00236801 s, geneIds+allowed 0.000543841 s
Solo timing: bucket loop wall 8.35432 s; thread-seconds load 24.9581, kway_merge 70.6229, compact 7.09853, umi_correct 140.609, molecules 149.225, emit 2.32868
Solo timing: bucket fan-in 0.798905 s
[CB-BUCKET] backend=ram transitioned=no streamed_records=1657428453 aggregated_counts=1657428453 final_molecules=226092712 buckets=256 tail_threads=32 async_merges=6254 async_merged_records=1628244309
Found 694617 unique CBs and 99266019 (CB, gene, tag) groups
Found 1845225 unique (CB, TAG) combinations
  Genes: 18129, Entries: 99266019
Solo timing: post-fan-in setup: indexWl 0.00039415 s, reserve 0.000455175 s, tripletLoop 0.446788 s, perCbVectors 0.00112549 s
Solo raw MEX directory directory created: /home/lhhung/STAR-suite-bgzf-ingest-benchmark-20260901/jax_cbq_20260905T063441Z/Solo.out/Gene/raw/
Solo timing: mex dir prepared 5.849e-05 s
Sep 05 06:37:35 ... Writing MEX from inline-hash dedup data
Sep 05 06:37:40 ... Finished writing MEX format:
  /home/lhhung/STAR-suite-bgzf-ingest-benchmark-20260901/jax_cbq_20260905T063441Z/Solo.out/Gene/raw/matrix.mtx
  /home/lhhung/STAR-suite-bgzf-ingest-benchmark-20260901/jax_cbq_20260905T063441Z/Solo.out/Gene/raw/barcodes.tsv
  /home/lhhung/STAR-suite-bgzf-ingest-benchmark-20260901/jax_cbq_20260905T063441Z/Solo.out/Gene/raw/features.tsv
  Cells (CB+TAG combos): 1845225
  Features: 18129
  Entries: 99266019
FlexFilter output directory directory created: /home/lhhung/STAR-suite-bgzf-ingest-benchmark-20260901/jax_cbq_20260905T063441Z/per_sample/
Sep 05 06:37:40 ... Running flexfilter inline (in-memory matrix)...
  Loaded 16 allowed tags with sample labels
FlexFilter: Using per-tag expected cells: 3000 x 16 tags = 48000 total
FlexFilter output directory directory exists and will be overwritten: /home/lhhung/STAR-suite-bgzf-ingest-benchmark-20260901/jax_cbq_20260905T063441Z/per_sample/
Sep 05 06:38:00 ... Flexfilter pipeline complete
  Processed 16 tags
  [BC001] Retain=885 SimpleED=885 TailTested=0 ED_Pass=885 OccRemoved=1 Final=884 Expected=4
FlexFilter filtered MEX directory directory and its parents created: /home/lhhung/STAR-suite-bgzf-ingest-benchmark-20260901/jax_cbq_20260905T063441Z/per_sample/BC001/Gene/filtered/
  BC001 (ACTTTAGG): 884 cells, 916 entries
  [BC002] Retain=15850 SimpleED=4088 TailTested=0 ED_Pass=4088 OccRemoved=2 Final=4086 Expected=656
FlexFilter filtered MEX directory directory and its parents created: /home/lhhung/STAR-suite-bgzf-ingest-benchmark-20260901/jax_cbq_20260905T063441Z/per_sample/BC002/Gene/filtered/
  BC002 (AACGGGAA): 4086 cells, 160939 entries
  [BC003] Retain=3365 SimpleED=3365 TailTested=0 ED_Pass=3365 OccRemoved=1 Final=3364 Expected=24
FlexFilter filtered MEX directory directory and its parents created: /home/lhhung/STAR-suite-bgzf-ingest-benchmark-20260901/jax_cbq_20260905T063441Z/per_sample/BC003/Gene/filtered/
  BC003 (AGTAGGCT): 3364 cells, 6411 entries
  [BC004] Retain=120000 SimpleED=0 TailTested=5019 ED_Pass=4409 OccRemoved=3 Final=4406 Expected=8074
FlexFilter filtered MEX directory directory and its parents created: /home/lhhung/STAR-suite-bgzf-ingest-benchmark-20260901/jax_cbq_20260905T063441Z/per_sample/BC004/Gene/filtered/
  BC004 (ATGTTGAC): 4406 cells, 14938152 entries
  [BC005] Retain=3397 SimpleED=3397 TailTested=0 ED_Pass=3397 OccRemoved=2 Final=3395 Expected=24
FlexFilter filtered MEX directory directory and its parents created: /home/lhhung/STAR-suite-bgzf-ingest-benchmark-20260901/jax_cbq_20260905T063441Z/per_sample/BC005/Gene/filtered/
  BC005 (ACAGACCT): 3395 cells, 6228 entries
  [BC006] Retain=120000 SimpleED=0 TailTested=5879 ED_Pass=5301 OccRemoved=3 Final=5298 Expected=9905
FlexFilter filtered MEX directory directory and its parents created: /home/lhhung/STAR-suite-bgzf-ingest-benchmark-20260901/jax_cbq_20260905T063441Z/per_sample/BC006/Gene/filtered/
  BC006 (ATCCCAAC): 5298 cells, 17874169 entries
  [BC007] Retain=120000 SimpleED=0 TailTested=5815 ED_Pass=5389 OccRemoved=3 Final=5386 Expected=14658
FlexFilter filtered MEX directory directory and its parents created: /home/lhhung/STAR-suite-bgzf-ingest-benchmark-20260901/jax_cbq_20260905T063441Z/per_sample/BC007/Gene/filtered/
  BC007 (AAGTAGAG): 5386 cells, 26969774 entries
  [BC008] Retain=120000 SimpleED=0 TailTested=5750 ED_Pass=5276 OccRemoved=3 Final=5273 Expected=14515
FlexFilter filtered MEX directory directory and its parents created: /home/lhhung/STAR-suite-bgzf-ingest-benchmark-20260901/jax_cbq_20260905T063441Z/per_sample/BC008/Gene/filtered/
  BC008 (AGCTGTGA): 5273 cells, 24585205 entries
  [BC009] Retain=1331 SimpleED=1331 TailTested=0 ED_Pass=1331 OccRemoved=2 Final=1329 Expected=6
FlexFilter filtered MEX directory directory and its parents created: /home/lhhung/STAR-suite-bgzf-ingest-benchmark-20260901/jax_cbq_20260905T063441Z/per_sample/BC009/Gene/filtered/
  BC009 (ACAGTCTG): 1329 cells, 1539 entries
  [BC010] Retain=1125 SimpleED=1125 TailTested=0 ED_Pass=1125 OccRemoved=0 Final=1125 Expected=5
FlexFilter filtered MEX directory directory and its parents created: /home/lhhung/STAR-suite-bgzf-ingest-benchmark-20260901/jax_cbq_20260905T063441Z/per_sample/BC010/Gene/filtered/
  BC010 (AGTGAGTG): 1125 cells, 1189 entries
  [BC011] Retain=3970 SimpleED=3970 TailTested=0 ED_Pass=3970 OccRemoved=1 Final=3969 Expected=24
FlexFilter filtered MEX directory directory and its parents created: /home/lhhung/STAR-suite-bgzf-ingest-benchmark-20260901/jax_cbq_20260905T063441Z/per_sample/BC011/Gene/filtered/
  BC011 (AGAGGCAA): 3969 cells, 6224 entries
  [BC012] Retain=529 SimpleED=529 TailTested=0 ED_Pass=529 OccRemoved=0 Final=529 Expected=2
FlexFilter filtered MEX directory directory and its parents created: /home/lhhung/STAR-suite-bgzf-ingest-benchmark-20260901/jax_cbq_20260905T063441Z/per_sample/BC012/Gene/filtered/
  BC012 (ACTACTCA): 529 cells, 554 entries
  [BC013] Retain=5559 SimpleED=5559 TailTested=0 ED_Pass=5559 OccRemoved=2 Final=5557 Expected=61
FlexFilter filtered MEX directory directory and its parents created: /home/lhhung/STAR-suite-bgzf-ingest-benchmark-20260901/jax_cbq_20260905T063441Z/per_sample/BC013/Gene/filtered/
  BC013 (ATACGTCA): 5557 cells, 15651 entries
  [BC014] Retain=1996 SimpleED=1996 TailTested=0 ED_Pass=1996 OccRemoved=1 Final=1995 Expected=9
FlexFilter filtered MEX directory directory and its parents created: /home/lhhung/STAR-suite-bgzf-ingest-benchmark-20260901/jax_cbq_20260905T063441Z/per_sample/BC014/Gene/filtered/
  BC014 (ATCATGTG): 1995 cells, 2388 entries
  [BC015] Retain=2519 SimpleED=2519 TailTested=0 ED_Pass=2519 OccRemoved=3 Final=2516 Expected=12
FlexFilter filtered MEX directory directory and its parents created: /home/lhhung/STAR-suite-bgzf-ingest-benchmark-20260901/jax_cbq_20260905T063441Z/per_sample/BC015/Gene/filtered/
  BC015 (AACGCCGA): 2516 cells, 3002 entries
  [BC016] Retain=3676 SimpleED=3676 TailTested=0 ED_Pass=3676 OccRemoved=3 Final=3673 Expected=21
FlexFilter filtered MEX directory directory and its parents created: /home/lhhung/STAR-suite-bgzf-ingest-benchmark-20260901/jax_cbq_20260905T063441Z/per_sample/BC016/Gene/filtered/
  BC016 (ATTCGGTT): 3673 cells, 5441 entries
Flex gDNA per-sample metrics directory directory exists and will be overwritten: /home/lhhung/STAR-suite-bgzf-ingest-benchmark-20260901/jax_cbq_20260905T063441Z/per_sample/BC001/Gene/filtered/
Flex gDNA per-sample metrics directory directory exists and will be overwritten: /home/lhhung/STAR-suite-bgzf-ingest-benchmark-20260901/jax_cbq_20260905T063441Z/per_sample/BC002/Gene/filtered/
Flex gDNA per-sample metrics directory directory exists and will be overwritten: /home/lhhung/STAR-suite-bgzf-ingest-benchmark-20260901/jax_cbq_20260905T063441Z/per_sample/BC003/Gene/filtered/
Flex gDNA per-sample metrics directory directory exists and will be overwritten: /home/lhhung/STAR-suite-bgzf-ingest-benchmark-20260901/jax_cbq_20260905T063441Z/per_sample/BC004/Gene/filtered/
Flex gDNA per-sample metrics directory directory exists and will be overwritten: /home/lhhung/STAR-suite-bgzf-ingest-benchmark-20260901/jax_cbq_20260905T063441Z/per_sample/BC005/Gene/filtered/
Flex gDNA per-sample metrics directory directory exists and will be overwritten: /home/lhhung/STAR-suite-bgzf-ingest-benchmark-20260901/jax_cbq_20260905T063441Z/per_sample/BC006/Gene/filtered/
Flex gDNA per-sample metrics directory directory exists and will be overwritten: /home/lhhung/STAR-suite-bgzf-ingest-benchmark-20260901/jax_cbq_20260905T063441Z/per_sample/BC007/Gene/filtered/
Flex gDNA per-sample metrics directory directory exists and will be overwritten: /home/lhhung/STAR-suite-bgzf-ingest-benchmark-20260901/jax_cbq_20260905T063441Z/per_sample/BC008/Gene/filtered/
Flex gDNA per-sample metrics directory directory exists and will be overwritten: /home/lhhung/STAR-suite-bgzf-ingest-benchmark-20260901/jax_cbq_20260905T063441Z/per_sample/BC009/Gene/filtered/
Flex gDNA per-sample metrics directory directory exists and will be overwritten: /home/lhhung/STAR-suite-bgzf-ingest-benchmark-20260901/jax_cbq_20260905T063441Z/per_sample/BC010/Gene/filtered/
Flex gDNA per-sample metrics directory directory exists and will be overwritten: /home/lhhung/STAR-suite-bgzf-ingest-benchmark-20260901/jax_cbq_20260905T063441Z/per_sample/BC011/Gene/filtered/
Flex gDNA per-sample metrics directory directory exists and will be overwritten: /home/lhhung/STAR-suite-bgzf-ingest-benchmark-20260901/jax_cbq_20260905T063441Z/per_sample/BC012/Gene/filtered/
Flex gDNA per-sample metrics directory directory exists and will be overwritten: /home/lhhung/STAR-suite-bgzf-ingest-benchmark-20260901/jax_cbq_20260905T063441Z/per_sample/BC013/Gene/filtered/
Flex gDNA per-sample metrics directory directory exists and will be overwritten: /home/lhhung/STAR-suite-bgzf-ingest-benchmark-20260901/jax_cbq_20260905T063441Z/per_sample/BC014/Gene/filtered/
Flex gDNA per-sample metrics directory directory exists and will be overwritten: /home/lhhung/STAR-suite-bgzf-ingest-benchmark-20260901/jax_cbq_20260905T063441Z/per_sample/BC015/Gene/filtered/
Flex gDNA per-sample metrics directory directory exists and will be overwritten: /home/lhhung/STAR-suite-bgzf-ingest-benchmark-20260901/jax_cbq_20260905T063441Z/per_sample/BC016/Gene/filtered/
Flex gDNA diagnostic: cache_region_metadata_unavailable
Sep 05 06:38:07 ... Finished bucket-parallel Flex collapse
Solo timing: collapseUMIall_fromBuckets 46.595 s
Sep 05 06:38:07 ... Finished collapsing UMIs (direct hash mode)
Solo timing: countCBgeneUMI 46.5951 s
Sep 05 06:38:07 ... Solo: inline-hash mode completed (skipping legacy output)
Solo timing: processRecords 47.8708 s
Sep 05 06:38:07 ..... finished Solo counting
ALL DONE!
