STAR-suite version=1.8.2
STAR upstream version=2.7.11b
STAR genome compatibility version=2.7.4a
STAR-suite source revision=54247463ee355b2e15df579a9359639a1286ba74-dirty
STAR compilation time,server,dir=2026-09-05T06:08:55+00:00 :/mnt/pikachu/STAR-suite-bgzf-reader-fix-20260905/core/legacy/source
STAR git: On branch fix/bgzf-reader-stream-20260905 ; commit 54247463ee355b2e15df579a9359639a1286ba74 ; diff files: 
##### Command Line:
/mnt/pikachu/STAR-suite-bgzf-reader-fix-20260905/core/legacy/source/STAR --runThreadN 32 --genomeDir /storage/flex_filtered_reference_2024/star_index --soloType CB_UMI_Simple --soloCBstart 1 --soloUMIstart 17 --soloCBlen 16 --soloUMIlen 12 --soloBarcodeReadLength 0 --soloCBwhitelist /storage/scRNAseq_output/whitelists/737K-fixed-rna-profiling.txt --flex yes --soloFlexExpectedCellsPerTag 3000 --soloSampleWhitelist /mnt/pikachu/flex/tables/sample_whitelist_full_16.tsv --soloProbeList /storage/flex_filtered_reference_2024/star_index/flex_probe_artifacts/probe_list.txt --soloSampleProbes /mnt/pikachu/JAX_scRNAseq01_processed/probe-barcodes-fixed-rna-profiling-rna.txt --soloSampleProbeOffset 68 --soloFlexAllowedTags /mnt/pikachu/flex/tables/sample_whitelist_full_16.tsv --soloFlexOutputPrefix /home/lhhung/STAR-suite-bgzf-ingest-benchmark-20260901/jax_cbq_20260905T060936Z/per_sample --limitIObufferSize 50000000 50000000 --outSJtype None --outSAMtype None --outSAMattributes None --soloFeatures Gene --soloCellFilter None --soloMultiMappers Rescue --soloCBmatchWLtype 1MM_multi_Nbase_pseudocounts --soloUMIfiltering MultiGeneUMI_CR --soloUMIdedup 1MM_CR --soloStrand Unstranded --clipAdapterType CellRanger4 --alignEndsType Local --chimSegmentMin 0 --soloKeysCompat cr --soloSampleSearchNearby no --soloHashScreenFile /storage/downsampled_100K/SC2300771/results/flex_h01_2024_20260320_081246/h01_cache.bin --flexPipeline yes --flexPipelineNTriage 0 --flexPipelineNSolo 0 --flexNoAlign 1 --dynamicThreadInterface 1 --crAssignConsumerThreads -1 --crAssignSearchThreads 1 --outFileNamePrefix /home/lhhung/STAR-suite-bgzf-ingest-benchmark-20260901/jax_cbq_20260905T060936Z/ --readFilesType Binseq PE --readFilesCbqRangeMode range --readFilesIn /home/lhhung/jax_stage_20260903/cbq/lane_000.cbq,/home/lhhung/jax_stage_20260903/cbq/lane_001.cbq,/home/lhhung/jax_stage_20260903/cbq/lane_002.cbq,/home/lhhung/jax_stage_20260903/cbq/lane_003.cbq,/home/lhhung/jax_stage_20260903/cbq/lane_004.cbq,/home/lhhung/jax_stage_20260903/cbq/lane_005.cbq,/home/lhhung/jax_stage_20260903/cbq/lane_006.cbq,/home/lhhung/jax_stage_20260903/cbq/lane_007.cbq
##### Initial USER parameters from Command Line:
outFileNamePrefix                 /home/lhhung/STAR-suite-bgzf-ingest-benchmark-20260901/jax_cbq_20260905T060936Z/
###### All USER parameters from Command Line:
runThreadN                    32     ~RE-DEFINED
genomeDir                     /storage/flex_filtered_reference_2024/star_index     ~RE-DEFINED
soloType                      CB_UMI_Simple     ~RE-DEFINED
soloCBstart                   1     ~RE-DEFINED
soloUMIstart                  17     ~RE-DEFINED
soloCBlen                     16     ~RE-DEFINED
soloUMIlen                    12     ~RE-DEFINED
soloBarcodeReadLength         0     ~RE-DEFINED
soloCBwhitelist               /storage/scRNAseq_output/whitelists/737K-fixed-rna-profiling.txt        ~RE-DEFINED
flex                          yes     ~RE-DEFINED
soloFlexExpectedCellsPerTag   3000     ~RE-DEFINED
soloSampleWhitelist           /mnt/pikachu/flex/tables/sample_whitelist_full_16.tsv     ~RE-DEFINED
soloProbeList                 /storage/flex_filtered_reference_2024/star_index/flex_probe_artifacts/probe_list.txt     ~RE-DEFINED
soloSampleProbes              /mnt/pikachu/JAX_scRNAseq01_processed/probe-barcodes-fixed-rna-profiling-rna.txt     ~RE-DEFINED
soloSampleProbeOffset         68     ~RE-DEFINED
soloFlexAllowedTags           /mnt/pikachu/flex/tables/sample_whitelist_full_16.tsv     ~RE-DEFINED
soloFlexOutputPrefix          /home/lhhung/STAR-suite-bgzf-ingest-benchmark-20260901/jax_cbq_20260905T060936Z/per_sample     ~RE-DEFINED
limitIObufferSize             50000000   50000000        ~RE-DEFINED
outSJtype                     None        ~RE-DEFINED
outSAMtype                    None        ~RE-DEFINED
outSAMattributes              None        ~RE-DEFINED
soloFeatures                  Gene        ~RE-DEFINED
soloCellFilter                None        ~RE-DEFINED
soloMultiMappers              Rescue        ~RE-DEFINED
soloCBmatchWLtype             1MM_multi_Nbase_pseudocounts     ~RE-DEFINED
soloUMIfiltering              MultiGeneUMI_CR        ~RE-DEFINED
soloUMIdedup                  1MM_CR        ~RE-DEFINED
soloStrand                    Unstranded     ~RE-DEFINED
clipAdapterType               CellRanger4        ~RE-DEFINED
alignEndsType                 Local     ~RE-DEFINED
chimSegmentMin                0     ~RE-DEFINED
soloKeysCompat                cr     ~RE-DEFINED
soloSampleSearchNearby        no     ~RE-DEFINED
soloHashScreenFile            /storage/downsampled_100K/SC2300771/results/flex_h01_2024_20260320_081246/h01_cache.bin     ~RE-DEFINED
flexPipeline                  yes     ~RE-DEFINED
flexPipelineNTriage           0     ~RE-DEFINED
flexPipelineNSolo             0     ~RE-DEFINED
flexNoAlign                   1     ~RE-DEFINED
dynamicThreadInterface        1     ~RE-DEFINED
crAssignConsumerThreads       -1     ~RE-DEFINED
crAssignSearchThreads         1     ~RE-DEFINED
outFileNamePrefix             /home/lhhung/STAR-suite-bgzf-ingest-benchmark-20260901/jax_cbq_20260905T060936Z/     ~RE-DEFINED
readFilesType                 Binseq   PE        ~RE-DEFINED
readFilesCbqRangeMode         range     ~RE-DEFINED
readFilesIn                   /home/lhhung/jax_stage_20260903/cbq/lane_000.cbq,/home/lhhung/jax_stage_20260903/cbq/lane_001.cbq,/home/lhhung/jax_stage_20260903/cbq/lane_002.cbq,/home/lhhung/jax_stage_20260903/cbq/lane_003.cbq,/home/lhhung/jax_stage_20260903/cbq/lane_004.cbq,/home/lhhung/jax_stage_20260903/cbq/lane_005.cbq,/home/lhhung/jax_stage_20260903/cbq/lane_006.cbq,/home/lhhung/jax_stage_20260903/cbq/lane_007.cbq        ~RE-DEFINED
##### Finished reading parameters from all sources

##### Final user re-defined parameters-----------------:
runThreadN                        32
dynamicThreadInterface            1
genomeDir                         /storage/flex_filtered_reference_2024/star_index
readFilesType                     Binseq   PE   
readFilesIn                       /home/lhhung/jax_stage_20260903/cbq/lane_000.cbq,/home/lhhung/jax_stage_20260903/cbq/lane_001.cbq,/home/lhhung/jax_stage_20260903/cbq/lane_002.cbq,/home/lhhung/jax_stage_20260903/cbq/lane_003.cbq,/home/lhhung/jax_stage_20260903/cbq/lane_004.cbq,/home/lhhung/jax_stage_20260903/cbq/lane_005.cbq,/home/lhhung/jax_stage_20260903/cbq/lane_006.cbq,/home/lhhung/jax_stage_20260903/cbq/lane_007.cbq   
readFilesCbqRangeMode             range
limitIObufferSize                 50000000   50000000   
outFileNamePrefix                 /home/lhhung/STAR-suite-bgzf-ingest-benchmark-20260901/jax_cbq_20260905T060936Z/
outSAMtype                        None   
outSAMattributes                  None   
outSJtype                         None   
clipAdapterType                   CellRanger4   
alignEndsType                     Local
chimSegmentMin                    0
soloType                          CB_UMI_Simple
soloCBstart                       1
soloUMIstart                      17
soloCBlen                         16
soloUMIlen                        12
soloBarcodeReadLength             0
soloCBwhitelist                   /storage/scRNAseq_output/whitelists/737K-fixed-rna-profiling.txt   
soloStrand                        Unstranded
soloFeatures                      Gene   
soloUMIdedup                      1MM_CR   
soloCBmatchWLtype                 1MM_multi_Nbase_pseudocounts
soloCellFilter                    None   
soloUMIfiltering                  MultiGeneUMI_CR   
soloMultiMappers                  Rescue   
soloKeysCompat                    cr
soloProbeList                     /storage/flex_filtered_reference_2024/star_index/flex_probe_artifacts/probe_list.txt
soloSampleWhitelist               /mnt/pikachu/flex/tables/sample_whitelist_full_16.tsv
soloSampleProbes                  /mnt/pikachu/JAX_scRNAseq01_processed/probe-barcodes-fixed-rna-profiling-rna.txt
soloSampleProbeOffset             68
soloSampleSearchNearby            no
soloHashScreenFile                /storage/downsampled_100K/SC2300771/results/flex_h01_2024_20260320_081246/h01_cache.bin
flex                              yes
flexPipeline                      yes
flexPipelineNSolo                 0
flexPipelineNTriage               0
flexNoAlign                       1
soloFlexExpectedCellsPerTag       3000
soloFlexAllowedTags               /mnt/pikachu/flex/tables/sample_whitelist_full_16.tsv
soloFlexOutputPrefix              /home/lhhung/STAR-suite-bgzf-ingest-benchmark-20260901/jax_cbq_20260905T060936Z/per_sample
crAssignConsumerThreads           -1
crAssignSearchThreads             1

-------------------------------
##### Final effective command line:
/mnt/pikachu/STAR-suite-bgzf-reader-fix-20260905/core/legacy/source/STAR   --runThreadN 32   --dynamicThreadInterface 1   --genomeDir /storage/flex_filtered_reference_2024/star_index   --readFilesType Binseq   PE      --readFilesIn /home/lhhung/jax_stage_20260903/cbq/lane_000.cbq,/home/lhhung/jax_stage_20260903/cbq/lane_001.cbq,/home/lhhung/jax_stage_20260903/cbq/lane_002.cbq,/home/lhhung/jax_stage_20260903/cbq/lane_003.cbq,/home/lhhung/jax_stage_20260903/cbq/lane_004.cbq,/home/lhhung/jax_stage_20260903/cbq/lane_005.cbq,/home/lhhung/jax_stage_20260903/cbq/lane_006.cbq,/home/lhhung/jax_stage_20260903/cbq/lane_007.cbq      --readFilesCbqRangeMode range   --limitIObufferSize 50000000   50000000      --outFileNamePrefix /home/lhhung/STAR-suite-bgzf-ingest-benchmark-20260901/jax_cbq_20260905T060936Z/   --outSAMtype None      --outSAMattributes None      --outSJtype None      --clipAdapterType CellRanger4      --alignEndsType Local   --chimSegmentMin 0   --soloType CB_UMI_Simple   --soloCBstart 1   --soloUMIstart 17   --soloCBlen 16   --soloUMIlen 12   --soloBarcodeReadLength 0   --soloCBwhitelist /storage/scRNAseq_output/whitelists/737K-fixed-rna-profiling.txt      --soloStrand Unstranded   --soloFeatures Gene      --soloUMIdedup 1MM_CR      --soloCBmatchWLtype 1MM_multi_Nbase_pseudocounts   --soloCellFilter None      --soloUMIfiltering MultiGeneUMI_CR      --soloMultiMappers Rescue      --soloKeysCompat cr   --soloProbeList /storage/flex_filtered_reference_2024/star_index/flex_probe_artifacts/probe_list.txt   --soloSampleWhitelist /mnt/pikachu/flex/tables/sample_whitelist_full_16.tsv   --soloSampleProbes /mnt/pikachu/JAX_scRNAseq01_processed/probe-barcodes-fixed-rna-profiling-rna.txt   --soloSampleProbeOffset 68   --soloSampleSearchNearby no   --soloHashScreenFile /storage/downsampled_100K/SC2300771/results/flex_h01_2024_20260320_081246/h01_cache.bin   --flex yes   --flexPipeline yes   --flexPipelineNSolo 0   --flexPipelineNTriage 0   --flexNoAlign 1   --soloFlexExpectedCellsPerTag 3000   --soloFlexAllowedTags /mnt/pikachu/flex/tables/sample_whitelist_full_16.tsv   --soloFlexOutputPrefix /home/lhhung/STAR-suite-bgzf-ingest-benchmark-20260901/jax_cbq_20260905T060936Z/per_sample   --crAssignConsumerThreads -1   --crAssignSearchThreads 1
----------------------------------------

Number of input files for each source = 8
CBQ indexed range reader: active with 39 tasks across 8 lanes and 2011130186 records
WARNING: --soloCbUbRequireTogether is DEPRECATED and will be ignored. CB and UB tags are now always handled independently.
--flex yes: Enabled Flex pipeline with production defaults
    soloRunFlexFilter=yes
    soloInlineCBCorrection=no
    soloInlineHashMode=yes (enabled)
    soloFlexMinimalMemory=yes
    soloMapqMode=off (enum=0)
    soloMMrateMax=0.1
    soloBarcodesObservedOnly=yes
    soloUMICorrection=clique
Flex gDNA diagnostic: probe metadata loaded from /storage/flex_filtered_reference_2024/star_index/flex_probe_artifacts/filtered_probe_set.csv (probes=53459, control_genes=5876)
H0/H1 hash screen: enabled with cache /storage/downsampled_100K/SC2300771/results/flex_h01_2024_20260320_081246/h01_cache.bin (8874194 records, format v2)
Flex gDNA diagnostic: active H0/H1 cache lacks probe-region metadata; mapping remains enabled but the diagnostic will be reported unavailable
Flex mode: Using probe list: /storage/flex_filtered_reference_2024/star_index/flex_probe_artifacts/probe_list.txt
Number of CBs in the whitelist = 737280
Flex streaming CB buckets: active (auto, 256 buckets, memory budget 32 GiB, async merge workers 2, fan-in 64, spill directory /home/lhhung/STAR-suite-bgzf-ingest-benchmark-20260901/jax_cbq_20260905T060936Z/_STARtmp)
Built cbWLhash: 737280 entries, 2097152 buckets
Initialized CbCorrector with 737280 CBs
CbCorrector initialization verified: whitelistSize=737280
Skipping legacy ambiguousCbByKey precompute (set STAR_BUILD_LEGACY_AMBIG_HASH=1 to enable).
Sep 05 06:09:52 ... Finished reading, sorting and deduplicating CB whitelist sequences.
clip3pPolyG: auto => enabled
Finished loading and checking parameters
Flex count-only no-genome: active
Flex count-only no-genome: hash cache /storage/downsampled_100K/SC2300771/results/flex_h01_2024_20260320_081246/h01_cache.bin
Flex pipeline: runThreadN=32, nLanes=8, triage=0 (fully fused + lane steal + role switch), soloConsumers=0, fusedThreads=32, dedicatedWorkers=0, noAlign=ON (alignment skipped), noGenome=ON
Flex CBQ range: active (39 ranges across 8 lanes and 2011130186 records)
Flex shared ambiguous store: active for fully fused no-genome hash records
  32 fused no-genome threads started
PIPELINE_STATS t=10s total=147332131 keep=123064267 deny=1118693 sampleReject=11496485 miss=11652686 readerQ=0 soloQ=n/a alignQ=0 delta10s=147332131
PIPELINE_STATS t=20s total=295199533 keep=246198702 deny=2258182 sampleReject=23193352 miss=23549297 readerQ=0 soloQ=n/a alignQ=0 delta10s=147867402
PIPELINE_STATS t=30s total=442458925 keep=368701273 deny=3432075 sampleReject=34983187 miss=35342390 readerQ=0 soloQ=n/a alignQ=0 delta10s=147259392
PIPELINE_STATS t=40s total=589521709 keep=490985184 deny=4638044 sampleReject=46527548 miss=47370933 readerQ=0 soloQ=n/a alignQ=0 delta10s=147062784
PIPELINE_STATS t=50s total=737043245 keep=613912779 deny=5853658 sampleReject=57909239 miss=59367569 readerQ=0 soloQ=n/a alignQ=0 delta10s=147521536
PIPELINE_STATS t=60s total=885613357 keep=738264301 deny=7049227 sampleReject=69232963 miss=71066866 readerQ=0 soloQ=n/a alignQ=0 delta10s=148570112
PIPELINE_STATS t=70s total=1034380077 keep=862459227 deny=8266510 sampleReject=80408604 miss=83245736 readerQ=0 soloQ=n/a alignQ=0 delta10s=148766720
PIPELINE_STATS t=80s total=1182753581 keep=986928218 deny=9456510 sampleReject=91535499 miss=94833354 readerQ=0 soloQ=n/a alignQ=0 delta10s=148373504
PIPELINE_STATS t=90s total=1331520301 keep=1111918203 deny=10670443 sampleReject=102558987 miss=106372668 readerQ=0 soloQ=n/a alignQ=0 delta10s=148766720
PIPELINE_STATS t=100s total=1480614701 keep=1237325862 deny=11843408 sampleReject=113538375 miss=117907056 readerQ=0 soloQ=n/a alignQ=0 delta10s=149094400
PIPELINE_STATS t=110s total=1628660525 keep=1361611568 deny=13011906 sampleReject=124621685 miss=129415366 readerQ=0 soloQ=n/a alignQ=0 delta10s=148045824
PIPELINE_STATS t=120s total=1776947914 keep=1486147483 deny=14185619 sampleReject=135571380 miss=141043432 readerQ=0 soloQ=n/a alignQ=0 delta10s=148287389
PIPELINE_STATS t=130s total=1920418977 keep=1606222513 deny=15332648 sampleReject=146390949 miss=152472867 readerQ=0 soloQ=n/a alignQ=0 delta10s=143471063
PIPELINE_STATS t=140s total=2007526933 keep=1678530465 deny=16077606 sampleReject=153184718 miss=159734144 readerQ=0 soloQ=n/a alignQ=0 delta10s=87107956
  All fused no-genome threads joined
  Stats reporter joined
Flex pipeline complete: total=2011130186, triageKeep=1681459858, triageDeny=16111757, sampleReject=153486035, triageMiss=160072536
  Lane 0: 251189625 reads
  Lane 1: 254280823 reads
  Lane 2: 253814000 reads
  Lane 3: 254819710 reads
  Lane 4: 247421226 reads
  Lane 5: 248719891 reads
  Lane 6: 249909554 reads
  Lane 7: 250975357 reads
Sep 05 06:12:22 ..... finished mapping
RAM after mapping:
VmPeak:	27624708 kB; VmSize:	27468984 kB; VmHWM:	25986332 kB; VmRSS:	25986332 kB; 
Sep 05 06:12:22 ..... started Solo counting
Sep 05 06:12:22 ... Starting Solo post-map for Gene
Solo timing: sumThreads adopt shared ambiguous 1.21322 s (2627928 entries)
Solo timing: sumThreads flush 1.58281 s, merge 4.0559e-05 s, stats 5.375e-06 s, counts 0.0139794 s, release 2.5326e-05 s
Sep 05 06:12:23 ... Starting bucket-parallel Flex collapse
[AMBIG-CB-RESOLVE] pending=2627928 resolved=2082829 resolved_observations=30428806 still_ambiguous=545099 added_to_hash=30428806
Solo timing: pre-loop: resolveAmbiguous 4.64814 s, flushSegments 0.0189414 s, finalizeStore 0.0021538 s, geneIds+allowed 0.000543731 s
Solo timing: bucket loop wall 8.49017 s; thread-seconds load 25.0416, kway_merge 71.8463, compact 6.69056, umi_correct 142.081, molecules 150.842, emit 2.3322
Solo timing: bucket fan-in 0.837713 s
[CB-BUCKET] backend=ram transitioned=no streamed_records=1657428453 aggregated_counts=1657428453 final_molecules=226092712 buckets=256 tail_threads=32 async_merges=6254 async_merged_records=1628265537
Found 694617 unique CBs and 99266019 (CB, gene, tag) groups
Found 1845225 unique (CB, TAG) combinations
  Genes: 18129, Entries: 99266019
Solo timing: post-fan-in setup: indexWl 0.000499784 s, reserve 0.000563442 s, tripletLoop 0.439061 s, perCbVectors 0.00113104 s
Solo raw MEX directory directory created: /home/lhhung/STAR-suite-bgzf-ingest-benchmark-20260901/jax_cbq_20260905T060936Z/Solo.out/Gene/raw/
Solo timing: mex dir prepared 5.8073e-05 s
Sep 05 06:12:38 ... Writing MEX from inline-hash dedup data
Sep 05 06:12:43 ... Finished writing MEX format:
  /home/lhhung/STAR-suite-bgzf-ingest-benchmark-20260901/jax_cbq_20260905T060936Z/Solo.out/Gene/raw/matrix.mtx
  /home/lhhung/STAR-suite-bgzf-ingest-benchmark-20260901/jax_cbq_20260905T060936Z/Solo.out/Gene/raw/barcodes.tsv
  /home/lhhung/STAR-suite-bgzf-ingest-benchmark-20260901/jax_cbq_20260905T060936Z/Solo.out/Gene/raw/features.tsv
  Cells (CB+TAG combos): 1845225
  Features: 18129
  Entries: 99266019
FlexFilter output directory directory created: /home/lhhung/STAR-suite-bgzf-ingest-benchmark-20260901/jax_cbq_20260905T060936Z/per_sample/
Sep 05 06:12:43 ... Running flexfilter inline (in-memory matrix)...
  Loaded 16 allowed tags with sample labels
FlexFilter: Using per-tag expected cells: 3000 x 16 tags = 48000 total
FlexFilter output directory directory exists and will be overwritten: /home/lhhung/STAR-suite-bgzf-ingest-benchmark-20260901/jax_cbq_20260905T060936Z/per_sample/
Sep 05 06:13:03 ... Flexfilter pipeline complete
  Processed 16 tags
  [BC001] Retain=885 SimpleED=885 TailTested=0 ED_Pass=885 OccRemoved=1 Final=884 Expected=4
FlexFilter filtered MEX directory directory and its parents created: /home/lhhung/STAR-suite-bgzf-ingest-benchmark-20260901/jax_cbq_20260905T060936Z/per_sample/BC001/Gene/filtered/
  BC001 (ACTTTAGG): 884 cells, 916 entries
  [BC002] Retain=15850 SimpleED=4088 TailTested=0 ED_Pass=4088 OccRemoved=2 Final=4086 Expected=656
FlexFilter filtered MEX directory directory and its parents created: /home/lhhung/STAR-suite-bgzf-ingest-benchmark-20260901/jax_cbq_20260905T060936Z/per_sample/BC002/Gene/filtered/
  BC002 (AACGGGAA): 4086 cells, 160939 entries
  [BC003] Retain=3365 SimpleED=3365 TailTested=0 ED_Pass=3365 OccRemoved=1 Final=3364 Expected=24
FlexFilter filtered MEX directory directory and its parents created: /home/lhhung/STAR-suite-bgzf-ingest-benchmark-20260901/jax_cbq_20260905T060936Z/per_sample/BC003/Gene/filtered/
  BC003 (AGTAGGCT): 3364 cells, 6411 entries
  [BC004] Retain=120000 SimpleED=0 TailTested=5019 ED_Pass=4409 OccRemoved=3 Final=4406 Expected=8074
FlexFilter filtered MEX directory directory and its parents created: /home/lhhung/STAR-suite-bgzf-ingest-benchmark-20260901/jax_cbq_20260905T060936Z/per_sample/BC004/Gene/filtered/
  BC004 (ATGTTGAC): 4406 cells, 14938152 entries
  [BC005] Retain=3397 SimpleED=3397 TailTested=0 ED_Pass=3397 OccRemoved=2 Final=3395 Expected=24
FlexFilter filtered MEX directory directory and its parents created: /home/lhhung/STAR-suite-bgzf-ingest-benchmark-20260901/jax_cbq_20260905T060936Z/per_sample/BC005/Gene/filtered/
  BC005 (ACAGACCT): 3395 cells, 6228 entries
  [BC006] Retain=120000 SimpleED=0 TailTested=5879 ED_Pass=5301 OccRemoved=3 Final=5298 Expected=9905
FlexFilter filtered MEX directory directory and its parents created: /home/lhhung/STAR-suite-bgzf-ingest-benchmark-20260901/jax_cbq_20260905T060936Z/per_sample/BC006/Gene/filtered/
  BC006 (ATCCCAAC): 5298 cells, 17874169 entries
  [BC007] Retain=120000 SimpleED=0 TailTested=5815 ED_Pass=5389 OccRemoved=3 Final=5386 Expected=14658
FlexFilter filtered MEX directory directory and its parents created: /home/lhhung/STAR-suite-bgzf-ingest-benchmark-20260901/jax_cbq_20260905T060936Z/per_sample/BC007/Gene/filtered/
  BC007 (AAGTAGAG): 5386 cells, 26969774 entries
  [BC008] Retain=120000 SimpleED=0 TailTested=5750 ED_Pass=5276 OccRemoved=3 Final=5273 Expected=14515
FlexFilter filtered MEX directory directory and its parents created: /home/lhhung/STAR-suite-bgzf-ingest-benchmark-20260901/jax_cbq_20260905T060936Z/per_sample/BC008/Gene/filtered/
  BC008 (AGCTGTGA): 5273 cells, 24585205 entries
  [BC009] Retain=1331 SimpleED=1331 TailTested=0 ED_Pass=1331 OccRemoved=2 Final=1329 Expected=6
FlexFilter filtered MEX directory directory and its parents created: /home/lhhung/STAR-suite-bgzf-ingest-benchmark-20260901/jax_cbq_20260905T060936Z/per_sample/BC009/Gene/filtered/
  BC009 (ACAGTCTG): 1329 cells, 1539 entries
  [BC010] Retain=1125 SimpleED=1125 TailTested=0 ED_Pass=1125 OccRemoved=0 Final=1125 Expected=5
FlexFilter filtered MEX directory directory and its parents created: /home/lhhung/STAR-suite-bgzf-ingest-benchmark-20260901/jax_cbq_20260905T060936Z/per_sample/BC010/Gene/filtered/
  BC010 (AGTGAGTG): 1125 cells, 1189 entries
  [BC011] Retain=3970 SimpleED=3970 TailTested=0 ED_Pass=3970 OccRemoved=1 Final=3969 Expected=24
FlexFilter filtered MEX directory directory and its parents created: /home/lhhung/STAR-suite-bgzf-ingest-benchmark-20260901/jax_cbq_20260905T060936Z/per_sample/BC011/Gene/filtered/
  BC011 (AGAGGCAA): 3969 cells, 6224 entries
  [BC012] Retain=529 SimpleED=529 TailTested=0 ED_Pass=529 OccRemoved=0 Final=529 Expected=2
FlexFilter filtered MEX directory directory and its parents created: /home/lhhung/STAR-suite-bgzf-ingest-benchmark-20260901/jax_cbq_20260905T060936Z/per_sample/BC012/Gene/filtered/
  BC012 (ACTACTCA): 529 cells, 554 entries
  [BC013] Retain=5559 SimpleED=5559 TailTested=0 ED_Pass=5559 OccRemoved=2 Final=5557 Expected=61
FlexFilter filtered MEX directory directory and its parents created: /home/lhhung/STAR-suite-bgzf-ingest-benchmark-20260901/jax_cbq_20260905T060936Z/per_sample/BC013/Gene/filtered/
  BC013 (ATACGTCA): 5557 cells, 15651 entries
  [BC014] Retain=1996 SimpleED=1996 TailTested=0 ED_Pass=1996 OccRemoved=1 Final=1995 Expected=9
FlexFilter filtered MEX directory directory and its parents created: /home/lhhung/STAR-suite-bgzf-ingest-benchmark-20260901/jax_cbq_20260905T060936Z/per_sample/BC014/Gene/filtered/
  BC014 (ATCATGTG): 1995 cells, 2388 entries
  [BC015] Retain=2519 SimpleED=2519 TailTested=0 ED_Pass=2519 OccRemoved=3 Final=2516 Expected=12
FlexFilter filtered MEX directory directory and its parents created: /home/lhhung/STAR-suite-bgzf-ingest-benchmark-20260901/jax_cbq_20260905T060936Z/per_sample/BC015/Gene/filtered/
  BC015 (AACGCCGA): 2516 cells, 3002 entries
  [BC016] Retain=3676 SimpleED=3676 TailTested=0 ED_Pass=3676 OccRemoved=3 Final=3673 Expected=21
FlexFilter filtered MEX directory directory and its parents created: /home/lhhung/STAR-suite-bgzf-ingest-benchmark-20260901/jax_cbq_20260905T060936Z/per_sample/BC016/Gene/filtered/
  BC016 (ATTCGGTT): 3673 cells, 5441 entries
Flex gDNA per-sample metrics directory directory exists and will be overwritten: /home/lhhung/STAR-suite-bgzf-ingest-benchmark-20260901/jax_cbq_20260905T060936Z/per_sample/BC001/Gene/filtered/
Flex gDNA per-sample metrics directory directory exists and will be overwritten: /home/lhhung/STAR-suite-bgzf-ingest-benchmark-20260901/jax_cbq_20260905T060936Z/per_sample/BC002/Gene/filtered/
Flex gDNA per-sample metrics directory directory exists and will be overwritten: /home/lhhung/STAR-suite-bgzf-ingest-benchmark-20260901/jax_cbq_20260905T060936Z/per_sample/BC003/Gene/filtered/
Flex gDNA per-sample metrics directory directory exists and will be overwritten: /home/lhhung/STAR-suite-bgzf-ingest-benchmark-20260901/jax_cbq_20260905T060936Z/per_sample/BC004/Gene/filtered/
Flex gDNA per-sample metrics directory directory exists and will be overwritten: /home/lhhung/STAR-suite-bgzf-ingest-benchmark-20260901/jax_cbq_20260905T060936Z/per_sample/BC005/Gene/filtered/
Flex gDNA per-sample metrics directory directory exists and will be overwritten: /home/lhhung/STAR-suite-bgzf-ingest-benchmark-20260901/jax_cbq_20260905T060936Z/per_sample/BC006/Gene/filtered/
Flex gDNA per-sample metrics directory directory exists and will be overwritten: /home/lhhung/STAR-suite-bgzf-ingest-benchmark-20260901/jax_cbq_20260905T060936Z/per_sample/BC007/Gene/filtered/
Flex gDNA per-sample metrics directory directory exists and will be overwritten: /home/lhhung/STAR-suite-bgzf-ingest-benchmark-20260901/jax_cbq_20260905T060936Z/per_sample/BC008/Gene/filtered/
Flex gDNA per-sample metrics directory directory exists and will be overwritten: /home/lhhung/STAR-suite-bgzf-ingest-benchmark-20260901/jax_cbq_20260905T060936Z/per_sample/BC009/Gene/filtered/
Flex gDNA per-sample metrics directory directory exists and will be overwritten: /home/lhhung/STAR-suite-bgzf-ingest-benchmark-20260901/jax_cbq_20260905T060936Z/per_sample/BC010/Gene/filtered/
Flex gDNA per-sample metrics directory directory exists and will be overwritten: /home/lhhung/STAR-suite-bgzf-ingest-benchmark-20260901/jax_cbq_20260905T060936Z/per_sample/BC011/Gene/filtered/
Flex gDNA per-sample metrics directory directory exists and will be overwritten: /home/lhhung/STAR-suite-bgzf-ingest-benchmark-20260901/jax_cbq_20260905T060936Z/per_sample/BC012/Gene/filtered/
Flex gDNA per-sample metrics directory directory exists and will be overwritten: /home/lhhung/STAR-suite-bgzf-ingest-benchmark-20260901/jax_cbq_20260905T060936Z/per_sample/BC013/Gene/filtered/
Flex gDNA per-sample metrics directory directory exists and will be overwritten: /home/lhhung/STAR-suite-bgzf-ingest-benchmark-20260901/jax_cbq_20260905T060936Z/per_sample/BC014/Gene/filtered/
Flex gDNA per-sample metrics directory directory exists and will be overwritten: /home/lhhung/STAR-suite-bgzf-ingest-benchmark-20260901/jax_cbq_20260905T060936Z/per_sample/BC015/Gene/filtered/
Flex gDNA per-sample metrics directory directory exists and will be overwritten: /home/lhhung/STAR-suite-bgzf-ingest-benchmark-20260901/jax_cbq_20260905T060936Z/per_sample/BC016/Gene/filtered/
Flex gDNA diagnostic: cache_region_metadata_unavailable
Sep 05 06:13:10 ... Finished bucket-parallel Flex collapse
Solo timing: collapseUMIall_fromBuckets 47.0449 s
Sep 05 06:13:10 ... Finished collapsing UMIs (direct hash mode)
Solo timing: countCBgeneUMI 47.0449 s
Sep 05 06:13:10 ... Solo: inline-hash mode completed (skipping legacy output)
Solo timing: processRecords 48.3322 s
Sep 05 06:13:10 ..... finished Solo counting
ALL DONE!
