STAR-suite version=1.8.2
STAR upstream version=2.7.11b
STAR genome compatibility version=2.7.4a
STAR-suite source revision=2ac9f8a74270858dbe418ea4cca8f85efe69d200-dirty
STAR compilation time,server,dir=2026-09-04T11:52:35+00:00 :/mnt/pikachu/STAR-suite-bgzf-opt-20260904/core/legacy/source
STAR git: On branch perf-bgzf-reader ; commit 2ac9f8a74270858dbe418ea4cca8f85efe69d200 ; diff files: 
##### Command Line:
/mnt/pikachu/STAR-suite-bgzf-opt-20260904/core/legacy/source/STAR --runThreadN 32 --genomeDir /home/lhhung/jax_stage_20260903/ref/star_index --soloType CB_UMI_Simple --soloCBstart 1 --soloUMIstart 17 --soloCBlen 16 --soloUMIlen 12 --soloBarcodeReadLength 0 --soloCBwhitelist /home/lhhung/jax_stage_20260903/ref/737K-fixed-rna-profiling.txt --flex yes --soloFlexExpectedCellsPerTag 3000 --soloSampleWhitelist /home/lhhung/jax_stage_20260903/ref/sample_whitelist_full_16.tsv --soloProbeList /home/lhhung/jax_stage_20260903/ref/star_index/flex_probe_artifacts/probe_list.txt --soloSampleProbes /home/lhhung/jax_stage_20260903/ref/probe-barcodes-fixed-rna-profiling-rna.txt --soloSampleProbeOffset 68 --soloFlexAllowedTags /home/lhhung/jax_stage_20260903/ref/sample_whitelist_full_16.tsv --soloFlexOutputPrefix /home/lhhung/jax_gzip_reader_fastpath_confirm_20260904/gzip_noalign_rep1_20260904T115458Z/per_sample --limitIObufferSize 50000000 50000000 --outSJtype None --outSAMtype None --outSAMattributes None --soloFeatures Gene --soloCellFilter None --soloMultiMappers Rescue --soloCBmatchWLtype 1MM_multi_Nbase_pseudocounts --soloUMIfiltering MultiGeneUMI_CR --soloUMIdedup 1MM_CR --soloStrand Unstranded --clipAdapterType CellRanger4 --alignEndsType Local --chimSegmentMin 0 --soloKeysCompat cr --soloSampleSearchNearby no --soloHashScreenFile /home/lhhung/jax_stage_20260903/ref/h01_cache.bin --soloBucketMode ram --soloBucketCount 256 --flexPipeline yes --flexPipelineNTriage 0 --flexPipelineNSolo 0 --flexNoAlign 1 --dynamicThreadInterface 1 --crAssignConsumerThreads -1 --crAssignSearchThreads 1 --outFileNamePrefix /home/lhhung/jax_gzip_reader_fastpath_confirm_20260904/gzip_noalign_rep1_20260904T115458Z/ --readFilesBgzfMode off --readFilesIn /home/lhhung/jax_stage_20260903/fastq/SC2300771_GT23-14630_GATAATACCG-TTTACGTGGT_S5_L001_R2_001.fastq.gz,/home/lhhung/jax_stage_20260903/fastq/SC2300771_GT23-14630_GATAATACCG-TTTACGTGGT_S5_L002_R2_001.fastq.gz,/home/lhhung/jax_stage_20260903/fastq/SC2300771_GT23-14630_GATAATACCG-TTTACGTGGT_S5_L003_R2_001.fastq.gz,/home/lhhung/jax_stage_20260903/fastq/SC2300771_GT23-14630_GATAATACCG-TTTACGTGGT_S5_L004_R2_001.fastq.gz,/home/lhhung/jax_stage_20260903/fastq/SC2300771_GT23-14630_GATAATACCG-TTTACGTGGT_S5_L005_R2_001.fastq.gz,/home/lhhung/jax_stage_20260903/fastq/SC2300771_GT23-14630_GATAATACCG-TTTACGTGGT_S5_L006_R2_001.fastq.gz,/home/lhhung/jax_stage_20260903/fastq/SC2300771_GT23-14630_GATAATACCG-TTTACGTGGT_S5_L007_R2_001.fastq.gz,/home/lhhung/jax_stage_20260903/fastq/SC2300771_GT23-14630_GATAATACCG-TTTACGTGGT_S5_L008_R2_001.fastq.gz /home/lhhung/jax_stage_20260903/fastq/SC2300771_GT23-14630_GATAATACCG-TTTACGTGGT_S5_L001_R1_001.fastq.gz,/home/lhhung/jax_stage_20260903/fastq/SC2300771_GT23-14630_GATAATACCG-TTTACGTGGT_S5_L002_R1_001.fastq.gz,/home/lhhung/jax_stage_20260903/fastq/SC2300771_GT23-14630_GATAATACCG-TTTACGTGGT_S5_L003_R1_001.fastq.gz,/home/lhhung/jax_stage_20260903/fastq/SC2300771_GT23-14630_GATAATACCG-TTTACGTGGT_S5_L004_R1_001.fastq.gz,/home/lhhung/jax_stage_20260903/fastq/SC2300771_GT23-14630_GATAATACCG-TTTACGTGGT_S5_L005_R1_001.fastq.gz,/home/lhhung/jax_stage_20260903/fastq/SC2300771_GT23-14630_GATAATACCG-TTTACGTGGT_S5_L006_R1_001.fastq.gz,/home/lhhung/jax_stage_20260903/fastq/SC2300771_GT23-14630_GATAATACCG-TTTACGTGGT_S5_L007_R1_001.fastq.gz,/home/lhhung/jax_stage_20260903/fastq/SC2300771_GT23-14630_GATAATACCG-TTTACGTGGT_S5_L008_R1_001.fastq.gz
##### Initial USER parameters from Command Line:
outFileNamePrefix                 /home/lhhung/jax_gzip_reader_fastpath_confirm_20260904/gzip_noalign_rep1_20260904T115458Z/
###### All USER parameters from Command Line:
runThreadN                    32     ~RE-DEFINED
genomeDir                     /home/lhhung/jax_stage_20260903/ref/star_index     ~RE-DEFINED
soloType                      CB_UMI_Simple     ~RE-DEFINED
soloCBstart                   1     ~RE-DEFINED
soloUMIstart                  17     ~RE-DEFINED
soloCBlen                     16     ~RE-DEFINED
soloUMIlen                    12     ~RE-DEFINED
soloBarcodeReadLength         0     ~RE-DEFINED
soloCBwhitelist               /home/lhhung/jax_stage_20260903/ref/737K-fixed-rna-profiling.txt        ~RE-DEFINED
flex                          yes     ~RE-DEFINED
soloFlexExpectedCellsPerTag   3000     ~RE-DEFINED
soloSampleWhitelist           /home/lhhung/jax_stage_20260903/ref/sample_whitelist_full_16.tsv     ~RE-DEFINED
soloProbeList                 /home/lhhung/jax_stage_20260903/ref/star_index/flex_probe_artifacts/probe_list.txt     ~RE-DEFINED
soloSampleProbes              /home/lhhung/jax_stage_20260903/ref/probe-barcodes-fixed-rna-profiling-rna.txt     ~RE-DEFINED
soloSampleProbeOffset         68     ~RE-DEFINED
soloFlexAllowedTags           /home/lhhung/jax_stage_20260903/ref/sample_whitelist_full_16.tsv     ~RE-DEFINED
soloFlexOutputPrefix          /home/lhhung/jax_gzip_reader_fastpath_confirm_20260904/gzip_noalign_rep1_20260904T115458Z/per_sample     ~RE-DEFINED
limitIObufferSize             50000000   50000000        ~RE-DEFINED
outSJtype                     None        ~RE-DEFINED
outSAMtype                    None        ~RE-DEFINED
outSAMattributes              None        ~RE-DEFINED
soloFeatures                  Gene        ~RE-DEFINED
soloCellFilter                None        ~RE-DEFINED
soloMultiMappers              Rescue        ~RE-DEFINED
soloCBmatchWLtype             1MM_multi_Nbase_pseudocounts     ~RE-DEFINED
soloUMIfiltering              MultiGeneUMI_CR        ~RE-DEFINED
soloUMIdedup                  1MM_CR        ~RE-DEFINED
soloStrand                    Unstranded     ~RE-DEFINED
clipAdapterType               CellRanger4        ~RE-DEFINED
alignEndsType                 Local     ~RE-DEFINED
chimSegmentMin                0     ~RE-DEFINED
soloKeysCompat                cr     ~RE-DEFINED
soloSampleSearchNearby        no     ~RE-DEFINED
soloHashScreenFile            /home/lhhung/jax_stage_20260903/ref/h01_cache.bin     ~RE-DEFINED
soloBucketMode                ram     ~RE-DEFINED
soloBucketCount               256     ~RE-DEFINED
flexPipeline                  yes     ~RE-DEFINED
flexPipelineNTriage           0     ~RE-DEFINED
flexPipelineNSolo             0     ~RE-DEFINED
flexNoAlign                   1     ~RE-DEFINED
dynamicThreadInterface        1     ~RE-DEFINED
crAssignConsumerThreads       -1     ~RE-DEFINED
crAssignSearchThreads         1     ~RE-DEFINED
outFileNamePrefix             /home/lhhung/jax_gzip_reader_fastpath_confirm_20260904/gzip_noalign_rep1_20260904T115458Z/     ~RE-DEFINED
readFilesBgzfMode             off     ~RE-DEFINED
readFilesIn                   /home/lhhung/jax_stage_20260903/fastq/SC2300771_GT23-14630_GATAATACCG-TTTACGTGGT_S5_L001_R2_001.fastq.gz,/home/lhhung/jax_stage_20260903/fastq/SC2300771_GT23-14630_GATAATACCG-TTTACGTGGT_S5_L002_R2_001.fastq.gz,/home/lhhung/jax_stage_20260903/fastq/SC2300771_GT23-14630_GATAATACCG-TTTACGTGGT_S5_L003_R2_001.fastq.gz,/home/lhhung/jax_stage_20260903/fastq/SC2300771_GT23-14630_GATAATACCG-TTTACGTGGT_S5_L004_R2_001.fastq.gz,/home/lhhung/jax_stage_20260903/fastq/SC2300771_GT23-14630_GATAATACCG-TTTACGTGGT_S5_L005_R2_001.fastq.gz,/home/lhhung/jax_stage_20260903/fastq/SC2300771_GT23-14630_GATAATACCG-TTTACGTGGT_S5_L006_R2_001.fastq.gz,/home/lhhung/jax_stage_20260903/fastq/SC2300771_GT23-14630_GATAATACCG-TTTACGTGGT_S5_L007_R2_001.fastq.gz,/home/lhhung/jax_stage_20260903/fastq/SC2300771_GT23-14630_GATAATACCG-TTTACGTGGT_S5_L008_R2_001.fastq.gz   /home/lhhung/jax_stage_20260903/fastq/SC2300771_GT23-14630_GATAATACCG-TTTACGTGGT_S5_L001_R1_001.fastq.gz,/home/lhhung/jax_stage_20260903/fastq/SC2300771_GT23-14630_GATAATACCG-TTTACGTGGT_S5_L002_R1_001.fastq.gz,/home/lhhung/jax_stage_20260903/fastq/SC2300771_GT23-14630_GATAATACCG-TTTACGTGGT_S5_L003_R1_001.fastq.gz,/home/lhhung/jax_stage_20260903/fastq/SC2300771_GT23-14630_GATAATACCG-TTTACGTGGT_S5_L004_R1_001.fastq.gz,/home/lhhung/jax_stage_20260903/fastq/SC2300771_GT23-14630_GATAATACCG-TTTACGTGGT_S5_L005_R1_001.fastq.gz,/home/lhhung/jax_stage_20260903/fastq/SC2300771_GT23-14630_GATAATACCG-TTTACGTGGT_S5_L006_R1_001.fastq.gz,/home/lhhung/jax_stage_20260903/fastq/SC2300771_GT23-14630_GATAATACCG-TTTACGTGGT_S5_L007_R1_001.fastq.gz,/home/lhhung/jax_stage_20260903/fastq/SC2300771_GT23-14630_GATAATACCG-TTTACGTGGT_S5_L008_R1_001.fastq.gz        ~RE-DEFINED
##### Finished reading parameters from all sources

##### Final user re-defined parameters-----------------:
runThreadN                        32
dynamicThreadInterface            1
genomeDir                         /home/lhhung/jax_stage_20260903/ref/star_index
readFilesIn                       /home/lhhung/jax_stage_20260903/fastq/SC2300771_GT23-14630_GATAATACCG-TTTACGTGGT_S5_L001_R2_001.fastq.gz,/home/lhhung/jax_stage_20260903/fastq/SC2300771_GT23-14630_GATAATACCG-TTTACGTGGT_S5_L002_R2_001.fastq.gz,/home/lhhung/jax_stage_20260903/fastq/SC2300771_GT23-14630_GATAATACCG-TTTACGTGGT_S5_L003_R2_001.fastq.gz,/home/lhhung/jax_stage_20260903/fastq/SC2300771_GT23-14630_GATAATACCG-TTTACGTGGT_S5_L004_R2_001.fastq.gz,/home/lhhung/jax_stage_20260903/fastq/SC2300771_GT23-14630_GATAATACCG-TTTACGTGGT_S5_L005_R2_001.fastq.gz,/home/lhhung/jax_stage_20260903/fastq/SC2300771_GT23-14630_GATAATACCG-TTTACGTGGT_S5_L006_R2_001.fastq.gz,/home/lhhung/jax_stage_20260903/fastq/SC2300771_GT23-14630_GATAATACCG-TTTACGTGGT_S5_L007_R2_001.fastq.gz,/home/lhhung/jax_stage_20260903/fastq/SC2300771_GT23-14630_GATAATACCG-TTTACGTGGT_S5_L008_R2_001.fastq.gz   /home/lhhung/jax_stage_20260903/fastq/SC2300771_GT23-14630_GATAATACCG-TTTACGTGGT_S5_L001_R1_001.fastq.gz,/home/lhhung/jax_stage_20260903/fastq/SC2300771_GT23-14630_GATAATACCG-TTTACGTGGT_S5_L002_R1_001.fastq.gz,/home/lhhung/jax_stage_20260903/fastq/SC2300771_GT23-14630_GATAATACCG-TTTACGTGGT_S5_L003_R1_001.fastq.gz,/home/lhhung/jax_stage_20260903/fastq/SC2300771_GT23-14630_GATAATACCG-TTTACGTGGT_S5_L004_R1_001.fastq.gz,/home/lhhung/jax_stage_20260903/fastq/SC2300771_GT23-14630_GATAATACCG-TTTACGTGGT_S5_L005_R1_001.fastq.gz,/home/lhhung/jax_stage_20260903/fastq/SC2300771_GT23-14630_GATAATACCG-TTTACGTGGT_S5_L006_R1_001.fastq.gz,/home/lhhung/jax_stage_20260903/fastq/SC2300771_GT23-14630_GATAATACCG-TTTACGTGGT_S5_L007_R1_001.fastq.gz,/home/lhhung/jax_stage_20260903/fastq/SC2300771_GT23-14630_GATAATACCG-TTTACGTGGT_S5_L008_R1_001.fastq.gz   
readFilesBgzfMode                 off
limitIObufferSize                 50000000   50000000   
outFileNamePrefix                 /home/lhhung/jax_gzip_reader_fastpath_confirm_20260904/gzip_noalign_rep1_20260904T115458Z/
outSAMtype                        None   
outSAMattributes                  None   
outSJtype                         None   
clipAdapterType                   CellRanger4   
alignEndsType                     Local
chimSegmentMin                    0
soloType                          CB_UMI_Simple
soloCBstart                       1
soloUMIstart                      17
soloCBlen                         16
soloUMIlen                        12
soloBarcodeReadLength             0
soloCBwhitelist                   /home/lhhung/jax_stage_20260903/ref/737K-fixed-rna-profiling.txt   
soloStrand                        Unstranded
soloFeatures                      Gene   
soloUMIdedup                      1MM_CR   
soloCBmatchWLtype                 1MM_multi_Nbase_pseudocounts
soloCellFilter                    None   
soloUMIfiltering                  MultiGeneUMI_CR   
soloMultiMappers                  Rescue   
soloKeysCompat                    cr
soloProbeList                     /home/lhhung/jax_stage_20260903/ref/star_index/flex_probe_artifacts/probe_list.txt
soloSampleWhitelist               /home/lhhung/jax_stage_20260903/ref/sample_whitelist_full_16.tsv
soloSampleProbes                  /home/lhhung/jax_stage_20260903/ref/probe-barcodes-fixed-rna-profiling-rna.txt
soloSampleProbeOffset             68
soloSampleSearchNearby            no
soloBucketMode                    ram
soloBucketCount                   256
soloHashScreenFile                /home/lhhung/jax_stage_20260903/ref/h01_cache.bin
flex                              yes
flexPipeline                      yes
flexPipelineNSolo                 0
flexPipelineNTriage               0
flexNoAlign                       1
soloFlexExpectedCellsPerTag       3000
soloFlexAllowedTags               /home/lhhung/jax_stage_20260903/ref/sample_whitelist_full_16.tsv
soloFlexOutputPrefix              /home/lhhung/jax_gzip_reader_fastpath_confirm_20260904/gzip_noalign_rep1_20260904T115458Z/per_sample
crAssignConsumerThreads           -1
crAssignSearchThreads             1

-------------------------------
##### Final effective command line:
/mnt/pikachu/STAR-suite-bgzf-opt-20260904/core/legacy/source/STAR   --runThreadN 32   --dynamicThreadInterface 1   --genomeDir /home/lhhung/jax_stage_20260903/ref/star_index   --readFilesIn /home/lhhung/jax_stage_20260903/fastq/SC2300771_GT23-14630_GATAATACCG-TTTACGTGGT_S5_L001_R2_001.fastq.gz,/home/lhhung/jax_stage_20260903/fastq/SC2300771_GT23-14630_GATAATACCG-TTTACGTGGT_S5_L002_R2_001.fastq.gz,/home/lhhung/jax_stage_20260903/fastq/SC2300771_GT23-14630_GATAATACCG-TTTACGTGGT_S5_L003_R2_001.fastq.gz,/home/lhhung/jax_stage_20260903/fastq/SC2300771_GT23-14630_GATAATACCG-TTTACGTGGT_S5_L004_R2_001.fastq.gz,/home/lhhung/jax_stage_20260903/fastq/SC2300771_GT23-14630_GATAATACCG-TTTACGTGGT_S5_L005_R2_001.fastq.gz,/home/lhhung/jax_stage_20260903/fastq/SC2300771_GT23-14630_GATAATACCG-TTTACGTGGT_S5_L006_R2_001.fastq.gz,/home/lhhung/jax_stage_20260903/fastq/SC2300771_GT23-14630_GATAATACCG-TTTACGTGGT_S5_L007_R2_001.fastq.gz,/home/lhhung/jax_stage_20260903/fastq/SC2300771_GT23-14630_GATAATACCG-TTTACGTGGT_S5_L008_R2_001.fastq.gz   /home/lhhung/jax_stage_20260903/fastq/SC2300771_GT23-14630_GATAATACCG-TTTACGTGGT_S5_L001_R1_001.fastq.gz,/home/lhhung/jax_stage_20260903/fastq/SC2300771_GT23-14630_GATAATACCG-TTTACGTGGT_S5_L002_R1_001.fastq.gz,/home/lhhung/jax_stage_20260903/fastq/SC2300771_GT23-14630_GATAATACCG-TTTACGTGGT_S5_L003_R1_001.fastq.gz,/home/lhhung/jax_stage_20260903/fastq/SC2300771_GT23-14630_GATAATACCG-TTTACGTGGT_S5_L004_R1_001.fastq.gz,/home/lhhung/jax_stage_20260903/fastq/SC2300771_GT23-14630_GATAATACCG-TTTACGTGGT_S5_L005_R1_001.fastq.gz,/home/lhhung/jax_stage_20260903/fastq/SC2300771_GT23-14630_GATAATACCG-TTTACGTGGT_S5_L006_R1_001.fastq.gz,/home/lhhung/jax_stage_20260903/fastq/SC2300771_GT23-14630_GATAATACCG-TTTACGTGGT_S5_L007_R1_001.fastq.gz,/home/lhhung/jax_stage_20260903/fastq/SC2300771_GT23-14630_GATAATACCG-TTTACGTGGT_S5_L008_R1_001.fastq.gz      --readFilesBgzfMode off   --limitIObufferSize 50000000   50000000      --outFileNamePrefix /home/lhhung/jax_gzip_reader_fastpath_confirm_20260904/gzip_noalign_rep1_20260904T115458Z/   --outSAMtype None      --outSAMattributes None      --outSJtype None      --clipAdapterType CellRanger4      --alignEndsType Local   --chimSegmentMin 0   --soloType CB_UMI_Simple   --soloCBstart 1   --soloUMIstart 17   --soloCBlen 16   --soloUMIlen 12   --soloBarcodeReadLength 0   --soloCBwhitelist /home/lhhung/jax_stage_20260903/ref/737K-fixed-rna-profiling.txt      --soloStrand Unstranded   --soloFeatures Gene      --soloUMIdedup 1MM_CR      --soloCBmatchWLtype 1MM_multi_Nbase_pseudocounts   --soloCellFilter None      --soloUMIfiltering MultiGeneUMI_CR      --soloMultiMappers Rescue      --soloKeysCompat cr   --soloProbeList /home/lhhung/jax_stage_20260903/ref/star_index/flex_probe_artifacts/probe_list.txt   --soloSampleWhitelist /home/lhhung/jax_stage_20260903/ref/sample_whitelist_full_16.tsv   --soloSampleProbes /home/lhhung/jax_stage_20260903/ref/probe-barcodes-fixed-rna-profiling-rna.txt   --soloSampleProbeOffset 68   --soloSampleSearchNearby no   --soloBucketMode ram   --soloBucketCount 256   --soloHashScreenFile /home/lhhung/jax_stage_20260903/ref/h01_cache.bin   --flex yes   --flexPipeline yes   --flexPipelineNSolo 0   --flexPipelineNTriage 0   --flexNoAlign 1   --soloFlexExpectedCellsPerTag 3000   --soloFlexAllowedTags /home/lhhung/jax_stage_20260903/ref/sample_whitelist_full_16.tsv   --soloFlexOutputPrefix /home/lhhung/jax_gzip_reader_fastpath_confirm_20260904/gzip_noalign_rep1_20260904T115458Z/per_sample   --crAssignConsumerThreads -1   --crAssignSearchThreads 1
----------------------------------------

Number of input files for each source = 8
NOTE: .gz Fastx input detected with --readFilesCommand - ; using internal zlib streaming path.
      Set --readFilesLegacyZcat Yes to force legacy external zcat helper mode.
Fastx input path: direct STAR chunk reader

   Input read files for mate 1 :
-rw-r--r-- 1 lhhung lhhung 13706831699 Mar 19 03:28 /home/lhhung/jax_stage_20260903/fastq/SC2300771_GT23-14630_GATAATACCG-TTTACGTGGT_S5_L001_R2_001.fastq.gz
-rw-r--r-- 1 lhhung lhhung 13862762883 Mar 19 02:25 /home/lhhung/jax_stage_20260903/fastq/SC2300771_GT23-14630_GATAATACCG-TTTACGTGGT_S5_L002_R2_001.fastq.gz
-rw-r--r-- 1 lhhung lhhung 13866983827 Mar 19 01:21 /home/lhhung/jax_stage_20260903/fastq/SC2300771_GT23-14630_GATAATACCG-TTTACGTGGT_S5_L003_R2_001.fastq.gz
-rw-r--r-- 1 lhhung lhhung 13952093892 Mar 19 01:37 /home/lhhung/jax_stage_20260903/fastq/SC2300771_GT23-14630_GATAATACCG-TTTACGTGGT_S5_L004_R2_001.fastq.gz
-rw-r--r-- 1 lhhung lhhung 13654188967 Mar 19 04:28 /home/lhhung/jax_stage_20260903/fastq/SC2300771_GT23-14630_GATAATACCG-TTTACGTGGT_S5_L005_R2_001.fastq.gz
-rw-r--r-- 1 lhhung lhhung 13685696283 Mar 19 04:05 /home/lhhung/jax_stage_20260903/fastq/SC2300771_GT23-14630_GATAATACCG-TTTACGTGGT_S5_L006_R2_001.fastq.gz
-rw-r--r-- 1 lhhung lhhung 13747432219 Mar 19 03:32 /home/lhhung/jax_stage_20260903/fastq/SC2300771_GT23-14630_GATAATACCG-TTTACGTGGT_S5_L007_R2_001.fastq.gz
-rw-r--r-- 1 lhhung lhhung 13752035131 Mar 19 02:54 /home/lhhung/jax_stage_20260903/fastq/SC2300771_GT23-14630_GATAATACCG-TTTACGTGGT_S5_L008_R2_001.fastq.gz
NOTE: mate 1 using internal gzip FIFO helper: /home/lhhung/jax_gzip_reader_fastpath_confirm_20260904/gzip_noalign_rep1_20260904T115458Z/_STARtmp/tmp.fifo.read1

   Input read files for mate 2 :
-rw-r--r-- 1 lhhung lhhung 5016524459 Mar 19 05:14 /home/lhhung/jax_stage_20260903/fastq/SC2300771_GT23-14630_GATAATACCG-TTTACGTGGT_S5_L001_R1_001.fastq.gz
-rw-r--r-- 1 lhhung lhhung 5079324441 Mar 19 04:53 /home/lhhung/jax_stage_20260903/fastq/SC2300771_GT23-14630_GATAATACCG-TTTACGTGGT_S5_L002_R1_001.fastq.gz
-rw-r--r-- 1 lhhung lhhung 5102315314 Mar 19 04:33 /home/lhhung/jax_stage_20260903/fastq/SC2300771_GT23-14630_GATAATACCG-TTTACGTGGT_S5_L003_R1_001.fastq.gz
-rw-r--r-- 1 lhhung lhhung 5152374408 Mar 19 03:47 /home/lhhung/jax_stage_20260903/fastq/SC2300771_GT23-14630_GATAATACCG-TTTACGTGGT_S5_L004_R1_001.fastq.gz
-rw-r--r-- 1 lhhung lhhung 5101902583 Mar 19 04:52 /home/lhhung/jax_stage_20260903/fastq/SC2300771_GT23-14630_GATAATACCG-TTTACGTGGT_S5_L005_R1_001.fastq.gz
-rw-r--r-- 1 lhhung lhhung 5111881702 Mar 19 04:40 /home/lhhung/jax_stage_20260903/fastq/SC2300771_GT23-14630_GATAATACCG-TTTACGTGGT_S5_L006_R1_001.fastq.gz
-rw-r--r-- 1 lhhung lhhung 5118982978 Mar 19 04:09 /home/lhhung/jax_stage_20260903/fastq/SC2300771_GT23-14630_GATAATACCG-TTTACGTGGT_S5_L007_R1_001.fastq.gz
-rw-r--r-- 1 lhhung lhhung 5079096873 Mar 19 05:02 /home/lhhung/jax_stage_20260903/fastq/SC2300771_GT23-14630_GATAATACCG-TTTACGTGGT_S5_L008_R1_001.fastq.gz
NOTE: mate 2 using internal gzip FIFO helper: /home/lhhung/jax_gzip_reader_fastpath_confirm_20260904/gzip_noalign_rep1_20260904T115458Z/_STARtmp/tmp.fifo.read2
WARNING: --soloCbUbRequireTogether is DEPRECATED and will be ignored. CB and UB tags are now always handled independently.
--flex yes: Enabled Flex pipeline with production defaults
    soloRunFlexFilter=yes
    soloInlineCBCorrection=no
    soloInlineHashMode=yes (enabled)
    soloFlexMinimalMemory=yes
    soloMapqMode=off (enum=0)
    soloMMrateMax=0.1
    soloBarcodesObservedOnly=yes
    soloUMICorrection=clique
Flex gDNA diagnostic: probe metadata loaded from /home/lhhung/jax_stage_20260903/ref/star_index/flex_probe_artifacts/filtered_probe_set.csv (probes=53459, control_genes=5876)
H0/H1 hash screen: enabled with cache /home/lhhung/jax_stage_20260903/ref/h01_cache.bin (8874194 records, format v2)
Flex gDNA diagnostic: active H0/H1 cache lacks probe-region metadata; mapping remains enabled but the diagnostic will be reported unavailable
Flex mode: Using probe list: /home/lhhung/jax_stage_20260903/ref/star_index/flex_probe_artifacts/probe_list.txt
Number of CBs in the whitelist = 737280
Flex streaming CB buckets: active (ram, 256 buckets, memory budget 32 GiB, async merge workers 2, fan-in 64)
Built cbWLhash: 737280 entries, 2097152 buckets
Initialized CbCorrector with 737280 CBs
CbCorrector initialization verified: whitelistSize=737280
Skipping legacy ambiguousCbByKey precompute (set STAR_BUILD_LEGACY_AMBIG_HASH=1 to enable).
Sep 04 11:55:11 ... Finished reading, sorting and deduplicating CB whitelist sequences.
clip3pPolyG: auto => enabled
Finished loading and checking parameters
Flex count-only no-genome: active
Flex count-only no-genome: hash cache /home/lhhung/jax_stage_20260903/ref/h01_cache.bin
Flex pipeline: runThreadN=32, nLanes=8, triage=0 (fully fused + lane steal + role switch), soloConsumers=0, fusedThreads=32, dedicatedWorkers=0, noAlign=ON (alignment skipped), noGenome=ON
Flex shared ambiguous store: active for fully fused no-genome hash records
  32 fused no-genome threads started
PIPELINE_STATS t=10s total=49152000 keep=41144319 deny=347701 sampleReject=3923342 miss=3736638 readerQ=0 soloQ=n/a alignQ=0 delta10s=49152000
PIPELINE_STATS t=20s total=98828288 keep=82940137 deny=686000 sampleReject=7744239 miss=7457912 readerQ=0 soloQ=n/a alignQ=0 delta10s=49676288
PIPELINE_STATS t=30s total=149159936 keep=125346497 deny=1031308 sampleReject=11544591 miss=11237540 readerQ=0 soloQ=n/a alignQ=0 delta10s=50331648
PIPELINE_STATS t=40s total=199688192 keep=167990908 deny=1373632 sampleReject=15295457 miss=15028195 readerQ=0 soloQ=n/a alignQ=0 delta10s=50528256
PIPELINE_STATS t=50s total=250281984 keep=210735626 deny=1718761 sampleReject=19010208 miss=18817389 readerQ=0 soloQ=n/a alignQ=0 delta10s=50593792
PIPELINE_STATS t=60s total=301006848 keep=253616237 deny=2063654 sampleReject=22696681 miss=22630276 readerQ=0 soloQ=n/a alignQ=0 delta10s=50724864
PIPELINE_STATS t=70s total=351666176 keep=296455354 deny=2407112 sampleReject=26371300 miss=26432410 readerQ=0 soloQ=n/a alignQ=0 delta10s=50659328
PIPELINE_STATS t=80s total=401997824 keep=338885170 deny=2759036 sampleReject=30082672 miss=30270946 readerQ=0 soloQ=n/a alignQ=0 delta10s=50331648
PIPELINE_STATS t=90s total=451608576 keep=380501435 deny=3115092 sampleReject=33831660 miss=34160389 readerQ=0 soloQ=n/a alignQ=0 delta10s=49610752
PIPELINE_STATS t=100s total=500498432 keep=421360719 deny=3470380 sampleReject=37572667 miss=38094666 readerQ=0 soloQ=n/a alignQ=0 delta10s=48889856
PIPELINE_STATS t=110s total=549126144 keep=461854374 deny=3843753 sampleReject=41433428 miss=41994589 readerQ=0 soloQ=n/a alignQ=0 delta10s=48627712
PIPELINE_STATS t=120s total=598409216 keep=503117904 deny=4223923 sampleReject=45259772 miss=45807617 readerQ=0 soloQ=n/a alignQ=0 delta10s=49283072
PIPELINE_STATS t=130s total=647888896 keep=544674315 deny=4598021 sampleReject=49023642 miss=49592918 readerQ=0 soloQ=n/a alignQ=0 delta10s=49479680
PIPELINE_STATS t=140s total=697892864 keep=586762161 deny=4970029 sampleReject=52756270 miss=53404404 readerQ=0 soloQ=n/a alignQ=0 delta10s=50003968
PIPELINE_STATS t=150s total=748093440 keep=629069273 deny=5346214 sampleReject=56449014 miss=57228939 readerQ=0 soloQ=n/a alignQ=0 delta10s=50200576
PIPELINE_STATS t=160s total=798228480 keep=671381568 deny=5717081 sampleReject=60106936 miss=61022895 readerQ=0 soloQ=n/a alignQ=0 delta10s=50135040
PIPELINE_STATS t=170s total=848625664 keep=714000143 deny=6083399 sampleReject=63740164 miss=64801958 readerQ=0 soloQ=n/a alignQ=0 delta10s=50397184
PIPELINE_STATS t=180s total=899547136 keep=757109428 deny=6450269 sampleReject=67382903 miss=68604536 readerQ=0 soloQ=n/a alignQ=0 delta10s=50921472
PIPELINE_STATS t=190s total=950599680 keep=800353476 deny=6807033 sampleReject=71031240 miss=72407931 readerQ=0 soloQ=n/a alignQ=0 delta10s=51052544
PIPELINE_STATS t=200s total=1001652224 keep=843606703 deny=7155380 sampleReject=74674469 miss=76215672 readerQ=0 soloQ=n/a alignQ=0 delta10s=51052544
PIPELINE_STATS t=210s total=1051852800 keep=885775327 deny=7513816 sampleReject=78454319 miss=80109338 readerQ=0 soloQ=n/a alignQ=0 delta10s=50200576
PIPELINE_STATS t=220s total=1098776576 keep=924037853 deny=7988599 sampleReject=82539717 miss=84210407 readerQ=0 soloQ=n/a alignQ=0 delta10s=46923776
PIPELINE_STATS t=230s total=1146159104 keep=962879137 deny=8460987 sampleReject=86509874 miss=88309106 readerQ=0 soloQ=n/a alignQ=0 delta10s=47382528
PIPELINE_STATS t=240s total=1193410560 keep=1001852938 deny=8914526 sampleReject=90337809 miss=92305287 readerQ=0 soloQ=n/a alignQ=0 delta10s=47251456
PIPELINE_STATS t=250s total=1241251840 keep=1041246364 deny=9395266 sampleReject=94128101 miss=96482109 readerQ=0 soloQ=n/a alignQ=0 delta10s=47841280
PIPELINE_STATS t=260s total=1289289728 keep=1080799551 deny=9840908 sampleReject=97873207 miss=100776062 readerQ=0 soloQ=n/a alignQ=0 delta10s=48037888
PIPELINE_STATS t=270s total=1337655296 keep=1121084975 deny=10280675 sampleReject=101614645 miss=104675001 readerQ=0 soloQ=n/a alignQ=0 delta10s=48365568
PIPELINE_STATS t=280s total=1386086400 keep=1161555406 deny=10721259 sampleReject=105270296 miss=108539439 readerQ=0 soloQ=n/a alignQ=0 delta10s=48431104
PIPELINE_STATS t=290s total=1434976256 keep=1202491323 deny=11132691 sampleReject=108933770 miss=112418472 readerQ=0 soloQ=n/a alignQ=0 delta10s=48889856
PIPELINE_STATS t=300s total=1483603968 keep=1243163523 deny=11538193 sampleReject=112600585 miss=116301667 readerQ=0 soloQ=n/a alignQ=0 delta10s=48627712
PIPELINE_STATS t=310s total=1531248640 keep=1282597896 deny=11955003 sampleReject=116430090 miss=120265651 readerQ=0 soloQ=n/a alignQ=0 delta10s=47644672
PIPELINE_STATS t=320s total=1579876352 keep=1322678221 deny=12368022 sampleReject=120469171 miss=124360938 readerQ=0 soloQ=n/a alignQ=0 delta10s=48627712
PIPELINE_STATS t=330s total=1628438528 keep=1362671395 deny=12779336 sampleReject=124236729 miss=128751068 readerQ=0 soloQ=n/a alignQ=0 delta10s=48562176
PIPELINE_STATS t=340s total=1677721600 keep=1403486108 deny=13221859 sampleReject=127995051 miss=133018582 readerQ=0 soloQ=n/a alignQ=0 delta10s=49283072
PIPELINE_STATS t=350s total=1727070208 keep=1444821120 deny=13634283 sampleReject=131698793 miss=136916012 readerQ=0 soloQ=n/a alignQ=0 delta10s=49348608
PIPELINE_STATS t=360s total=1776287744 keep=1486074778 deny=14037502 sampleReject=135399142 miss=140776322 readerQ=0 soloQ=n/a alignQ=0 delta10s=49217536
PIPELINE_STATS t=370s total=1825636352 keep=1527474725 deny=14484691 sampleReject=139023602 miss=144653334 readerQ=0 soloQ=n/a alignQ=0 delta10s=49348608
PIPELINE_STATS t=380s total=1874722816 keep=1568664037 deny=14888628 sampleReject=142643476 miss=148526675 readerQ=0 soloQ=n/a alignQ=0 delta10s=49086464
PIPELINE_STATS t=390s total=1923153920 keep=1609063713 deny=15305859 sampleReject=146332645 miss=152451703 readerQ=0 soloQ=n/a alignQ=0 delta10s=48431104
PIPELINE_STATS t=400s total=1970601984 keep=1648347177 deny=15733774 sampleReject=150061732 miss=156459301 readerQ=0 soloQ=n/a alignQ=0 delta10s=47448064
PIPELINE_STATS t=410s total=2009903239 keep=1680468271 deny=16099749 sampleReject=153373751 miss=159961468 readerQ=0 soloQ=n/a alignQ=0 delta10s=39301255
  All fused no-genome threads joined
  Stats reporter joined
Flex pipeline complete: total=2011130186, triageKeep=1681459858, triageDeny=16111757, sampleReject=153486035, triageMiss=160072536
  Lane 0: 251189625 reads
  Lane 1: 254280823 reads
  Lane 2: 253814000 reads
  Lane 3: 254819710 reads
  Lane 4: 247421226 reads
  Lane 5: 248719891 reads
  Lane 6: 249909554 reads
  Lane 7: 250975357 reads
Sep 04 12:02:11 ..... finished mapping
RAM after mapping:
VmPeak:	26259340 kB; VmSize:	25956120 kB; VmHWM:	25291328 kB; VmRSS:	25291328 kB; 
Sep 04 12:02:11 ..... started Solo counting
Sep 04 12:02:11 ... Starting Solo post-map for Gene
Solo timing: sumThreads adopt shared ambiguous 1.1753 s (2627928 entries)
Solo timing: sumThreads flush 0.582881 s, merge 3.3748e-05 s, stats 5.261e-06 s, counts 0.012107 s, release 0.000478924 s
Sep 04 12:02:13 ... Starting bucket-parallel Flex collapse
[AMBIG-CB-RESOLVE] pending=2627928 resolved=2082829 resolved_observations=30428806 still_ambiguous=545099 added_to_hash=30428806
Solo timing: pre-loop: resolveAmbiguous 4.53789 s, flushSegments 0.0186982 s, finalizeStore 0.00136206 s, geneIds+allowed 0.00053932 s
Solo timing: bucket loop wall 8.23232 s; thread-seconds load 24.5499, kway_merge 68.1365, compact 6.72544, umi_correct 138.687, molecules 147.273, emit 2.39261
Solo timing: bucket fan-in 0.794419 s
[CB-BUCKET] backend=ram transitioned=no streamed_records=1657428453 aggregated_counts=1657428453 final_molecules=226092712 buckets=256 tail_threads=32 async_merges=6213 async_merged_records=1626569951
Found 694617 unique CBs and 99266019 (CB, gene, tag) groups
Found 1845225 unique (CB, TAG) combinations
  Genes: 18129, Entries: 99266019
Solo timing: post-fan-in setup: indexWl 0.000414449 s, reserve 0.000458598 s, tripletLoop 0.437356 s, perCbVectors 0.00110669 s
Solo raw MEX directory directory created: /home/lhhung/jax_gzip_reader_fastpath_confirm_20260904/gzip_noalign_rep1_20260904T115458Z/Solo.out/Gene/raw/
Solo timing: mex dir prepared 5.484e-05 s
Sep 04 12:02:27 ... Writing MEX from inline-hash dedup data
Sep 04 12:02:32 ... Finished writing MEX format:
  /home/lhhung/jax_gzip_reader_fastpath_confirm_20260904/gzip_noalign_rep1_20260904T115458Z/Solo.out/Gene/raw/matrix.mtx
  /home/lhhung/jax_gzip_reader_fastpath_confirm_20260904/gzip_noalign_rep1_20260904T115458Z/Solo.out/Gene/raw/barcodes.tsv
  /home/lhhung/jax_gzip_reader_fastpath_confirm_20260904/gzip_noalign_rep1_20260904T115458Z/Solo.out/Gene/raw/features.tsv
  Cells (CB+TAG combos): 1845225
  Features: 18129
  Entries: 99266019
FlexFilter output directory directory created: /home/lhhung/jax_gzip_reader_fastpath_confirm_20260904/gzip_noalign_rep1_20260904T115458Z/per_sample/
Sep 04 12:02:32 ... Running flexfilter inline (in-memory matrix)...
  Loaded 16 allowed tags with sample labels
FlexFilter: Using per-tag expected cells: 3000 x 16 tags = 48000 total
FlexFilter output directory directory exists and will be overwritten: /home/lhhung/jax_gzip_reader_fastpath_confirm_20260904/gzip_noalign_rep1_20260904T115458Z/per_sample/
Sep 04 12:02:52 ... Flexfilter pipeline complete
  Processed 16 tags
  [BC001] Retain=885 SimpleED=885 TailTested=0 ED_Pass=885 OccRemoved=1 Final=884 Expected=4
FlexFilter filtered MEX directory directory and its parents created: /home/lhhung/jax_gzip_reader_fastpath_confirm_20260904/gzip_noalign_rep1_20260904T115458Z/per_sample/BC001/Gene/filtered/
  BC001 (ACTTTAGG): 884 cells, 916 entries
  [BC002] Retain=15850 SimpleED=4088 TailTested=0 ED_Pass=4088 OccRemoved=2 Final=4086 Expected=656
FlexFilter filtered MEX directory directory and its parents created: /home/lhhung/jax_gzip_reader_fastpath_confirm_20260904/gzip_noalign_rep1_20260904T115458Z/per_sample/BC002/Gene/filtered/
  BC002 (AACGGGAA): 4086 cells, 160939 entries
  [BC003] Retain=3365 SimpleED=3365 TailTested=0 ED_Pass=3365 OccRemoved=1 Final=3364 Expected=24
FlexFilter filtered MEX directory directory and its parents created: /home/lhhung/jax_gzip_reader_fastpath_confirm_20260904/gzip_noalign_rep1_20260904T115458Z/per_sample/BC003/Gene/filtered/
  BC003 (AGTAGGCT): 3364 cells, 6411 entries
  [BC004] Retain=120000 SimpleED=0 TailTested=5019 ED_Pass=4409 OccRemoved=3 Final=4406 Expected=8074
FlexFilter filtered MEX directory directory and its parents created: /home/lhhung/jax_gzip_reader_fastpath_confirm_20260904/gzip_noalign_rep1_20260904T115458Z/per_sample/BC004/Gene/filtered/
  BC004 (ATGTTGAC): 4406 cells, 14938152 entries
  [BC005] Retain=3397 SimpleED=3397 TailTested=0 ED_Pass=3397 OccRemoved=2 Final=3395 Expected=24
FlexFilter filtered MEX directory directory and its parents created: /home/lhhung/jax_gzip_reader_fastpath_confirm_20260904/gzip_noalign_rep1_20260904T115458Z/per_sample/BC005/Gene/filtered/
  BC005 (ACAGACCT): 3395 cells, 6228 entries
  [BC006] Retain=120000 SimpleED=0 TailTested=5879 ED_Pass=5301 OccRemoved=3 Final=5298 Expected=9905
FlexFilter filtered MEX directory directory and its parents created: /home/lhhung/jax_gzip_reader_fastpath_confirm_20260904/gzip_noalign_rep1_20260904T115458Z/per_sample/BC006/Gene/filtered/
  BC006 (ATCCCAAC): 5298 cells, 17874169 entries
  [BC007] Retain=120000 SimpleED=0 TailTested=5815 ED_Pass=5389 OccRemoved=3 Final=5386 Expected=14658
FlexFilter filtered MEX directory directory and its parents created: /home/lhhung/jax_gzip_reader_fastpath_confirm_20260904/gzip_noalign_rep1_20260904T115458Z/per_sample/BC007/Gene/filtered/
  BC007 (AAGTAGAG): 5386 cells, 26969774 entries
  [BC008] Retain=120000 SimpleED=0 TailTested=5750 ED_Pass=5276 OccRemoved=3 Final=5273 Expected=14515
FlexFilter filtered MEX directory directory and its parents created: /home/lhhung/jax_gzip_reader_fastpath_confirm_20260904/gzip_noalign_rep1_20260904T115458Z/per_sample/BC008/Gene/filtered/
  BC008 (AGCTGTGA): 5273 cells, 24585205 entries
  [BC009] Retain=1331 SimpleED=1331 TailTested=0 ED_Pass=1331 OccRemoved=2 Final=1329 Expected=6
FlexFilter filtered MEX directory directory and its parents created: /home/lhhung/jax_gzip_reader_fastpath_confirm_20260904/gzip_noalign_rep1_20260904T115458Z/per_sample/BC009/Gene/filtered/
  BC009 (ACAGTCTG): 1329 cells, 1539 entries
  [BC010] Retain=1125 SimpleED=1125 TailTested=0 ED_Pass=1125 OccRemoved=0 Final=1125 Expected=5
FlexFilter filtered MEX directory directory and its parents created: /home/lhhung/jax_gzip_reader_fastpath_confirm_20260904/gzip_noalign_rep1_20260904T115458Z/per_sample/BC010/Gene/filtered/
  BC010 (AGTGAGTG): 1125 cells, 1189 entries
  [BC011] Retain=3970 SimpleED=3970 TailTested=0 ED_Pass=3970 OccRemoved=1 Final=3969 Expected=24
FlexFilter filtered MEX directory directory and its parents created: /home/lhhung/jax_gzip_reader_fastpath_confirm_20260904/gzip_noalign_rep1_20260904T115458Z/per_sample/BC011/Gene/filtered/
  BC011 (AGAGGCAA): 3969 cells, 6224 entries
  [BC012] Retain=529 SimpleED=529 TailTested=0 ED_Pass=529 OccRemoved=0 Final=529 Expected=2
FlexFilter filtered MEX directory directory and its parents created: /home/lhhung/jax_gzip_reader_fastpath_confirm_20260904/gzip_noalign_rep1_20260904T115458Z/per_sample/BC012/Gene/filtered/
  BC012 (ACTACTCA): 529 cells, 554 entries
  [BC013] Retain=5559 SimpleED=5559 TailTested=0 ED_Pass=5559 OccRemoved=2 Final=5557 Expected=61
FlexFilter filtered MEX directory directory and its parents created: /home/lhhung/jax_gzip_reader_fastpath_confirm_20260904/gzip_noalign_rep1_20260904T115458Z/per_sample/BC013/Gene/filtered/
  BC013 (ATACGTCA): 5557 cells, 15651 entries
  [BC014] Retain=1996 SimpleED=1996 TailTested=0 ED_Pass=1996 OccRemoved=1 Final=1995 Expected=9
FlexFilter filtered MEX directory directory and its parents created: /home/lhhung/jax_gzip_reader_fastpath_confirm_20260904/gzip_noalign_rep1_20260904T115458Z/per_sample/BC014/Gene/filtered/
  BC014 (ATCATGTG): 1995 cells, 2388 entries
  [BC015] Retain=2519 SimpleED=2519 TailTested=0 ED_Pass=2519 OccRemoved=3 Final=2516 Expected=12
FlexFilter filtered MEX directory directory and its parents created: /home/lhhung/jax_gzip_reader_fastpath_confirm_20260904/gzip_noalign_rep1_20260904T115458Z/per_sample/BC015/Gene/filtered/
  BC015 (AACGCCGA): 2516 cells, 3002 entries
  [BC016] Retain=3676 SimpleED=3676 TailTested=0 ED_Pass=3676 OccRemoved=3 Final=3673 Expected=21
FlexFilter filtered MEX directory directory and its parents created: /home/lhhung/jax_gzip_reader_fastpath_confirm_20260904/gzip_noalign_rep1_20260904T115458Z/per_sample/BC016/Gene/filtered/
  BC016 (ATTCGGTT): 3673 cells, 5441 entries
Flex gDNA per-sample metrics directory directory exists and will be overwritten: /home/lhhung/jax_gzip_reader_fastpath_confirm_20260904/gzip_noalign_rep1_20260904T115458Z/per_sample/BC001/Gene/filtered/
Flex gDNA per-sample metrics directory directory exists and will be overwritten: /home/lhhung/jax_gzip_reader_fastpath_confirm_20260904/gzip_noalign_rep1_20260904T115458Z/per_sample/BC002/Gene/filtered/
Flex gDNA per-sample metrics directory directory exists and will be overwritten: /home/lhhung/jax_gzip_reader_fastpath_confirm_20260904/gzip_noalign_rep1_20260904T115458Z/per_sample/BC003/Gene/filtered/
Flex gDNA per-sample metrics directory directory exists and will be overwritten: /home/lhhung/jax_gzip_reader_fastpath_confirm_20260904/gzip_noalign_rep1_20260904T115458Z/per_sample/BC004/Gene/filtered/
Flex gDNA per-sample metrics directory directory exists and will be overwritten: /home/lhhung/jax_gzip_reader_fastpath_confirm_20260904/gzip_noalign_rep1_20260904T115458Z/per_sample/BC005/Gene/filtered/
Flex gDNA per-sample metrics directory directory exists and will be overwritten: /home/lhhung/jax_gzip_reader_fastpath_confirm_20260904/gzip_noalign_rep1_20260904T115458Z/per_sample/BC006/Gene/filtered/
Flex gDNA per-sample metrics directory directory exists and will be overwritten: /home/lhhung/jax_gzip_reader_fastpath_confirm_20260904/gzip_noalign_rep1_20260904T115458Z/per_sample/BC007/Gene/filtered/
Flex gDNA per-sample metrics directory directory exists and will be overwritten: /home/lhhung/jax_gzip_reader_fastpath_confirm_20260904/gzip_noalign_rep1_20260904T115458Z/per_sample/BC008/Gene/filtered/
Flex gDNA per-sample metrics directory directory exists and will be overwritten: /home/lhhung/jax_gzip_reader_fastpath_confirm_20260904/gzip_noalign_rep1_20260904T115458Z/per_sample/BC009/Gene/filtered/
Flex gDNA per-sample metrics directory directory exists and will be overwritten: /home/lhhung/jax_gzip_reader_fastpath_confirm_20260904/gzip_noalign_rep1_20260904T115458Z/per_sample/BC010/Gene/filtered/
Flex gDNA per-sample metrics directory directory exists and will be overwritten: /home/lhhung/jax_gzip_reader_fastpath_confirm_20260904/gzip_noalign_rep1_20260904T115458Z/per_sample/BC011/Gene/filtered/
Flex gDNA per-sample metrics directory directory exists and will be overwritten: /home/lhhung/jax_gzip_reader_fastpath_confirm_20260904/gzip_noalign_rep1_20260904T115458Z/per_sample/BC012/Gene/filtered/
Flex gDNA per-sample metrics directory directory exists and will be overwritten: /home/lhhung/jax_gzip_reader_fastpath_confirm_20260904/gzip_noalign_rep1_20260904T115458Z/per_sample/BC013/Gene/filtered/
Flex gDNA per-sample metrics directory directory exists and will be overwritten: /home/lhhung/jax_gzip_reader_fastpath_confirm_20260904/gzip_noalign_rep1_20260904T115458Z/per_sample/BC014/Gene/filtered/
Flex gDNA per-sample metrics directory directory exists and will be overwritten: /home/lhhung/jax_gzip_reader_fastpath_confirm_20260904/gzip_noalign_rep1_20260904T115458Z/per_sample/BC015/Gene/filtered/
Flex gDNA per-sample metrics directory directory exists and will be overwritten: /home/lhhung/jax_gzip_reader_fastpath_confirm_20260904/gzip_noalign_rep1_20260904T115458Z/per_sample/BC016/Gene/filtered/
Flex gDNA diagnostic: cache_region_metadata_unavailable
Sep 04 12:02:59 ... Finished bucket-parallel Flex collapse
Solo timing: collapseUMIall_fromBuckets 46.4118 s
Sep 04 12:02:59 ... Finished collapsing UMIs (direct hash mode)
Solo timing: countCBgeneUMI 46.4118 s
Sep 04 12:02:59 ... Solo: inline-hash mode completed (skipping legacy output)
Solo timing: processRecords 47.6698 s
Sep 04 12:02:59 ..... finished Solo counting
ALL DONE!
